Archive member included to satisfy reference by file (symbol)

.\CortexM0\ARM_GCC_541\Debug\PathController.a(LED4.o)
                              .\CortexM0\ARM_GCC_541\Debug\main.o (LED4_Write)
.\CortexM0\ARM_GCC_541\Debug\PathController.a(LED3.o)
                              .\CortexM0\ARM_GCC_541\Debug\main.o (LED3_Write)
.\CortexM0\ARM_GCC_541\Debug\PathController.a(LED2.o)
                              .\CortexM0\ARM_GCC_541\Debug\main.o (LED2_Write)
.\CortexM0\ARM_GCC_541\Debug\PathController.a(LED1.o)
                              .\CortexM0\ARM_GCC_541\Debug\main.o (LED1_Write)
.\CortexM0\ARM_GCC_541\Debug\PathController.a(LED0.o)
                              .\CortexM0\ARM_GCC_541\Debug\main.o (LED0_Write)
.\CortexM0\ARM_GCC_541\Debug\PathController.a(LED5.o)
                              .\CortexM0\ARM_GCC_541\Debug\main.o (LED5_Write)
.\CortexM0\ARM_GCC_541\Debug\PathController.a(CyLib.o)
                              .\CortexM0\ARM_GCC_541\Debug\Cm0Start.o (CyHalt)
.\CortexM0\ARM_GCC_541\Debug\PathController.a(CyLFClk.o)
                              .\CortexM0\ARM_GCC_541\Debug\cyfitter_cfg.o (CySysClkWcoStart)
.\CortexM0\ARM_GCC_541\Debug\PathController.a(UART_DBG.o)
                              .\CortexM0\ARM_GCC_541\Debug\main.o (UART_DBG_Start)
.\CortexM0\ARM_GCC_541\Debug\PathController.a(UART_DBG_SPI_UART.o)
                              .\CortexM0\ARM_GCC_541\Debug\main.o (UART_DBG_SpiUartWriteTxData)
.\CortexM0\ARM_GCC_541\Debug\PathController.a(UART_DBG_UART.o)
                              .\CortexM0\ARM_GCC_541\Debug\PathController.a(UART_DBG.o) (UART_DBG_UartInit)
.\CortexM0\ARM_GCC_541\Debug\PathController.a(UART_DBG_SCB_IRQ.o)
                              .\CortexM0\ARM_GCC_541\Debug\main.o (UART_DBG_SCB_IRQ_Start)
.\CortexM0\ARM_GCC_541\Debug\PathController.a(LED6.o)
                              .\CortexM0\ARM_GCC_541\Debug\main.o (LED6_Write)
.\CortexM0\ARM_GCC_541\Debug\PathController.a(WDT_ISR.o)
                              .\CortexM0\ARM_GCC_541\Debug\main.o (WDT_ISR_Start)
.\CortexM0\ARM_GCC_541\Debug\PathController.a(UART_GPS.o)
                              .\CortexM0\ARM_GCC_541\Debug\main.o (UART_GPS_Start)
.\CortexM0\ARM_GCC_541\Debug\PathController.a(UART_GPS_UART.o)
                              .\CortexM0\ARM_GCC_541\Debug\PathController.a(UART_GPS.o) (UART_GPS_UartInit)
.\CortexM0\ARM_GCC_541\Debug\PathController.a(UART_FC.o)
                              .\CortexM0\ARM_GCC_541\Debug\main.o (UART_FC_Start)
.\CortexM0\ARM_GCC_541\Debug\PathController.a(UART_FC_SPI_UART.o)
                              .\CortexM0\ARM_GCC_541\Debug\main.o (UART_FC_SpiUartWriteTxData)
.\CortexM0\ARM_GCC_541\Debug\PathController.a(UART_FC_UART.o)
                              .\CortexM0\ARM_GCC_541\Debug\PathController.a(UART_FC.o) (UART_FC_UartInit)
.\CortexM0\ARM_GCC_541\Debug\PathController.a(UART_GPS_SCB_IRQ.o)
                              .\CortexM0\ARM_GCC_541\Debug\main.o (UART_GPS_SCB_IRQ_Start)
.\CortexM0\ARM_GCC_541\Debug\PathController.a(UART_FC_SCB_IRQ.o)
                              .\CortexM0\ARM_GCC_541\Debug\main.o (UART_FC_SCB_IRQ_Start)
.\CortexM0\ARM_GCC_541\Debug\PathController.a(CyBootAsmGnu.o)
                              .\CortexM0\ARM_GCC_541\Debug\cyfitter_cfg.o (CyDelayCycles)
.\CortexM0\ARM_GCC_541\Debug\PathController.a(CyFlash.o)
                              .\CortexM0\ARM_GCC_541\Debug\PathController.a(CyLib.o) (CySysFlashSetWaitCycles)
.\CortexM0\ARM_GCC_541\Debug\PathController.a(UART_DBG_SPI_UART_INT.o)
                              .\CortexM0\ARM_GCC_541\Debug\PathController.a(UART_DBG_UART.o) (UART_DBG_SPI_UART_ISR)
.\CortexM0\ARM_GCC_541\Debug\PathController.a(UART_GPS_SPI_UART.o)
                              .\CortexM0\ARM_GCC_541\Debug\PathController.a(UART_GPS_UART.o) (UART_GPS_SpiUartReadRxData)
.\CortexM0\ARM_GCC_541\Debug\PathController.a(UART_GPS_SPI_UART_INT.o)
                              .\CortexM0\ARM_GCC_541\Debug\PathController.a(UART_GPS_UART.o) (UART_GPS_SPI_UART_ISR)
.\CortexM0\ARM_GCC_541\Debug\PathController.a(UART_FC_SPI_UART_INT.o)
                              .\CortexM0\ARM_GCC_541\Debug\PathController.a(UART_FC_UART.o) (UART_FC_SPI_UART_ISR)
e:/acads/uwm/psoc creator/4.4/psoc creator/import/gnu/arm/5.4.1/bin/../lib/gcc/arm-none-eabi/5.4.1/../../../../arm-none-eabi/lib/armv6-m\libm.a(lib_a-w_fmod.o)
                              .\CortexM0\ARM_GCC_541\Debug\algorithm.o (fmod)
e:/acads/uwm/psoc creator/4.4/psoc creator/import/gnu/arm/5.4.1/bin/../lib/gcc/arm-none-eabi/5.4.1/../../../../arm-none-eabi/lib/armv6-m\libm.a(lib_a-w_sqrt.o)
                              .\CortexM0\ARM_GCC_541\Debug\algorithm.o (sqrt)
e:/acads/uwm/psoc creator/4.4/psoc creator/import/gnu/arm/5.4.1/bin/../lib/gcc/arm-none-eabi/5.4.1/../../../../arm-none-eabi/lib/armv6-m\libm.a(lib_a-e_fmod.o)
[...]
Memory Configuration

Name             Origin             Length             Attributes
rom              0x00000000         0x00010000         xr
ram              0x20000000         0x00002000         xrw
*default*        0x00000000         0xffffffff

Linker script and memory map

LOAD e:/acads/uwm/psoc creator/4.4/psoc creator/import/gnu/arm/5.4.1/bin/../lib/gcc/arm-none-eabi/5.4.1/armv6-m/crti.o
LOAD e:/acads/uwm/psoc creator/4.4/psoc creator/import/gnu/arm/5.4.1/bin/../lib/gcc/arm-none-eabi/5.4.1/armv6-m/crtbegin.o
LOAD e:/acads/uwm/psoc creator/4.4/psoc creator/import/gnu/arm/5.4.1/bin/../lib/gcc/arm-none-eabi/5.4.1/../../../../arm-none-eabi/lib/armv6-m/crt0.o
START GROUP
LOAD .\CortexM0\ARM_GCC_541\Debug\main.o
LOAD .\CortexM0\ARM_GCC_541\Debug\sanitize.o
LOAD .\CortexM0\ARM_GCC_541\Debug\algorithm.o
LOAD .\CortexM0\ARM_GCC_541\Debug\cordic.o
LOAD .\CortexM0\ARM_GCC_541\Debug\cyfitter_cfg.o
LOAD .\CortexM0\ARM_GCC_541\Debug\cymetadata.o
LOAD .\CortexM0\ARM_GCC_541\Debug\Cm0Start.o
LOAD .\CortexM0\ARM_GCC_541\Debug\PathController.a
LOAD e:/acads/uwm/psoc creator/4.4/psoc creator/import/gnu/arm/5.4.1/bin/../lib/gcc/arm-none-eabi/5.4.1/../../../../arm-none-eabi/lib/armv6-m\libm.a
END GROUP
START GROUP
LOAD e:/acads/uwm/psoc creator/4.4/psoc creator/import/gnu/arm/5.4.1/bin/../lib/gcc/arm-none-eabi/5.4.1/armv6-m\libgcc.a
LOAD e:/acads/uwm/psoc creator/4.4/psoc creator/import/gnu/arm/5.4.1/bin/../lib/gcc/arm-none-eabi/5.4.1/../../../../arm-none-eabi/lib/armv6-m\libg_nano.a
LOAD e:/acads/uwm/psoc creator/4.4/psoc creator/import/gnu/arm/5.4.1/bin/../lib/gcc/arm-none-eabi/5.4.1/../../../../arm-none-eabi/lib/armv6-m\libc_nano.a
END GROUP
START GROUP
LOAD e:/acads/uwm/psoc creator/4.4/psoc creator/import/gnu/arm/5.4.1/bin/../lib/gcc/arm-none-eabi/5.4.1/armv6-m\libgcc.a
LOAD e:/acads/uwm/psoc creator/4.4/psoc creator/import/gnu/arm/5.4.1/bin/../lib/gcc/arm-none-eabi/5.4.1/../../../../arm-none-eabi/lib/armv6-m\libc_nano.a
END GROUP
LOAD e:/acads/uwm/psoc creator/4.4/psoc creator/import/gnu/arm/5.4.1/bin/../lib/gcc/arm-none-eabi/5.4.1/armv6-m/crtend.o
LOAD e:/acads/uwm/psoc creator/4.4/psoc creator/import/gnu/arm/5.4.1/bin/../lib/gcc/arm-none-eabi/5.4.1/armv6-m/crtn.o
START GROUP
LOAD e:/acads/uwm/psoc creator/4.4/psoc creator/import/gnu/arm/5.4.1/bin/../lib/gcc/arm-none-eabi/5.4.1/armv6-m\libgcc.a
LOAD e:/acads/uwm/psoc creator/4.4/psoc creator/import/gnu/arm/5.4.1/bin/../lib/gcc/arm-none-eabi/5.4.1/../../../../arm-none-eabi/lib/armv6-m\libc.a
LOAD e:/acads/uwm/psoc creator/4.4/psoc creator/import/gnu/arm/5.4.1/bin/../lib/gcc/arm-none-eabi/5.4.1/../../../../arm-none-eabi/lib/armv6-m\libnosys.a
END GROUP
                0x00000000                CY_APPL_ORIGIN = 0x0
                0x00000080                CY_FLASH_ROW_SIZE = 0x80
                0x00000001                CY_APPL_NUM = 0x1
                0x00000001                CY_APPL_MAX = 0x1
                0x00000040                CY_METADATA_SIZE = 0x40
                0x00000000                CY_APPL_LOADABLE = 0x0
                0x00000000                CY_CHECKSUM_EXCLUDE_SIZE = ALIGN (0x0, CY_FLASH_ROW_SIZE)
                0x00000000                CY_APP_FOR_STACK_AND_COPIER = 0x0
                [!provide]                PROVIDE (__cy_heap_start, _end)
                0x00000001                PROVIDE (__cy_region_num, ((__cy_regions_end - __cy_regions) / 0x10))
                0x20002000                PROVIDE (__cy_stack, (ORIGIN (ram) + LENGTH (ram)))
                [!provide]                PROVIDE (__cy_heap_end, (__cy_stack - 0x800))

.cybootloader   0x00000000        0x0
 *(.cybootloader)
                0x00000000                appl1_start = CY_APPL_ORIGIN?CY_APPL_ORIGIN:ALIGN (CY_FLASH_ROW_SIZE)
                0x00007f80                appl2_start = (appl1_start + ALIGN ((((LENGTH (rom) - appl1_start) - (0x2 * CY_FLASH_ROW_SIZE)) / 0x2), CY_FLASH_ROW_SIZE))
                0x00000000                appl_start = (CY_APPL_NUM == 0x1)?appl1_start:appl2_start
                0x00000001                cy_project_type_bootloader = (appl_start == 0x0)?0x1:0x0
                0x00000000                cy_project_type_app_for_stack_and_copier = (CY_APP_FOR_STACK_AND_COPIER == 0x1)?0x1:0x0

.text           0x00000000     0x2430
 CREATE_OBJECT_SYMBOLS
                0x00000000                PROVIDE (__cy_interrupt_vector, RomVectors)
 *(.romvectors)
 .romvectors    0x00000000       0x10 .\CortexM0\ARM_GCC_541\Debug\Cm0Start.o
                0x00000000                RomVectors
                0x00000001                ASSERT ((. != __cy_interrupt_vector), No interrupt vector)
                0x00000001                ASSERT (CY_APPL_ORIGIN?(SIZEOF (.cybootloader) <= CY_APPL_ORIGIN):0x1, Wrong image location)
                0x00000010                PROVIDE (__cy_reset, Reset)
 *(.text.Reset)
 .text.Reset    0x00000010        0x8 .\CortexM0\ARM_GCC_541\Debug\Cm0Start.o
                0x00000010                Reset
                0x00000001                ASSERT ((. != __cy_reset), No reset code)
 *(.psocinit)
 .psocinit      0x00000018      0x1c4 .\CortexM0\ARM_GCC_541\Debug\cyfitter_cfg.o
                0x000000e8                cyfitter_cfg
                0x000001dc                . = MAX (., 0x100)
 *(.text .text.* .gnu.linkonce.t.*)
 .text          0x000001dc       0x60 e:/acads/uwm/psoc creator/4.4/psoc creator/import/gnu/arm/5.4.1/bin/../lib/gcc/arm-none-eabi/5.4.1/armv6-m/crtbegin.o
 .text.display_msg_FC
                0x0000023c       0x40 .\CortexM0\ARM_GCC_541\Debug\main.o
                0x0000023c                display_msg_FC
 .text.append_msg
                0x0000027c       0x28 .\CortexM0\ARM_GCC_541\Debug\main.o
                0x0000027c                append_msg
 .text.append_msg_FC
                0x000002a4       0x28 .\CortexM0\ARM_GCC_541\Debug\main.o
                0x000002a4                append_msg_FC
 .text.append_num16
                0x000002cc       0x94 .\CortexM0\ARM_GCC_541\Debug\main.o
                0x000002cc                append_num16
 .text.append_num32_FC
                0x00000360       0xb0 .\CortexM0\ARM_GCC_541\Debug\main.o
                0x00000360                append_num32_FC
 .text.cancel_GP_timer
                0x00000410       0x78 .\CortexM0\ARM_GCC_541\Debug\main.o
                0x00000410                cancel_GP_timer
 .text.process_GP_timer_evt
                0x00000488       0x24 .\CortexM0\ARM_GCC_541\Debug\main.o
                0x00000488                process_GP_timer_evt
 .text.enqueue_task
                0x000004ac       0x44 .\CortexM0\ARM_GCC_541\Debug\main.o
                0x000004ac                enqueue_task
 .text.dequeue_task
                0x000004f0       0x8c .\CortexM0\ARM_GCC_541\Debug\main.o
                0x000004f0                dequeue_task
 .text.LED_display
                0x0000057c       0x84 .\CortexM0\ARM_GCC_541\Debug\main.o
                0x0000057c                LED_display
 .text.init_periphs
                0x00000600       0x28 .\CortexM0\ARM_GCC_541\Debug\main.o
                0x00000600                init_periphs
 .text.processDbgCmd
                0x00000628       0x44 .\CortexM0\ARM_GCC_541\Debug\main.o
                0x00000628                processDbgCmd
 .text.processFC_Pckt
                0x0000066c       0x70 .\CortexM0\ARM_GCC_541\Debug\main.o
                0x0000066c                processFC_Pckt
 .text.main     0x000006dc      0x148 .\CortexM0\ARM_GCC_541\Debug\main.o
                0x000006dc                main
 .text.convert_coord_dege6
                0x00000824       0x8c .\CortexM0\ARM_GCC_541\Debug\sanitize.o
                0x00000824                convert_coord_dege6
 .text.parse_gps
                0x000008b0      0x114 .\CortexM0\ARM_GCC_541\Debug\sanitize.o
                0x000008b0                parse_gps
 .text.AnalogSetDefault
                0x000009c4       0x20 .\CortexM0\ARM_GCC_541\Debug\cyfitter_cfg.o
 .text.CYMEMZERO
                0x000009e4        0xc .\CortexM0\ARM_GCC_541\Debug\cyfitter_cfg.o
 .text.IntDefaultHandler
                0x000009f0       0x10 .\CortexM0\ARM_GCC_541\Debug\Cm0Start.o
                0x000009f0                IntDefaultHandler
 .text.Start_c  0x00000a00       0x48 .\CortexM0\ARM_GCC_541\Debug\Cm0Start.o
                0x00000a00                Start_c
 .text.initialize_psoc
                0x00000a48       0x4c .\CortexM0\ARM_GCC_541\Debug\Cm0Start.o
                0x00000a48                initialize_psoc
 .text.LED4_Write
                0x00000a94       0x18 .\CortexM0\ARM_GCC_541\Debug\PathController.a(LED4.o)
                0x00000a94                LED4_Write
 .text.LED3_Write
                0x00000aac       0x18 .\CortexM0\ARM_GCC_541\Debug\PathController.a(LED3.o)
                0x00000aac                LED3_Write
 .text.LED2_Write
                0x00000ac4       0x18 .\CortexM0\ARM_GCC_541\Debug\PathController.a(LED2.o)
                0x00000ac4                LED2_Write
 .text.LED1_Write
                0x00000adc       0x18 .\CortexM0\ARM_GCC_541\Debug\PathController.a(LED1.o)
                0x00000adc                LED1_Write
 .text.LED0_Write
                0x00000af4       0x18 .\CortexM0\ARM_GCC_541\Debug\PathController.a(LED0.o)
                0x00000af4                LED0_Write
 .text.LED5_Write
                0x00000b0c       0x18 .\CortexM0\ARM_GCC_541\Debug\PathController.a(LED5.o)
                0x00000b0c                LED5_Write
 .text.CySysClkImoDisableWcoLock
                0x00000b24       0x54 .\CortexM0\ARM_GCC_541\Debug\PathController.a(CyLib.o)
                0x00000b24                CySysClkImoDisableWcoLock
 .text.CySysClkImoGetWcoLock
                0x00000b78       0x14 .\CortexM0\ARM_GCC_541\Debug\PathController.a(CyLib.o)
                0x00000b78                CySysClkImoGetWcoLock
 .text.CyIntEnable
                0x00000b8c       0x14 .\CortexM0\ARM_GCC_541\Debug\PathController.a(CyLib.o)
                0x00000b8c                CyIntEnable
 .text.CyIntDisable
                0x00000ba0       0x14 .\CortexM0\ARM_GCC_541\Debug\PathController.a(CyLib.o)
                0x00000ba0                CyIntDisable
 .text.CyHalt   0x00000bb4        0x4 .\CortexM0\ARM_GCC_541\Debug\PathController.a(CyLib.o)
                0x00000bb4                CyHalt
 .text.CyIntSetVector
                0x00000bb8       0x24 .\CortexM0\ARM_GCC_541\Debug\PathController.a(CyLib.o)
                0x00000bb8                CyIntSetVector
 .text.CyIntSetPriority
                0x00000bdc       0x4c .\CortexM0\ARM_GCC_541\Debug\PathController.a(CyLib.o)
                0x00000bdc                CyIntSetPriority
 .text.CyDelay  0x00000c28       0x30 .\CortexM0\ARM_GCC_541\Debug\PathController.a(CyLib.o)
                0x00000c28                CyDelay
 .text.CySysClkImoEnableWcoLock
                0x00000c58       0xf4 .\CortexM0\ARM_GCC_541\Debug\PathController.a(CyLib.o)
                0x00000c58                CySysClkImoEnableWcoLock
 .text.CySysClkWriteImoFreq
                0x00000d4c       0x80 .\CortexM0\ARM_GCC_541\Debug\PathController.a(CyLib.o)
                0x00000d4c                CySysClkWriteImoFreq
 .text.CySysWdtLocked
                0x00000dcc       0x14 .\CortexM0\ARM_GCC_541\Debug\PathController.a(CyLFClk.o)
 .text.CySysClkWcoStart
                0x00000de0       0x40 .\CortexM0\ARM_GCC_541\Debug\PathController.a(CyLFClk.o)
                0x00000de0                CySysClkWcoStart
 .text.CySysClkWcoEnabled
                0x00000e20       0x14 .\CortexM0\ARM_GCC_541\Debug\PathController.a(CyLFClk.o)
                0x00000e20                CySysClkWcoEnabled
 .text.CySysWdtLock
                0x00000e34       0x1c .\CortexM0\ARM_GCC_541\Debug\PathController.a(CyLFClk.o)
                0x00000e34                CySysWdtLock
 .text.CySysWdtUnlock
                0x00000e50       0x30 .\CortexM0\ARM_GCC_541\Debug\PathController.a(CyLFClk.o)
                0x00000e50                CySysWdtUnlock
 .text.CySysWdtGetInterruptSource
                0x00000e80       0x14 .\CortexM0\ARM_GCC_541\Debug\PathController.a(CyLFClk.o)
                0x00000e80                CySysWdtGetInterruptSource
 .text.CySysWdtClearInterrupt
                0x00000e94       0x4c .\CortexM0\ARM_GCC_541\Debug\PathController.a(CyLFClk.o)
                0x00000e94                CySysWdtClearInterrupt
 .text.UART_DBG_ScbEnableIntr
                0x00000ee0        0xc .\CortexM0\ARM_GCC_541\Debug\PathController.a(UART_DBG.o)
 .text.UART_DBG_ScbModePostEnable
                0x00000eec        0x8 .\CortexM0\ARM_GCC_541\Debug\PathController.a(UART_DBG.o)
 .text.UART_DBG_Init
                0x00000ef4        0x8 .\CortexM0\ARM_GCC_541\Debug\PathController.a(UART_DBG.o)
                0x00000ef4                UART_DBG_Init
 .text.UART_DBG_Enable
                0x00000efc       0x1c .\CortexM0\ARM_GCC_541\Debug\PathController.a(UART_DBG.o)
                0x00000efc                UART_DBG_Enable
 .text.UART_DBG_Start
                0x00000f18       0x20 .\CortexM0\ARM_GCC_541\Debug\PathController.a(UART_DBG.o)
                0x00000f18                UART_DBG_Start
 .text.UART_DBG_SpiUartReadRxData
                0x00000f38        0xc .\CortexM0\ARM_GCC_541\Debug\PathController.a(UART_DBG_SPI_UART.o)
                0x00000f38                UART_DBG_SpiUartReadRxData
 .text.UART_DBG_SpiUartGetRxBufferSize
                0x00000f44       0x10 .\CortexM0\ARM_GCC_541\Debug\PathController.a(UART_DBG_SPI_UART.o)
                0x00000f44                UART_DBG_SpiUartGetRxBufferSize
 .text.UART_DBG_UartInit
                0x00000f54       0xc4 .\CortexM0\ARM_GCC_541\Debug\PathController.a(UART_DBG_UART.o)
                0x00000f54                UART_DBG_UartInit
 .text.UART_DBG_UartPostEnable
                0x00001018       0x24 .\CortexM0\ARM_GCC_541\Debug\PathController.a(UART_DBG_UART.o)
                0x00001018                UART_DBG_UartPostEnable
 .text.UART_DBG_UartGetByte
                0x0000103c       0x34 .\CortexM0\ARM_GCC_541\Debug\PathController.a(UART_DBG_UART.o)
                0x0000103c                UART_DBG_UartGetByte
 .text.UART_DBG_SCB_IRQ_Interrupt
                0x00001070       0x88 .\CortexM0\ARM_GCC_541\Debug\PathController.a(UART_DBG_SCB_IRQ.o)
                0x00001070                UART_DBG_SCB_IRQ_Interrupt
 .text.UART_DBG_SCB_IRQ_SetVector
                0x000010f8        0xc .\CortexM0\ARM_GCC_541\Debug\PathController.a(UART_DBG_SCB_IRQ.o)
                0x000010f8                UART_DBG_SCB_IRQ_SetVector
 .text.UART_DBG_SCB_IRQ_SetPriority
                0x00001104       0x20 .\CortexM0\ARM_GCC_541\Debug\PathController.a(UART_DBG_SCB_IRQ.o)
                0x00001104                UART_DBG_SCB_IRQ_SetPriority
 .text.UART_DBG_SCB_IRQ_Enable
                0x00001124       0x10 .\CortexM0\ARM_GCC_541\Debug\PathController.a(UART_DBG_SCB_IRQ.o)
                0x00001124                UART_DBG_SCB_IRQ_Enable
 .text.UART_DBG_SCB_IRQ_Disable
                0x00001134       0x10 .\CortexM0\ARM_GCC_541\Debug\PathController.a(UART_DBG_SCB_IRQ.o)
                0x00001134                UART_DBG_SCB_IRQ_Disable
 .text.UART_DBG_SCB_IRQ_Start
                0x00001144       0x1c .\CortexM0\ARM_GCC_541\Debug\PathController.a(UART_DBG_SCB_IRQ.o)
                0x00001144                UART_DBG_SCB_IRQ_Start
 .text.LED6_Write
                0x00001160       0x18 .\CortexM0\ARM_GCC_541\Debug\PathController.a(LED6.o)
                0x00001160                LED6_Write
 .text.WDT_ISR_SetVector
                0x00001178        0xc .\CortexM0\ARM_GCC_541\Debug\PathController.a(WDT_ISR.o)
                0x00001178                WDT_ISR_SetVector
 .text.WDT_ISR_SetPriority
                0x00001184       0x20 .\CortexM0\ARM_GCC_541\Debug\PathController.a(WDT_ISR.o)
                0x00001184                WDT_ISR_SetPriority
 .text.WDT_ISR_Enable
                0x000011a4        0xc .\CortexM0\ARM_GCC_541\Debug\PathController.a(WDT_ISR.o)
                0x000011a4                WDT_ISR_Enable
 .text.WDT_ISR_Disable
                0x000011b0        0xc .\CortexM0\ARM_GCC_541\Debug\PathController.a(WDT_ISR.o)
                0x000011b0                WDT_ISR_Disable
 .text.WDT_ISR_Start
                0x000011bc       0x1c .\CortexM0\ARM_GCC_541\Debug\PathController.a(WDT_ISR.o)
                0x000011bc                WDT_ISR_Start
 .text.WDT_ISR_ClearPending
                0x000011d8        0xc .\CortexM0\ARM_GCC_541\Debug\PathController.a(WDT_ISR.o)
                0x000011d8                WDT_ISR_ClearPending
 .text.WDT_ISR_Interrupt
                0x000011e4       0x2c .\CortexM0\ARM_GCC_541\Debug\PathController.a(WDT_ISR.o)
                0x000011e4                WDT_ISR_Interrupt
 .text.UART_GPS_ScbEnableIntr
                0x00001210        0xc .\CortexM0\ARM_GCC_541\Debug\PathController.a(UART_GPS.o)
 .text.UART_GPS_ScbModePostEnable
                0x0000121c        0x8 .\CortexM0\ARM_GCC_541\Debug\PathController.a(UART_GPS.o)
 .text.UART_GPS_Init
                0x00001224        0x8 .\CortexM0\ARM_GCC_541\Debug\PathController.a(UART_GPS.o)
                0x00001224                UART_GPS_Init
 .text.UART_GPS_Enable
                0x0000122c       0x1c .\CortexM0\ARM_GCC_541\Debug\PathController.a(UART_GPS.o)
                0x0000122c                UART_GPS_Enable
 .text.UART_GPS_Start
                0x00001248       0x20 .\CortexM0\ARM_GCC_541\Debug\PathController.a(UART_GPS.o)
                0x00001248                UART_GPS_Start
 .text.UART_GPS_UartInit
                0x00001268       0xc4 .\CortexM0\ARM_GCC_541\Debug\PathController.a(UART_GPS_UART.o)
                0x00001268                UART_GPS_UartInit
 .text.UART_GPS_UartPostEnable
                0x0000132c       0x24 .\CortexM0\ARM_GCC_541\Debug\PathController.a(UART_GPS_UART.o)
                0x0000132c                UART_GPS_UartPostEnable
 .text.UART_GPS_UartGetByte
                0x00001350       0x34 .\CortexM0\ARM_GCC_541\Debug\PathController.a(UART_GPS_UART.o)
                0x00001350                UART_GPS_UartGetByte
 .text.UART_FC_ScbEnableIntr
                0x00001384        0xc .\CortexM0\ARM_GCC_541\Debug\PathController.a(UART_FC.o)
 .text.UART_FC_ScbModePostEnable
                0x00001390        0x8 .\CortexM0\ARM_GCC_541\Debug\PathController.a(UART_FC.o)
 .text.UART_FC_Init
                0x00001398        0x8 .\CortexM0\ARM_GCC_541\Debug\PathController.a(UART_FC.o)
                0x00001398                UART_FC_Init
 .text.UART_FC_Enable
                0x000013a0       0x1c .\CortexM0\ARM_GCC_541\Debug\PathController.a(UART_FC.o)
                0x000013a0                UART_FC_Enable
 .text.UART_FC_Start
                0x000013bc       0x20 .\CortexM0\ARM_GCC_541\Debug\PathController.a(UART_FC.o)
                0x000013bc                UART_FC_Start
 .text.UART_FC_SpiUartReadRxData
                0x000013dc        0xc .\CortexM0\ARM_GCC_541\Debug\PathController.a(UART_FC_SPI_UART.o)
                0x000013dc                UART_FC_SpiUartReadRxData
 .text.UART_FC_SpiUartGetRxBufferSize
                0x000013e8       0x10 .\CortexM0\ARM_GCC_541\Debug\PathController.a(UART_FC_SPI_UART.o)
                0x000013e8                UART_FC_SpiUartGetRxBufferSize
 .text.UART_FC_SpiUartWriteTxData
                0x000013f8       0x1c .\CortexM0\ARM_GCC_541\Debug\PathController.a(UART_FC_SPI_UART.o)
                0x000013f8                UART_FC_SpiUartWriteTxData
 .text.UART_FC_UartInit
                0x00001414       0xc4 .\CortexM0\ARM_GCC_541\Debug\PathController.a(UART_FC_UART.o)
                0x00001414                UART_FC_UartInit
 .text.UART_FC_UartPostEnable
                0x000014d8       0x24 .\CortexM0\ARM_GCC_541\Debug\PathController.a(UART_FC_UART.o)
                0x000014d8                UART_FC_UartPostEnable
 .text.UART_FC_UartGetByte
                0x000014fc       0x34 .\CortexM0\ARM_GCC_541\Debug\PathController.a(UART_FC_UART.o)
                0x000014fc                UART_FC_UartGetByte
 .text.UART_GPS_SCB_IRQ_Interrupt
                0x00001530       0xa4 .\CortexM0\ARM_GCC_541\Debug\PathController.a(UART_GPS_SCB_IRQ.o)
                0x00001530                UART_GPS_SCB_IRQ_Interrupt
 .text.UART_GPS_SCB_IRQ_SetVector
                0x000015d4        0xc .\CortexM0\ARM_GCC_541\Debug\PathController.a(UART_GPS_SCB_IRQ.o)
                0x000015d4                UART_GPS_SCB_IRQ_SetVector
 .text.UART_GPS_SCB_IRQ_SetPriority
                0x000015e0       0x24 .\CortexM0\ARM_GCC_541\Debug\PathController.a(UART_GPS_SCB_IRQ.o)
                0x000015e0                UART_GPS_SCB_IRQ_SetPriority
 .text.UART_GPS_SCB_IRQ_Enable
                0x00001604       0x10 .\CortexM0\ARM_GCC_541\Debug\PathController.a(UART_GPS_SCB_IRQ.o)
                0x00001604                UART_GPS_SCB_IRQ_Enable
 .text.UART_GPS_SCB_IRQ_Disable
                0x00001614       0x10 .\CortexM0\ARM_GCC_541\Debug\PathController.a(UART_GPS_SCB_IRQ.o)
                0x00001614                UART_GPS_SCB_IRQ_Disable
 .text.UART_GPS_SCB_IRQ_Start
                0x00001624       0x1c .\CortexM0\ARM_GCC_541\Debug\PathController.a(UART_GPS_SCB_IRQ.o)
                0x00001624                UART_GPS_SCB_IRQ_Start
 .text.UART_FC_SCB_IRQ_Interrupt
                0x00001640       0x6c .\CortexM0\ARM_GCC_541\Debug\PathController.a(UART_FC_SCB_IRQ.o)
                0x00001640                UART_FC_SCB_IRQ_Interrupt
 .text.UART_FC_SCB_IRQ_SetVector
                0x000016ac        0xc .\CortexM0\ARM_GCC_541\Debug\PathController.a(UART_FC_SCB_IRQ.o)
                0x000016ac                UART_FC_SCB_IRQ_SetVector
 .text.UART_FC_SCB_IRQ_SetPriority
                0x000016b8       0x20 .\CortexM0\ARM_GCC_541\Debug\PathController.a(UART_FC_SCB_IRQ.o)
                0x000016b8                UART_FC_SCB_IRQ_SetPriority
 .text.UART_FC_SCB_IRQ_Enable
                0x000016d8       0x10 .\CortexM0\ARM_GCC_541\Debug\PathController.a(UART_FC_SCB_IRQ.o)
                0x000016d8                UART_FC_SCB_IRQ_Enable
 .text.UART_FC_SCB_IRQ_Disable
                0x000016e8       0x10 .\CortexM0\ARM_GCC_541\Debug\PathController.a(UART_FC_SCB_IRQ.o)
                0x000016e8                UART_FC_SCB_IRQ_Disable
 .text.UART_FC_SCB_IRQ_Start
                0x000016f8       0x1c .\CortexM0\ARM_GCC_541\Debug\PathController.a(UART_FC_SCB_IRQ.o)
                0x000016f8                UART_FC_SCB_IRQ_Start
 *fill*         0x00001714        0x4 
 .text          0x00001718       0x20 .\CortexM0\ARM_GCC_541\Debug\PathController.a(CyBootAsmGnu.o)
                0x00001718                CyDelayCycles
                0x0000172a                CyEnterCriticalSection
                0x00001732                CyExitCriticalSection
 .text.CySysFlashSetWaitCycles
                0x00001738       0x54 .\CortexM0\ARM_GCC_541\Debug\PathController.a(CyFlash.o)
                0x00001738                CySysFlashSetWaitCycles
 .text.UART_DBG_SPI_UART_ISR
                0x0000178c       0x14 .\CortexM0\ARM_GCC_541\Debug\PathController.a(UART_DBG_SPI_UART_INT.o)
                0x0000178c                UART_DBG_SPI_UART_ISR
 .text.UART_GPS_SpiUartReadRxData
                0x000017a0        0xc .\CortexM0\ARM_GCC_541\Debug\PathController.a(UART_GPS_SPI_UART.o)
                0x000017a0                UART_GPS_SpiUartReadRxData
 .text.UART_GPS_SpiUartGetRxBufferSize
                0x000017ac       0x10 .\CortexM0\ARM_GCC_541\Debug\PathController.a(UART_GPS_SPI_UART.o)
                0x000017ac                UART_GPS_SpiUartGetRxBufferSize
 .text.UART_GPS_SPI_UART_ISR
                0x000017bc       0x14 .\CortexM0\ARM_GCC_541\Debug\PathController.a(UART_GPS_SPI_UART_INT.o)
                0x000017bc                UART_GPS_SPI_UART_ISR
 .text.UART_FC_SPI_UART_ISR
                0x000017d0       0x14 .\CortexM0\ARM_GCC_541\Debug\PathController.a(UART_FC_SPI_UART_INT.o)
                0x000017d0                UART_FC_SPI_UART_ISR
 .text          0x000017e4      0x114 e:/acads/uwm/psoc creator/4.4/psoc creator/import/gnu/arm/5.4.1/bin/../lib/gcc/arm-none-eabi/5.4.1/armv6-m\libgcc.a(_udivsi3.o)
                0x000017e4                __aeabi_uidiv
                0x000017e4                __udivsi3
                0x000018f0                __aeabi_uidivmod
 .text          0x000018f8      0x1d4 e:/acads/uwm/psoc creator/4.4/psoc creator/import/gnu/arm/5.4.1/bin/../lib/gcc/arm-none-eabi/5.4.1/armv6-m\libgcc.a(_divsi3.o)
                0x000018f8                __divsi3
                0x000018f8                __aeabi_idiv
                0x00001ac4                __aeabi_idivmod
 .text          0x00001acc        0x4 e:/acads/uwm/psoc creator/4.4/psoc creator/import/gnu/arm/5.4.1/bin/../lib/gcc/arm-none-eabi/5.4.1/armv6-m\libgcc.a(_dvmd_tls.o)
                0x00001acc                __aeabi_idiv0
                0x00001acc                __aeabi_ldiv0
 .text          0x00001ad0      0x62c e:/acads/uwm/psoc creator/4.4/psoc creator/import/gnu/arm/5.4.1/bin/../lib/gcc/arm-none-eabi/5.4.1/armv6-m\libgcc.a(divdf3.o)
                0x00001ad0                __aeabi_ddiv
 .text          0x000020fc       0x84 e:/acads/uwm/psoc creator/4.4/psoc creator/import/gnu/arm/5.4.1/bin/../lib/gcc/arm-none-eabi/5.4.1/armv6-m\libgcc.a(floatsidf.o)
                0x000020fc                __aeabi_i2d
 .text          0x00002180       0x3c e:/acads/uwm/psoc creator/4.4/psoc creator/import/gnu/arm/5.4.1/bin/../lib/gcc/arm-none-eabi/5.4.1/armv6-m\libgcc.a(_clzsi2.o)
                0x00002180                __clzsi2
 .text.__errno  0x000021bc        0xc e:/acads/uwm/psoc creator/4.4/psoc creator/import/gnu/arm/5.4.1/bin/../lib/gcc/arm-none-eabi/5.4.1/../../../../arm-none-eabi/lib/armv6-m\libg_nano.a(lib_a-errno.o)
                0x000021bc                __errno
 .text.__libc_init_array
                0x000021c8       0x4c e:/acads/uwm/psoc creator/4.4/psoc creator/import/gnu/arm/5.4.1/bin/../lib/gcc/arm-none-eabi/5.4.1/../../../../arm-none-eabi/lib/armv6-m\libg_nano.a(lib_a-init.o)
                0x000021c8                __libc_init_array
 .text.memcpy   0x00002214       0x12 e:/acads/uwm/psoc creator/4.4/psoc creator/import/gnu/arm/5.4.1/bin/../lib/gcc/arm-none-eabi/5.4.1/../../../../arm-none-eabi/lib/armv6-m\libg_nano.a(lib_a-memcpy-stub.o)
                0x00002214                memcpy
 .text.memset   0x00002226       0x10 e:/acads/uwm/psoc creator/4.4/psoc creator/import/gnu/arm/5.4.1/bin/../lib/gcc/arm-none-eabi/5.4.1/../../../../arm-none-eabi/lib/armv6-m\libg_nano.a(lib_a-memset.o)
                0x00002226                memset
 .text.strchr   0x00002236       0x1c e:/acads/uwm/psoc creator/4.4/psoc creator/import/gnu/arm/5.4.1/bin/../lib/gcc/arm-none-eabi/5.4.1/../../../../arm-none-eabi/lib/armv6-m\libg_nano.a(lib_a-strchr.o)
                0x00002236                strchr
 .text          0x00002252       0x14 e:/acads/uwm/psoc creator/4.4/psoc creator/import/gnu/arm/5.4.1/bin/../lib/gcc/arm-none-eabi/5.4.1/../../../../arm-none-eabi/lib/armv6-m\libg_nano.a(lib_a-strcmp.o)
                0x00002252                strcmp
 .text.strncpy  0x00002266       0x26 e:/acads/uwm/psoc creator/4.4/psoc creator/import/gnu/arm/5.4.1/bin/../lib/gcc/arm-none-eabi/5.4.1/../../../../arm-none-eabi/lib/armv6-m\libg_nano.a(lib_a-strncpy.o)
                0x00002266                strncpy
 .text.__strtok_r
                0x0000228c       0x5e e:/acads/uwm/psoc creator/4.4/psoc creator/import/gnu/arm/5.4.1/bin/../lib/gcc/arm-none-eabi/5.4.1/../../../../arm-none-eabi/lib/armv6-m\libg_nano.a(lib_a-strtok_r.o)
                0x0000228c                __strtok_r
 .text.strtok_r
                0x000022ea        0xa e:/acads/uwm/psoc creator/4.4/psoc creator/import/gnu/arm/5.4.1/bin/../lib/gcc/arm-none-eabi/5.4.1/../../../../arm-none-eabi/lib/armv6-m\libg_nano.a(lib_a-strtok_r.o)
                0x000022ea                strtok_r
 .text._strtol_r
                0x000022f4      0x124 e:/acads/uwm/psoc creator/4.4/psoc creator/import/gnu/arm/5.4.1/bin/../lib/gcc/arm-none-eabi/5.4.1/../../../../arm-none-eabi/lib/armv6-m\libg_nano.a(lib_a-strtol.o)
                0x000022f4                _strtol_r
 .text.strtol   0x00002418       0x18 e:/acads/uwm/psoc creator/4.4/psoc creator/import/gnu/arm/5.4.1/bin/../lib/gcc/arm-none-eabi/5.4.1/../../../../arm-none-eabi/lib/armv6-m\libg_nano.a(lib_a-strtol.o)
                0x00002418                strtol
 *(.plt)
 *(.gnu.warning)
 *(.glue_7t)
 .glue_7t       0x00002430        0x0 linker stubs
 *(.glue_7)
 .glue_7        0x00002430        0x0 linker stubs
 *(.vfp11_veneer)
 .vfp11_veneer  0x00002430        0x0 linker stubs
 *(.bootloader)
 *(.ARM.extab* .gnu.linkonce.armextab.*)
 *(.gcc_except_table)

.v4_bx          0x00002430        0x0
 .v4_bx         0x00002430        0x0 linker stubs

.iplt           0x00002430        0x0
 .iplt          0x00002430        0x0 e:/acads/uwm/psoc creator/4.4/psoc creator/import/gnu/arm/5.4.1/bin/../lib/gcc/arm-none-eabi/5.4.1/armv6-m/crtbegin.o

.eh_frame_hdr
 *(.eh_frame_hdr)

.eh_frame       0x00002430        0x4
 *(.eh_frame)
 .eh_frame      0x00002430        0x0 e:/acads/uwm/psoc creator/4.4/psoc creator/import/gnu/arm/5.4.1/bin/../lib/gcc/arm-none-eabi/5.4.1/armv6-m/crtbegin.o
 .eh_frame      0x00002430        0x4 e:/acads/uwm/psoc creator/4.4/psoc creator/import/gnu/arm/5.4.1/bin/../lib/gcc/arm-none-eabi/5.4.1/armv6-m/crtend.o
                [!provide]                PROVIDE (__exidx_start, .)

.ARM.exidx
 *(.ARM.exidx* .gnu.linkonce.armexidx.*)
                0x00002434                __exidx_end = .

.rodata         0x00002434      0x2c4
 *(.rodata .rodata.* .gnu.linkonce.r.*)
 .rodata.str1.4
                0x00002434       0xfe .\CortexM0\ARM_GCC_541\Debug\main.o
                                0x102 (size before relaxing)
 *fill*         0x00002532        0x2 
 .rodata.str1.4
                0x00002534        0xc .\CortexM0\ARM_GCC_541\Debug\sanitize.o
                                  0xb (size before relaxing)
 .rodata        0x00002540        0xc .\CortexM0\ARM_GCC_541\Debug\cyfitter_cfg.o
 .rodata        0x0000254c       0x2e .\CortexM0\ARM_GCC_541\Debug\PathController.a(CyLib.o)
                0x0000254c                cyImoFreqMhz2Reg
 *fill*         0x0000257a        0x2 
 .rodata        0x0000257c       0x40 e:/acads/uwm/psoc creator/4.4/psoc creator/import/gnu/arm/5.4.1/bin/../lib/gcc/arm-none-eabi/5.4.1/armv6-m\libgcc.a(divdf3.o)
 .rodata.str1.1
                0x000025bc        0x2 e:/acads/uwm/psoc creator/4.4/psoc creator/import/gnu/arm/5.4.1/bin/../lib/gcc/arm-none-eabi/5.4.1/../../../../arm-none-eabi/lib/armv6-m\libg_nano.a(lib_a-impure.o)
 .rodata._ctype_
                0x000025be      0x101 e:/acads/uwm/psoc creator/4.4/psoc creator/import/gnu/arm/5.4.1/bin/../lib/gcc/arm-none-eabi/5.4.1/../../../../arm-none-eabi/lib/armv6-m\libg_nano.a(lib_a-ctype_.o)
                0x000025be                _ctype_
                0x000026c0                . = ALIGN (0x4)
 *fill*         0x000026bf        0x1 
 *(.init)
 .init          0x000026c0        0x4 e:/acads/uwm/psoc creator/4.4/psoc creator/import/gnu/arm/5.4.1/bin/../lib/gcc/arm-none-eabi/5.4.1/armv6-m/crti.o
                0x000026c0                _init
 .init          0x000026c4        0x8 e:/acads/uwm/psoc creator/4.4/psoc creator/import/gnu/arm/5.4.1/bin/../lib/gcc/arm-none-eabi/5.4.1/armv6-m/crtn.o
                0x000026cc                . = ALIGN (0x4)
                0x000026cc                __preinit_array_start = .
 *(.preinit_array)
                0x000026cc                __preinit_array_end = .
                0x000026cc                . = ALIGN (0x4)
                0x000026cc                __init_array_start = .
 *(SORT(.init_array.*))
 *(.init_array)
 .init_array    0x000026cc        0x4 e:/acads/uwm/psoc creator/4.4/psoc creator/import/gnu/arm/5.4.1/bin/../lib/gcc/arm-none-eabi/5.4.1/armv6-m/crtbegin.o
 .init_array    0x000026d0        0x4 .\CortexM0\ARM_GCC_541\Debug\Cm0Start.o
                0x000026d4                __init_array_end = .
                0x000026d4                . = ALIGN (0x4)
 *(.fini)
 .fini          0x000026d4        0x4 e:/acads/uwm/psoc creator/4.4/psoc creator/import/gnu/arm/5.4.1/bin/../lib/gcc/arm-none-eabi/5.4.1/armv6-m/crti.o
                0x000026d4                _fini
 .fini          0x000026d8        0x8 e:/acads/uwm/psoc creator/4.4/psoc creator/import/gnu/arm/5.4.1/bin/../lib/gcc/arm-none-eabi/5.4.1/armv6-m/crtn.o
                0x000026e0                . = ALIGN (0x4)
                0x000026e0                __fini_array_start = .
 *(.fini_array)
 .fini_array    0x000026e0        0x4 e:/acads/uwm/psoc creator/4.4/psoc creator/import/gnu/arm/5.4.1/bin/../lib/gcc/arm-none-eabi/5.4.1/armv6-m/crtbegin.o
 *(SORT(.fini_array.*))
                0x000026e4                __fini_array_end = .
                0x000026e4                . = ALIGN (0x4)
 *crtbegin.o(.ctors)
 *(EXCLUDE_FILE(*crtend.o) .ctors)
 *(SORT(.ctors.*))
 *crtend.o(.ctors)
                0x000026e4                . = ALIGN (0x4)
 *crtbegin.o(.dtors)
 *(EXCLUDE_FILE(*crtend.o) .dtors)
 *(SORT(.dtors.*))
 *crtend.o(.dtors)
                0x000026e4                . = ALIGN (0x4)
                0x000026e4                __cy_regions = .
                0x000026e4        0x4 LONG 0x26f8 __cy_region_init_ram
                0x000026e8        0x4 LONG 0x200000c0 __cy_region_start_data
                0x000026ec        0x4 LONG 0x80 __cy_region_init_size_ram
                0x000026f0        0x4 LONG 0x3a0 __cy_region_zero_size_ram
                0x000026f4                __cy_regions_end = .
                0x000026f8                . = ALIGN (0x8)
 *fill*         0x000026f4        0x4 
                0x000026f8                _etext = .

.cy_checksum_exclude
                0x000026f8        0x0
 *(.cy_checksum_exclude)

.ramvectors     0x20000000       0xc0
                0x20000000                __cy_region_start_ram = .
 *(.ramvectors)
 .ramvectors    0x20000000       0xc0 .\CortexM0\ARM_GCC_541\Debug\Cm0Start.o
                0x20000000                CyRamVectors

.noinit
 *(.noinit)

.data           0x200000c0       0x80 load address 0x000026f8
                0x200000c0                __cy_region_start_data = .
 *(.jcr)
 .jcr           0x200000c0        0x0 e:/acads/uwm/psoc creator/4.4/psoc creator/import/gnu/arm/5.4.1/bin/../lib/gcc/arm-none-eabi/5.4.1/armv6-m/crtbegin.o
 .jcr           0x200000c0        0x4 e:/acads/uwm/psoc creator/4.4/psoc creator/import/gnu/arm/5.4.1/bin/../lib/gcc/arm-none-eabi/5.4.1/armv6-m/crtend.o
 *(.got.plt)
 *(.got)
 *(.shdata)
 *(.data .data.* .gnu.linkonce.d.*)
 .data          0x200000c4       0x14 .\CortexM0\ARM_GCC_541\Debug\PathController.a(CyLib.o)
                0x200000c4                CySysClkPumpConfig
                0x200000c8                cydelay32kMs
                0x200000cc                cydelayFreqKhz
                0x200000d0                cydelayFreqMhz
                0x200000d4                cydelayFreqHz
 .data.impure_data
                0x200000d8       0x60 e:/acads/uwm/psoc creator/4.4/psoc creator/import/gnu/arm/5.4.1/bin/../lib/gcc/arm-none-eabi/5.4.1/../../../../arm-none-eabi/lib/armv6-m\libg_nano.a(lib_a-impure.o)
 .data._impure_ptr
                0x20000138        0x4 e:/acads/uwm/psoc creator/4.4/psoc creator/import/gnu/arm/5.4.1/bin/../lib/gcc/arm-none-eabi/5.4.1/../../../../arm-none-eabi/lib/armv6-m\libg_nano.a(lib_a-impure.o)
                0x20000138                _impure_ptr
 .data.__ctype_ptr__
                0x2000013c        0x4 e:/acads/uwm/psoc creator/4.4/psoc creator/import/gnu/arm/5.4.1/bin/../lib/gcc/arm-none-eabi/5.4.1/../../../../arm-none-eabi/lib/armv6-m\libg_nano.a(lib_a-ctype_.o)
                0x2000013c                __ctype_ptr__
                0x20000140                . = ALIGN (0x8)
 *(.ram)
                0x20000140                _edata = .

.igot.plt       0x20000140        0x0 load address 0x00002778
 .igot.plt      0x20000140        0x0 e:/acads/uwm/psoc creator/4.4/psoc creator/import/gnu/arm/5.4.1/bin/../lib/gcc/arm-none-eabi/5.4.1/armv6-m/crtbegin.o

.bss            0x20000140      0x3a0 load address 0x00002778
                0x20000140                PROVIDE (__bss_start__, .)
 *(.shbss)
 *(.bss .bss.* .gnu.linkonce.b.*)
 .bss           0x20000140       0x1c e:/acads/uwm/psoc creator/4.4/psoc creator/import/gnu/arm/5.4.1/bin/../lib/gcc/arm-none-eabi/5.4.1/armv6-m/crtbegin.o
 *fill*         0x2000015c        0x4 
 .bss           0x20000160       0x19 .\CortexM0\ARM_GCC_541\Debug\main.o
                0x20000160                fc_msg_ptr_tail
                0x20000161                fc_msg_ptr_head
                0x20000162                msg_ptr_tail
                0x20000163                msg_ptr_head
                0x20000164                num_GP_timers
                0x20000168                coords
 *fill*         0x20000179        0x3 
 .bss           0x2000017c        0xa .\CortexM0\ARM_GCC_541\Debug\PathController.a(UART_DBG.o)
                0x2000017c                UART_DBG_initVar
                0x20000180                UART_DBG_customIntrHandler
                0x20000184                UART_DBG_IntrTxMask
 *fill*         0x20000186        0x2 
 .bss           0x20000188        0xa .\CortexM0\ARM_GCC_541\Debug\PathController.a(UART_GPS.o)
                0x20000188                UART_GPS_initVar
                0x2000018c                UART_GPS_customIntrHandler
                0x20000190                UART_GPS_IntrTxMask
 *fill*         0x20000192        0x2 
 .bss           0x20000194        0xa .\CortexM0\ARM_GCC_541\Debug\PathController.a(UART_FC.o)
                0x20000194                UART_FC_initVar
                0x20000198                UART_FC_customIntrHandler
                0x2000019c                UART_FC_IntrTxMask
 *(COMMON)
 *fill*         0x2000019e        0x2 
 COMMON         0x200001a0      0x339 .\CortexM0\ARM_GCC_541\Debug\main.o
                0x200001a0                num_rx_bytes_dbg_buff
                0x200001a1                num_rx_bytes_dbg
                0x200001a4                rx_bytes_dbg
                0x200001b4                num_rx_bytes_FC_buff
                0x200001b8                rx_bytes_gps_buff
                0x20000200                num_rx_bytes_gps_buff
                0x20000204                debug_msg
                0x20000304                rx_bytes_FC
                0x2000030a                num_rx_bytes_gps
                0x2000030b                num_tasks
                0x2000030c                fc_msg
                0x2000040c                GP_evt
                0x20000410                task_queue
                0x2000041c                rx_bytes_dbg_buff
                0x2000042c                gps_data
                0x20000438                sec
                0x2000043a                num_rx_bytes_FC
                0x2000043c                rx_bytes_gps
                0x20000484                tmr_dec
                0x20000488                GP_timer
                0x200004a0                virus
                0x200004d0                GPS_UART_tmr
                0x200004d4                rx_bytes_FC_buff
                0x200004e0                . = ALIGN (0x8)
 *fill*         0x200004d9        0x7 
 *(.ram.b)
                0x200004e0                _end = .
                0x200004e0                __end = .
                0x200004e0                PROVIDE (end, .)
                0x200004e0                PROVIDE (__bss_end__, .)
                0x000026f8                __cy_region_init_ram = LOADADDR (.data)
                0x00000080                __cy_region_init_size_ram = (_edata - ADDR (.data))
                0x000003a0                __cy_region_zero_size_ram = (_end - _edata)

.heap           0x200004e0       0x80 load address 0x00002778
                0x200004e0                . = _end
                0x20000560                . = (. + 0x80)
 *fill*         0x200004e0       0x80 
                0x20000560                __cy_heap_limit = .

.stack          0x20001800      0x800
                0x20001800                __cy_stack_limit = .
                0x20002000                . = (. + 0x800)
 *fill*         0x20001800      0x800 
                0x00000001                ASSERT ((__cy_stack_limit >= __cy_heap_limit), region RAM overflowed with stack)
                0x00000000                cy_checksum_exclude_size = (CY_APPL_LOADABLE == 0x1)?SIZEOF (.cy_checksum_exclude):0x0
                0x00000001                ASSERT ((cy_checksum_exclude_size <= CY_CHECKSUM_EXCLUDE_SIZE), CY_BOOT: Section .cy_checksum_exclude size exceedes specified limit.)
                0x0000ffc0                cyloadermeta_start = (cy_project_type_bootloader || cy_project_type_app_for_stack_and_copier)?(LENGTH (rom) - CY_METADATA_SIZE):0xf0000000

.cyloadermeta
 *(.cyloadermeta)
                0x0000ffc0                cyloadablemeta_start = cy_project_type_app_for_stack_and_copier?((LENGTH (rom) - CY_FLASH_ROW_SIZE) - CY_METADATA_SIZE):((LENGTH (rom) - (CY_FLASH_ROW_SIZE * (CY_APPL_NUM - 0x1))) - CY_METADATA_SIZE)

.cyloadablemeta
 *(.cyloadablemeta)

.cyflashprotect
                0x90400000       0x40
 *(.cyflashprotect)
 .cyflashprotect
                0x90400000       0x40 .\CortexM0\ARM_GCC_541\Debug\cymetadata.o
                0x90400000                cy_meta_flashprotect

.cymeta         0x90500000        0xc
 *(.cymeta)
 .cymeta        0x90500000        0xc .\CortexM0\ARM_GCC_541\Debug\cymetadata.o
                0x90500000                cy_metadata

.cychipprotect  0x90600000        0x1
 *(.cychipprotect)
 .cychipprotect
                0x90600000        0x1 .\CortexM0\ARM_GCC_541\Debug\cymetadata.o
                0x90600000                cy_meta_chipprotect

.rel.dyn        0x00002778        0x0 load address 0x90600004
 .rel.iplt      0x00002778        0x0 e:/acads/uwm/psoc creator/4.4/psoc creator/import/gnu/arm/5.4.1/bin/../lib/gcc/arm-none-eabi/5.4.1/armv6-m/crtbegin.o

.stab
 *(.stab)

.stabstr
 *(.stabstr)

.debug
 *(.debug)

.line
 *(.line)

.debug_srcinfo
 *(.debug_srcinfo)

.debug_sfnames
 *(.debug_sfnames)

.debug_aranges  0x00000000      0xe00
 *(.debug_aranges)
 .debug_aranges
                0x00000000       0xc0 .\CortexM0\ARM_GCC_541\Debug\main.o
 .debug_aranges
                0x000000c0       0x28 .\CortexM0\ARM_GCC_541\Debug\sanitize.o
 .debug_aranges
                0x000000e8       0x38 .\CortexM0\ARM_GCC_541\Debug\algorithm.o
 .debug_aranges
                0x00000120       0x38 .\CortexM0\ARM_GCC_541\Debug\cordic.o
 .debug_aranges
                0x00000158       0x38 .\CortexM0\ARM_GCC_541\Debug\cyfitter_cfg.o
 .debug_aranges
                0x00000190       0x18 .\CortexM0\ARM_GCC_541\Debug\cymetadata.o
 .debug_aranges
                0x000001a8       0x48 .\CortexM0\ARM_GCC_541\Debug\Cm0Start.o
 .debug_aranges
                0x000001f0       0x48 .\CortexM0\ARM_GCC_541\Debug\PathController.a(LED4.o)
 .debug_aranges
                0x00000238       0x48 .\CortexM0\ARM_GCC_541\Debug\PathController.a(LED3.o)
 .debug_aranges
                0x00000280       0x48 .\CortexM0\ARM_GCC_541\Debug\PathController.a(LED2.o)
 .debug_aranges
                0x000002c8       0x48 .\CortexM0\ARM_GCC_541\Debug\PathController.a(LED1.o)
 .debug_aranges
                0x00000310       0x48 .\CortexM0\ARM_GCC_541\Debug\PathController.a(LED0.o)
 .debug_aranges
                0x00000358       0x48 .\CortexM0\ARM_GCC_541\Debug\PathController.a(LED5.o)
 .debug_aranges
                0x000003a0      0x1c8 .\CortexM0\ARM_GCC_541\Debug\PathController.a(CyLib.o)
 .debug_aranges
                0x00000568      0x188 .\CortexM0\ARM_GCC_541\Debug\PathController.a(CyLFClk.o)
 .debug_aranges
                0x000006f0       0x68 .\CortexM0\ARM_GCC_541\Debug\PathController.a(UART_DBG.o)
 .debug_aranges
                0x00000758       0x60 .\CortexM0\ARM_GCC_541\Debug\PathController.a(UART_DBG_SPI_UART.o)
 .debug_aranges
                0x000007b8       0x90 .\CortexM0\ARM_GCC_541\Debug\PathController.a(UART_DBG_UART.o)
 .debug_aranges
                0x00000848       0x80 .\CortexM0\ARM_GCC_541\Debug\PathController.a(UART_DBG_SCB_IRQ.o)
 .debug_aranges
                0x000008c8       0x48 .\CortexM0\ARM_GCC_541\Debug\PathController.a(LED6.o)
 .debug_aranges
                0x00000910       0x80 .\CortexM0\ARM_GCC_541\Debug\PathController.a(WDT_ISR.o)
 .debug_aranges
                0x00000990       0x68 .\CortexM0\ARM_GCC_541\Debug\PathController.a(UART_GPS.o)
 .debug_aranges
                0x000009f8       0x90 .\CortexM0\ARM_GCC_541\Debug\PathController.a(UART_GPS_UART.o)
 .debug_aranges
                0x00000a88       0x68 .\CortexM0\ARM_GCC_541\Debug\PathController.a(UART_FC.o)
 .debug_aranges
                0x00000af0       0x60 .\CortexM0\ARM_GCC_541\Debug\PathController.a(UART_FC_SPI_UART.o)
 .debug_aranges
                0x00000b50       0x90 .\CortexM0\ARM_GCC_541\Debug\PathController.a(UART_FC_UART.o)
 .debug_aranges
                0x00000be0       0x80 .\CortexM0\ARM_GCC_541\Debug\PathController.a(UART_GPS_SCB_IRQ.o)
 .debug_aranges
                0x00000c60       0x80 .\CortexM0\ARM_GCC_541\Debug\PathController.a(UART_FC_SCB_IRQ.o)
 .debug_aranges
                0x00000ce0       0x20 .\CortexM0\ARM_GCC_541\Debug\PathController.a(CyBootAsmGnu.o)
 .debug_aranges
                0x00000d00       0x40 .\CortexM0\ARM_GCC_541\Debug\PathController.a(CyFlash.o)
 .debug_aranges
                0x00000d40       0x20 .\CortexM0\ARM_GCC_541\Debug\PathController.a(UART_DBG_SPI_UART_INT.o)
 .debug_aranges
                0x00000d60       0x60 .\CortexM0\ARM_GCC_541\Debug\PathController.a(UART_GPS_SPI_UART.o)
 .debug_aranges
                0x00000dc0       0x20 .\CortexM0\ARM_GCC_541\Debug\PathController.a(UART_GPS_SPI_UART_INT.o)
 .debug_aranges
                0x00000de0       0x20 .\CortexM0\ARM_GCC_541\Debug\PathController.a(UART_FC_SPI_UART_INT.o)

.debug_pubnames
 *(.debug_pubnames)

.debug_info     0x00000000     0x842c
 *(.debug_info .gnu.linkonce.wi.*)
 .debug_info    0x00000000      0xf73 .\CortexM0\ARM_GCC_541\Debug\main.o
 .debug_info    0x00000f73      0x4c7 .\CortexM0\ARM_GCC_541\Debug\sanitize.o
 .debug_info    0x0000143a      0x707 .\CortexM0\ARM_GCC_541\Debug\algorithm.o
 .debug_info    0x00001b41      0x305 .\CortexM0\ARM_GCC_541\Debug\cordic.o
 .debug_info    0x00001e46      0x293 .\CortexM0\ARM_GCC_541\Debug\cyfitter_cfg.o
 .debug_info    0x000020d9       0xf8 .\CortexM0\ARM_GCC_541\Debug\cymetadata.o
 .debug_info    0x000021d1      0x3a2 .\CortexM0\ARM_GCC_541\Debug\Cm0Start.o
 .debug_info    0x00002573      0x19d .\CortexM0\ARM_GCC_541\Debug\PathController.a(LED4.o)
 .debug_info    0x00002710      0x19d .\CortexM0\ARM_GCC_541\Debug\PathController.a(LED3.o)
 .debug_info    0x000028ad      0x19d .\CortexM0\ARM_GCC_541\Debug\PathController.a(LED2.o)
 .debug_info    0x00002a4a      0x19d .\CortexM0\ARM_GCC_541\Debug\PathController.a(LED1.o)
 .debug_info    0x00002be7      0x19d .\CortexM0\ARM_GCC_541\Debug\PathController.a(LED0.o)
 .debug_info    0x00002d84      0x19b .\CortexM0\ARM_GCC_541\Debug\PathController.a(LED5.o)
 .debug_info    0x00002f1f      0xd40 .\CortexM0\ARM_GCC_541\Debug\PathController.a(CyLib.o)
 .debug_info    0x00003c5f     0x1058 .\CortexM0\ARM_GCC_541\Debug\PathController.a(CyLFClk.o)
 .debug_info    0x00004cb7      0x2e9 .\CortexM0\ARM_GCC_541\Debug\PathController.a(UART_DBG.o)
 .debug_info    0x00004fa0      0x220 .\CortexM0\ARM_GCC_541\Debug\PathController.a(UART_DBG_SPI_UART.o)
 .debug_info    0x000051c0      0x421 .\CortexM0\ARM_GCC_541\Debug\PathController.a(UART_DBG_UART.o)
 .debug_info    0x000055e1      0x504 .\CortexM0\ARM_GCC_541\Debug\PathController.a(UART_DBG_SCB_IRQ.o)
 .debug_info    0x00005ae5      0x19d .\CortexM0\ARM_GCC_541\Debug\PathController.a(LED6.o)
 .debug_info    0x00005c82      0x51f .\CortexM0\ARM_GCC_541\Debug\PathController.a(WDT_ISR.o)
 .debug_info    0x000061a1      0x2e9 .\CortexM0\ARM_GCC_541\Debug\PathController.a(UART_GPS.o)
 .debug_info    0x0000648a      0x421 .\CortexM0\ARM_GCC_541\Debug\PathController.a(UART_GPS_UART.o)
 .debug_info    0x000068ab      0x2e9 .\CortexM0\ARM_GCC_541\Debug\PathController.a(UART_FC.o)
 .debug_info    0x00006b94      0x220 .\CortexM0\ARM_GCC_541\Debug\PathController.a(UART_FC_SPI_UART.o)
 .debug_info    0x00006db4      0x421 .\CortexM0\ARM_GCC_541\Debug\PathController.a(UART_FC_UART.o)
 .debug_info    0x000071d5      0x504 .\CortexM0\ARM_GCC_541\Debug\PathController.a(UART_GPS_SCB_IRQ.o)
 .debug_info    0x000076d9      0x520 .\CortexM0\ARM_GCC_541\Debug\PathController.a(UART_FC_SCB_IRQ.o)
 .debug_info    0x00007bf9       0x89 .\CortexM0\ARM_GCC_541\Debug\PathController.a(CyBootAsmGnu.o)
 .debug_info    0x00007c82      0x350 .\CortexM0\ARM_GCC_541\Debug\PathController.a(CyFlash.o)
 .debug_info    0x00007fd2       0xbe .\CortexM0\ARM_GCC_541\Debug\PathController.a(UART_DBG_SPI_UART_INT.o)
 .debug_info    0x00008090      0x220 .\CortexM0\ARM_GCC_541\Debug\PathController.a(UART_GPS_SPI_UART.o)
 .debug_info    0x000082b0       0xbe .\CortexM0\ARM_GCC_541\Debug\PathController.a(UART_GPS_SPI_UART_INT.o)
 .debug_info    0x0000836e       0xbe .\CortexM0\ARM_GCC_541\Debug\PathController.a(UART_FC_SPI_UART_INT.o)

.debug_abbrev   0x00000000     0x29d1
 *(.debug_abbrev)
 .debug_abbrev  0x00000000      0x297 .\CortexM0\ARM_GCC_541\Debug\main.o
 .debug_abbrev  0x00000297      0x12b .\CortexM0\ARM_GCC_541\Debug\sanitize.o
 .debug_abbrev  0x000003c2      0x1ad .\CortexM0\ARM_GCC_541\Debug\algorithm.o
 .debug_abbrev  0x0000056f      0x14e .\CortexM0\ARM_GCC_541\Debug\cordic.o
 .debug_abbrev  0x000006bd      0x166 .\CortexM0\ARM_GCC_541\Debug\cyfitter_cfg.o
 .debug_abbrev  0x00000823       0x5d .\CortexM0\ARM_GCC_541\Debug\cymetadata.o
 .debug_abbrev  0x00000880      0x1d7 .\CortexM0\ARM_GCC_541\Debug\Cm0Start.o
 .debug_abbrev  0x00000a57       0xc8 .\CortexM0\ARM_GCC_541\Debug\PathController.a(LED4.o)
 .debug_abbrev  0x00000b1f       0xc8 .\CortexM0\ARM_GCC_541\Debug\PathController.a(LED3.o)
 .debug_abbrev  0x00000be7       0xc8 .\CortexM0\ARM_GCC_541\Debug\PathController.a(LED2.o)
 .debug_abbrev  0x00000caf       0xc8 .\CortexM0\ARM_GCC_541\Debug\PathController.a(LED1.o)
 .debug_abbrev  0x00000d77       0xc8 .\CortexM0\ARM_GCC_541\Debug\PathController.a(LED0.o)
 .debug_abbrev  0x00000e3f       0xc8 .\CortexM0\ARM_GCC_541\Debug\PathController.a(LED5.o)
 .debug_abbrev  0x00000f07      0x20b .\CortexM0\ARM_GCC_541\Debug\PathController.a(CyLib.o)
 .debug_abbrev  0x00001112      0x248 .\CortexM0\ARM_GCC_541\Debug\PathController.a(CyLFClk.o)
 .debug_abbrev  0x0000135a      0x118 .\CortexM0\ARM_GCC_541\Debug\PathController.a(UART_DBG.o)
 .debug_abbrev  0x00001472      0x14f .\CortexM0\ARM_GCC_541\Debug\PathController.a(UART_DBG_SPI_UART.o)
 .debug_abbrev  0x000015c1      0x145 .\CortexM0\ARM_GCC_541\Debug\PathController.a(UART_DBG_UART.o)
 .debug_abbrev  0x00001706      0x1fd .\CortexM0\ARM_GCC_541\Debug\PathController.a(UART_DBG_SCB_IRQ.o)
 .debug_abbrev  0x00001903       0xc8 .\CortexM0\ARM_GCC_541\Debug\PathController.a(LED6.o)
 .debug_abbrev  0x000019cb      0x1dd .\CortexM0\ARM_GCC_541\Debug\PathController.a(WDT_ISR.o)
 .debug_abbrev  0x00001ba8      0x118 .\CortexM0\ARM_GCC_541\Debug\PathController.a(UART_GPS.o)
 .debug_abbrev  0x00001cc0      0x145 .\CortexM0\ARM_GCC_541\Debug\PathController.a(UART_GPS_UART.o)
 .debug_abbrev  0x00001e05      0x118 .\CortexM0\ARM_GCC_541\Debug\PathController.a(UART_FC.o)
 .debug_abbrev  0x00001f1d      0x14f .\CortexM0\ARM_GCC_541\Debug\PathController.a(UART_FC_SPI_UART.o)
 .debug_abbrev  0x0000206c      0x145 .\CortexM0\ARM_GCC_541\Debug\PathController.a(UART_FC_UART.o)
 .debug_abbrev  0x000021b1      0x1fd .\CortexM0\ARM_GCC_541\Debug\PathController.a(UART_GPS_SCB_IRQ.o)
 .debug_abbrev  0x000023ae      0x1ee .\CortexM0\ARM_GCC_541\Debug\PathController.a(UART_FC_SCB_IRQ.o)
 .debug_abbrev  0x0000259c       0x14 .\CortexM0\ARM_GCC_541\Debug\PathController.a(CyBootAsmGnu.o)
 .debug_abbrev  0x000025b0      0x182 .\CortexM0\ARM_GCC_541\Debug\PathController.a(CyFlash.o)
 .debug_abbrev  0x00002732       0x70 .\CortexM0\ARM_GCC_541\Debug\PathController.a(UART_DBG_SPI_UART_INT.o)
 .debug_abbrev  0x000027a2      0x14f .\CortexM0\ARM_GCC_541\Debug\PathController.a(UART_GPS_SPI_UART.o)
 .debug_abbrev  0x000028f1       0x70 .\CortexM0\ARM_GCC_541\Debug\PathController.a(UART_GPS_SPI_UART_INT.o)
 .debug_abbrev  0x00002961       0x70 .\CortexM0\ARM_GCC_541\Debug\PathController.a(UART_FC_SPI_UART_INT.o)

.debug_line     0x00000000     0x39d3
 *(.debug_line)
 .debug_line    0x00000000      0x57c .\CortexM0\ARM_GCC_541\Debug\main.o
 .debug_line    0x0000057c      0x21d .\CortexM0\ARM_GCC_541\Debug\sanitize.o
 .debug_line    0x00000799      0x137 .\CortexM0\ARM_GCC_541\Debug\algorithm.o
 .debug_line    0x000008d0      0x211 .\CortexM0\ARM_GCC_541\Debug\cordic.o
 .debug_line    0x00000ae1      0x15b .\CortexM0\ARM_GCC_541\Debug\cyfitter_cfg.o
 .debug_line    0x00000c3c      0x11d .\CortexM0\ARM_GCC_541\Debug\cymetadata.o
 .debug_line    0x00000d59      0x212 .\CortexM0\ARM_GCC_541\Debug\Cm0Start.o
 .debug_line    0x00000f6b       0xbc .\CortexM0\ARM_GCC_541\Debug\PathController.a(LED4.o)
 .debug_line    0x00001027       0xbc .\CortexM0\ARM_GCC_541\Debug\PathController.a(LED3.o)
 .debug_line    0x000010e3       0xbc .\CortexM0\ARM_GCC_541\Debug\PathController.a(LED2.o)
 .debug_line    0x0000119f       0xbc .\CortexM0\ARM_GCC_541\Debug\PathController.a(LED1.o)
 .debug_line    0x0000125b       0xbc .\CortexM0\ARM_GCC_541\Debug\PathController.a(LED0.o)
 .debug_line    0x00001317       0xbb .\CortexM0\ARM_GCC_541\Debug\PathController.a(LED5.o)
 .debug_line    0x000013d2      0x563 .\CortexM0\ARM_GCC_541\Debug\PathController.a(CyLib.o)
 .debug_line    0x00001935      0x5d1 .\CortexM0\ARM_GCC_541\Debug\PathController.a(CyLFClk.o)
 .debug_line    0x00001f06      0x144 .\CortexM0\ARM_GCC_541\Debug\PathController.a(UART_DBG.o)
 .debug_line    0x0000204a      0x11e .\CortexM0\ARM_GCC_541\Debug\PathController.a(UART_DBG_SPI_UART.o)
 .debug_line    0x00002168      0x1e9 .\CortexM0\ARM_GCC_541\Debug\PathController.a(UART_DBG_UART.o)
 .debug_line    0x00002351      0x281 .\CortexM0\ARM_GCC_541\Debug\PathController.a(UART_DBG_SCB_IRQ.o)
 .debug_line    0x000025d2       0xbc .\CortexM0\ARM_GCC_541\Debug\PathController.a(LED6.o)
 .debug_line    0x0000268e      0x248 .\CortexM0\ARM_GCC_541\Debug\PathController.a(WDT_ISR.o)
 .debug_line    0x000028d6      0x144 .\CortexM0\ARM_GCC_541\Debug\PathController.a(UART_GPS.o)
 .debug_line    0x00002a1a      0x1e9 .\CortexM0\ARM_GCC_541\Debug\PathController.a(UART_GPS_UART.o)
 .debug_line    0x00002c03      0x142 .\CortexM0\ARM_GCC_541\Debug\PathController.a(UART_FC.o)
 .debug_line    0x00002d45      0x11d .\CortexM0\ARM_GCC_541\Debug\PathController.a(UART_FC_SPI_UART.o)
 .debug_line    0x00002e62      0x1e6 .\CortexM0\ARM_GCC_541\Debug\PathController.a(UART_FC_UART.o)
 .debug_line    0x00003048      0x284 .\CortexM0\ARM_GCC_541\Debug\PathController.a(UART_GPS_SCB_IRQ.o)
 .debug_line    0x000032cc      0x281 .\CortexM0\ARM_GCC_541\Debug\PathController.a(UART_FC_SCB_IRQ.o)
 .debug_line    0x0000354d       0x68 .\CortexM0\ARM_GCC_541\Debug\PathController.a(CyBootAsmGnu.o)
 .debug_line    0x000035b5      0x173 .\CortexM0\ARM_GCC_541\Debug\PathController.a(CyFlash.o)
 .debug_line    0x00003728       0x85 .\CortexM0\ARM_GCC_541\Debug\PathController.a(UART_DBG_SPI_UART_INT.o)
 .debug_line    0x000037ad      0x11e .\CortexM0\ARM_GCC_541\Debug\PathController.a(UART_GPS_SPI_UART.o)
 .debug_line    0x000038cb       0x85 .\CortexM0\ARM_GCC_541\Debug\PathController.a(UART_GPS_SPI_UART_INT.o)
 .debug_line    0x00003950       0x83 .\CortexM0\ARM_GCC_541\Debug\PathController.a(UART_FC_SPI_UART_INT.o)

.debug_frame    0x00000000     0x25a4
 *(.debug_frame)
 .debug_frame   0x00000000      0x288 .\CortexM0\ARM_GCC_541\Debug\main.o
 .debug_frame   0x00000288       0x60 .\CortexM0\ARM_GCC_541\Debug\sanitize.o
 .debug_frame   0x000002e8       0x98 .\CortexM0\ARM_GCC_541\Debug\algorithm.o
 .debug_frame   0x00000380       0x9c .\CortexM0\ARM_GCC_541\Debug\cordic.o
 .debug_frame   0x0000041c       0x74 .\CortexM0\ARM_GCC_541\Debug\cyfitter_cfg.o
 .debug_frame   0x00000490       0xbc .\CortexM0\ARM_GCC_541\Debug\Cm0Start.o
 .debug_frame   0x0000054c       0x70 .\CortexM0\ARM_GCC_541\Debug\PathController.a(LED4.o)
 .debug_frame   0x000005bc       0x70 .\CortexM0\ARM_GCC_541\Debug\PathController.a(LED3.o)
 .debug_frame   0x0000062c       0x70 .\CortexM0\ARM_GCC_541\Debug\PathController.a(LED2.o)
 .debug_frame   0x0000069c       0x70 .\CortexM0\ARM_GCC_541\Debug\PathController.a(LED1.o)
 .debug_frame   0x0000070c       0x70 .\CortexM0\ARM_GCC_541\Debug\PathController.a(LED0.o)
 .debug_frame   0x0000077c       0x70 .\CortexM0\ARM_GCC_541\Debug\PathController.a(LED5.o)
 .debug_frame   0x000007ec      0x48c .\CortexM0\ARM_GCC_541\Debug\PathController.a(CyLib.o)
 .debug_frame   0x00000c78      0x4a4 .\CortexM0\ARM_GCC_541\Debug\PathController.a(CyLFClk.o)
 .debug_frame   0x0000111c      0x104 .\CortexM0\ARM_GCC_541\Debug\PathController.a(UART_DBG.o)
 .debug_frame   0x00001220       0xb0 .\CortexM0\ARM_GCC_541\Debug\PathController.a(UART_DBG_SPI_UART.o)
 .debug_frame   0x000012d0      0x154 .\CortexM0\ARM_GCC_541\Debug\PathController.a(UART_DBG_UART.o)
 .debug_frame   0x00001424      0x120 .\CortexM0\ARM_GCC_541\Debug\PathController.a(UART_DBG_SCB_IRQ.o)
 .debug_frame   0x00001544       0x70 .\CortexM0\ARM_GCC_541\Debug\PathController.a(LED6.o)
 .debug_frame   0x000015b4      0x11c .\CortexM0\ARM_GCC_541\Debug\PathController.a(WDT_ISR.o)
 .debug_frame   0x000016d0      0x104 .\CortexM0\ARM_GCC_541\Debug\PathController.a(UART_GPS.o)
 .debug_frame   0x000017d4      0x154 .\CortexM0\ARM_GCC_541\Debug\PathController.a(UART_GPS_UART.o)
 .debug_frame   0x00001928      0x104 .\CortexM0\ARM_GCC_541\Debug\PathController.a(UART_FC.o)
 .debug_frame   0x00001a2c       0xb0 .\CortexM0\ARM_GCC_541\Debug\PathController.a(UART_FC_SPI_UART.o)
 .debug_frame   0x00001adc      0x154 .\CortexM0\ARM_GCC_541\Debug\PathController.a(UART_FC_UART.o)
 .debug_frame   0x00001c30      0x120 .\CortexM0\ARM_GCC_541\Debug\PathController.a(UART_GPS_SCB_IRQ.o)
 .debug_frame   0x00001d50      0x120 .\CortexM0\ARM_GCC_541\Debug\PathController.a(UART_FC_SCB_IRQ.o)
 .debug_frame   0x00001e70       0x90 .\CortexM0\ARM_GCC_541\Debug\PathController.a(CyFlash.o)
 .debug_frame   0x00001f00       0x2c .\CortexM0\ARM_GCC_541\Debug\PathController.a(UART_DBG_SPI_UART_INT.o)
 .debug_frame   0x00001f2c       0xb0 .\CortexM0\ARM_GCC_541\Debug\PathController.a(UART_GPS_SPI_UART.o)
 .debug_frame   0x00001fdc       0x2c .\CortexM0\ARM_GCC_541\Debug\PathController.a(UART_GPS_SPI_UART_INT.o)
 .debug_frame   0x00002008       0x2c .\CortexM0\ARM_GCC_541\Debug\PathController.a(UART_FC_SPI_UART_INT.o)
 .debug_frame   0x00002034       0x38 e:/acads/uwm/psoc creator/4.4/psoc creator/import/gnu/arm/5.4.1/bin/../lib/gcc/arm-none-eabi/5.4.1/../../../../arm-none-eabi/lib/armv6-m\libm.a(lib_a-w_fmod.o)
 .debug_frame   0x0000206c       0x38 e:/acads/uwm/psoc creator/4.4/psoc creator/import/gnu/arm/5.4.1/bin/../lib/gcc/arm-none-eabi/5.4.1/../../../../arm-none-eabi/lib/armv6-m\libm.a(lib_a-w_sqrt.o)
 .debug_frame   0x000020a4       0x3c e:/acads/uwm/psoc creator/4.4/psoc creator/import/gnu/arm/5.4.1/bin/../lib/gcc/arm-none-eabi/5.4.1/../../../../arm-none-eabi/lib/armv6-m\libm.a(lib_a-e_fmod.o)
 .debug_frame   0x000020e0       0x3c e:/acads/uwm/psoc creator/4.4/psoc creator/import/gnu/arm/5.4.1/bin/../lib/gcc/arm-none-eabi/5.4.1/../../../../arm-none-eabi/lib/armv6-m\libm.a(lib_a-e_sqrt.o)
 .debug_frame   0x0000211c       0x20 e:/acads/uwm/psoc creator/4.4/psoc creator/import/gnu/arm/5.4.1/bin/../lib/gcc/arm-none-eabi/5.4.1/../../../../arm-none-eabi/lib/armv6-m\libm.a(lib_a-s_matherr.o)
 .debug_frame   0x0000213c       0x20 e:/acads/uwm/psoc creator/4.4/psoc creator/import/gnu/arm/5.4.1/bin/../lib/gcc/arm-none-eabi/5.4.1/armv6-m\libgcc.a(_udivsi3.o)
 .debug_frame   0x0000215c       0x20 e:/acads/uwm/psoc creator/4.4/psoc creator/import/gnu/arm/5.4.1/bin/../lib/gcc/arm-none-eabi/5.4.1/armv6-m\libgcc.a(_divsi3.o)
 .debug_frame   0x0000217c       0x2c e:/acads/uwm/psoc creator/4.4/psoc creator/import/gnu/arm/5.4.1/bin/../lib/gcc/arm-none-eabi/5.4.1/armv6-m\libgcc.a(_fixunsdfsi.o)
 .debug_frame   0x000021a8       0x3c e:/acads/uwm/psoc creator/4.4/psoc creator/import/gnu/arm/5.4.1/bin/../lib/gcc/arm-none-eabi/5.4.1/armv6-m\libgcc.a(adddf3.o)
 .debug_frame   0x000021e4       0x3c e:/acads/uwm/psoc creator/4.4/psoc creator/import/gnu/arm/5.4.1/bin/../lib/gcc/arm-none-eabi/5.4.1/armv6-m\libgcc.a(divdf3.o)
 .debug_frame   0x00002220       0x38 e:/acads/uwm/psoc creator/4.4/psoc creator/import/gnu/arm/5.4.1/bin/../lib/gcc/arm-none-eabi/5.4.1/armv6-m\libgcc.a(eqdf2.o)
 .debug_frame   0x00002258       0x38 e:/acads/uwm/psoc creator/4.4/psoc creator/import/gnu/arm/5.4.1/bin/../lib/gcc/arm-none-eabi/5.4.1/armv6-m\libgcc.a(gedf2.o)
 .debug_frame   0x00002290       0x38 e:/acads/uwm/psoc creator/4.4/psoc creator/import/gnu/arm/5.4.1/bin/../lib/gcc/arm-none-eabi/5.4.1/armv6-m\libgcc.a(ledf2.o)
 .debug_frame   0x000022c8       0x3c e:/acads/uwm/psoc creator/4.4/psoc creator/import/gnu/arm/5.4.1/bin/../lib/gcc/arm-none-eabi/5.4.1/armv6-m\libgcc.a(muldf3.o)
 .debug_frame   0x00002304       0x38 e:/acads/uwm/psoc creator/4.4/psoc creator/import/gnu/arm/5.4.1/bin/../lib/gcc/arm-none-eabi/5.4.1/armv6-m\libgcc.a(subdf3.o)
 .debug_frame   0x0000233c       0x2c e:/acads/uwm/psoc creator/4.4/psoc creator/import/gnu/arm/5.4.1/bin/../lib/gcc/arm-none-eabi/5.4.1/armv6-m\libgcc.a(unorddf2.o)
 .debug_frame   0x00002368       0x2c e:/acads/uwm/psoc creator/4.4/psoc creator/import/gnu/arm/5.4.1/bin/../lib/gcc/arm-none-eabi/5.4.1/armv6-m\libgcc.a(fixdfsi.o)
 .debug_frame   0x00002394       0x2c e:/acads/uwm/psoc creator/4.4/psoc creator/import/gnu/arm/5.4.1/bin/../lib/gcc/arm-none-eabi/5.4.1/armv6-m\libgcc.a(floatsidf.o)
 .debug_frame   0x000023c0       0x2c e:/acads/uwm/psoc creator/4.4/psoc creator/import/gnu/arm/5.4.1/bin/../lib/gcc/arm-none-eabi/5.4.1/armv6-m\libgcc.a(floatunsidf.o)
 .debug_frame   0x000023ec       0x20 e:/acads/uwm/psoc creator/4.4/psoc creator/import/gnu/arm/5.4.1/bin/../lib/gcc/arm-none-eabi/5.4.1/../../../../arm-none-eabi/lib/armv6-m\libg_nano.a(lib_a-errno.o)
 .debug_frame   0x0000240c       0x28 e:/acads/uwm/psoc creator/4.4/psoc creator/import/gnu/arm/5.4.1/bin/../lib/gcc/arm-none-eabi/5.4.1/../../../../arm-none-eabi/lib/armv6-m\libg_nano.a(lib_a-exit.o)
 .debug_frame   0x00002434       0x2c e:/acads/uwm/psoc creator/4.4/psoc creator/import/gnu/arm/5.4.1/bin/../lib/gcc/arm-none-eabi/5.4.1/../../../../arm-none-eabi/lib/armv6-m\libg_nano.a(lib_a-init.o)
 .debug_frame   0x00002460       0x28 e:/acads/uwm/psoc creator/4.4/psoc creator/import/gnu/arm/5.4.1/bin/../lib/gcc/arm-none-eabi/5.4.1/../../../../arm-none-eabi/lib/armv6-m\libg_nano.a(lib_a-memcpy-stub.o)
 .debug_frame   0x00002488       0x20 e:/acads/uwm/psoc creator/4.4/psoc creator/import/gnu/arm/5.4.1/bin/../lib/gcc/arm-none-eabi/5.4.1/../../../../arm-none-eabi/lib/armv6-m\libg_nano.a(lib_a-memset.o)
 .debug_frame   0x000024a8       0x20 e:/acads/uwm/psoc creator/4.4/psoc creator/import/gnu/arm/5.4.1/bin/../lib/gcc/arm-none-eabi/5.4.1/../../../../arm-none-eabi/lib/armv6-m\libg_nano.a(lib_a-strchr.o)
 .debug_frame   0x000024c8       0x20 e:/acads/uwm/psoc creator/4.4/psoc creator/import/gnu/arm/5.4.1/bin/../lib/gcc/arm-none-eabi/5.4.1/../../../../arm-none-eabi/lib/armv6-m\libg_nano.a(lib_a-strcmp.o)
 .debug_frame   0x000024e8       0x2c e:/acads/uwm/psoc creator/4.4/psoc creator/import/gnu/arm/5.4.1/bin/../lib/gcc/arm-none-eabi/5.4.1/../../../../arm-none-eabi/lib/armv6-m\libg_nano.a(lib_a-strncpy.o)
 .debug_frame   0x00002514       0x48 e:/acads/uwm/psoc creator/4.4/psoc creator/import/gnu/arm/5.4.1/bin/../lib/gcc/arm-none-eabi/5.4.1/../../../../arm-none-eabi/lib/armv6-m\libg_nano.a(lib_a-strtok_r.o)
 .debug_frame   0x0000255c       0x48 e:/acads/uwm/psoc creator/4.4/psoc creator/import/gnu/arm/5.4.1/bin/../lib/gcc/arm-none-eabi/5.4.1/../../../../arm-none-eabi/lib/armv6-m\libg_nano.a(lib_a-strtol.o)

.debug_str      0x00000000     0x2f90
 *(.debug_str)
 .debug_str     0x00000000      0x682 .\CortexM0\ARM_GCC_541\Debug\main.o
                                0x778 (size before relaxing)
 .debug_str     0x00000682       0xcf .\CortexM0\ARM_GCC_541\Debug\sanitize.o
                                0x291 (size before relaxing)
 .debug_str     0x00000751      0x259 .\CortexM0\ARM_GCC_541\Debug\algorithm.o
                                0x461 (size before relaxing)
 .debug_str     0x000009aa       0x8e .\CortexM0\ARM_GCC_541\Debug\cordic.o
                                0x236 (size before relaxing)
 .debug_str     0x00000a38       0xbc .\CortexM0\ARM_GCC_541\Debug\cyfitter_cfg.o
                                0x258 (size before relaxing)
 .debug_str     0x00000af4       0x59 .\CortexM0\ARM_GCC_541\Debug\cymetadata.o
                                0x1c1 (size before relaxing)
 .debug_str     0x00000b4d      0x135 .\CortexM0\ARM_GCC_541\Debug\Cm0Start.o
                                0x2fa (size before relaxing)
 .debug_str     0x00000c82       0x9e .\CortexM0\ARM_GCC_541\Debug\PathController.a(LED4.o)
                                0x228 (size before relaxing)
 .debug_str     0x00000d20       0x75 .\CortexM0\ARM_GCC_541\Debug\PathController.a(LED3.o)
                                0x228 (size before relaxing)
 .debug_str     0x00000d95       0x75 .\CortexM0\ARM_GCC_541\Debug\PathController.a(LED2.o)
                                0x228 (size before relaxing)
 .debug_str     0x00000e0a       0x75 .\CortexM0\ARM_GCC_541\Debug\PathController.a(LED1.o)
                                0x228 (size before relaxing)
 .debug_str     0x00000e7f       0x75 .\CortexM0\ARM_GCC_541\Debug\PathController.a(LED0.o)
                                0x228 (size before relaxing)
 .debug_str     0x00000ef4       0x75 .\CortexM0\ARM_GCC_541\Debug\PathController.a(LED5.o)
                                0x228 (size before relaxing)
 .debug_str     0x00000f69      0x60b .\CortexM0\ARM_GCC_541\Debug\PathController.a(CyLib.o)
                                0x7f6 (size before relaxing)
 .debug_str     0x00001574      0x6da .\CortexM0\ARM_GCC_541\Debug\PathController.a(CyLFClk.o)
                                0x916 (size before relaxing)
 .debug_str     0x00001c4e      0x185 .\CortexM0\ARM_GCC_541\Debug\PathController.a(UART_DBG.o)
                                0x34d (size before relaxing)
 .debug_str     0x00001dd3      0x141 .\CortexM0\ARM_GCC_541\Debug\PathController.a(UART_DBG_SPI_UART.o)
                                0x2ef (size before relaxing)
 .debug_str     0x00001f14      0x1c6 .\CortexM0\ARM_GCC_541\Debug\PathController.a(UART_DBG_UART.o)
                                0x444 (size before relaxing)
 .debug_str     0x000020da      0x183 .\CortexM0\ARM_GCC_541\Debug\PathController.a(UART_DBG_SCB_IRQ.o)
                                0x4f2 (size before relaxing)
 .debug_str     0x0000225d       0x75 .\CortexM0\ARM_GCC_541\Debug\PathController.a(LED6.o)
                                0x228 (size before relaxing)
 .debug_str     0x000022d2       0xf4 .\CortexM0\ARM_GCC_541\Debug\PathController.a(WDT_ISR.o)
                                0x481 (size before relaxing)
 .debug_str     0x000023c6      0x164 .\CortexM0\ARM_GCC_541\Debug\PathController.a(UART_GPS.o)
                                0x34d (size before relaxing)
 .debug_str     0x0000252a      0x1af .\CortexM0\ARM_GCC_541\Debug\PathController.a(UART_GPS_UART.o)
                                0x444 (size before relaxing)
 .debug_str     0x000026d9      0x154 .\CortexM0\ARM_GCC_541\Debug\PathController.a(UART_FC.o)
                                0x33c (size before relaxing)
 .debug_str     0x0000282d      0x10c .\CortexM0\ARM_GCC_541\Debug\PathController.a(UART_FC_SPI_UART.o)
                                0x2e5 (size before relaxing)
 .debug_str     0x00002939      0x14b .\CortexM0\ARM_GCC_541\Debug\PathController.a(UART_FC_UART.o)
                                0x430 (size before relaxing)
 .debug_str     0x00002a84      0x169 .\CortexM0\ARM_GCC_541\Debug\PathController.a(UART_GPS_SCB_IRQ.o)
                                0x4f2 (size before relaxing)
 .debug_str     0x00002bed      0x15c .\CortexM0\ARM_GCC_541\Debug\PathController.a(UART_FC_SCB_IRQ.o)
                                0x4e2 (size before relaxing)
 .debug_str     0x00002d49       0xa0 .\CortexM0\ARM_GCC_541\Debug\PathController.a(CyFlash.o)
                                0x2a9 (size before relaxing)
 .debug_str     0x00002de9       0x45 .\CortexM0\ARM_GCC_541\Debug\PathController.a(UART_DBG_SPI_UART_INT.o)
                                0x1e1 (size before relaxing)
 .debug_str     0x00002e2e       0xda .\CortexM0\ARM_GCC_541\Debug\PathController.a(UART_GPS_SPI_UART.o)
                                0x2ef (size before relaxing)
 .debug_str     0x00002f08       0x45 .\CortexM0\ARM_GCC_541\Debug\PathController.a(UART_GPS_SPI_UART_INT.o)
                                0x1e1 (size before relaxing)
 .debug_str     0x00002f4d       0x43 .\CortexM0\ARM_GCC_541\Debug\PathController.a(UART_FC_SPI_UART_INT.o)
                                0x1de (size before relaxing)

.debug_loc      0x00000000     0x3b57
 *(.debug_loc)
 .debug_loc     0x00000000      0x685 .\CortexM0\ARM_GCC_541\Debug\main.o
 .debug_loc     0x00000685      0x20e .\CortexM0\ARM_GCC_541\Debug\sanitize.o
 .debug_loc     0x00000893      0x42a .\CortexM0\ARM_GCC_541\Debug\algorithm.o
 .debug_loc     0x00000cbd      0x413 .\CortexM0\ARM_GCC_541\Debug\cordic.o
 .debug_loc     0x000010d0       0xa9 .\CortexM0\ARM_GCC_541\Debug\cyfitter_cfg.o
 .debug_loc     0x00001179      0x14f .\CortexM0\ARM_GCC_541\Debug\Cm0Start.o
 .debug_loc     0x000012c8       0xa2 .\CortexM0\ARM_GCC_541\Debug\PathController.a(LED4.o)
 .debug_loc     0x0000136a       0xa2 .\CortexM0\ARM_GCC_541\Debug\PathController.a(LED3.o)
 .debug_loc     0x0000140c       0xa2 .\CortexM0\ARM_GCC_541\Debug\PathController.a(LED2.o)
 .debug_loc     0x000014ae       0xa2 .\CortexM0\ARM_GCC_541\Debug\PathController.a(LED1.o)
 .debug_loc     0x00001550       0xa2 .\CortexM0\ARM_GCC_541\Debug\PathController.a(LED0.o)
 .debug_loc     0x000015f2       0x81 .\CortexM0\ARM_GCC_541\Debug\PathController.a(LED5.o)
 .debug_loc     0x00001673      0x81c .\CortexM0\ARM_GCC_541\Debug\PathController.a(CyLib.o)
 .debug_loc     0x00001e8f      0xdb7 .\CortexM0\ARM_GCC_541\Debug\PathController.a(CyLFClk.o)
 .debug_loc     0x00002c46       0x7e .\CortexM0\ARM_GCC_541\Debug\PathController.a(UART_DBG.o)
 .debug_loc     0x00002cc4       0x96 .\CortexM0\ARM_GCC_541\Debug\PathController.a(UART_DBG_SPI_UART.o)
 .debug_loc     0x00002d5a      0x223 .\CortexM0\ARM_GCC_541\Debug\PathController.a(UART_DBG_UART.o)
 .debug_loc     0x00002f7d       0xeb .\CortexM0\ARM_GCC_541\Debug\PathController.a(UART_DBG_SCB_IRQ.o)
 .debug_loc     0x00003068       0xa2 .\CortexM0\ARM_GCC_541\Debug\PathController.a(LED6.o)
 .debug_loc     0x0000310a       0xa0 .\CortexM0\ARM_GCC_541\Debug\PathController.a(WDT_ISR.o)
 .debug_loc     0x000031aa       0x7e .\CortexM0\ARM_GCC_541\Debug\PathController.a(UART_GPS.o)
 .debug_loc     0x00003228      0x223 .\CortexM0\ARM_GCC_541\Debug\PathController.a(UART_GPS_UART.o)
 .debug_loc     0x0000344b       0x7e .\CortexM0\ARM_GCC_541\Debug\PathController.a(UART_FC.o)
 .debug_loc     0x000034c9       0x96 .\CortexM0\ARM_GCC_541\Debug\PathController.a(UART_FC_SPI_UART.o)
 .debug_loc     0x0000355f      0x223 .\CortexM0\ARM_GCC_541\Debug\PathController.a(UART_FC_UART.o)
 .debug_loc     0x00003782       0xf6 .\CortexM0\ARM_GCC_541\Debug\PathController.a(UART_GPS_SCB_IRQ.o)
 .debug_loc     0x00003878       0xe9 .\CortexM0\ARM_GCC_541\Debug\PathController.a(UART_FC_SCB_IRQ.o)
 .debug_loc     0x00003961      0x160 .\CortexM0\ARM_GCC_541\Debug\PathController.a(CyFlash.o)
 .debug_loc     0x00003ac1       0x96 .\CortexM0\ARM_GCC_541\Debug\PathController.a(UART_GPS_SPI_UART.o)

.debug_macinfo
 *(.debug_macinfo)

.debug_ranges   0x00000000      0xbc8
 *(.debug_ranges)
 .debug_ranges  0x00000000       0xb0 .\CortexM0\ARM_GCC_541\Debug\main.o
 .debug_ranges  0x000000b0       0x18 .\CortexM0\ARM_GCC_541\Debug\sanitize.o
 .debug_ranges  0x000000c8       0x28 .\CortexM0\ARM_GCC_541\Debug\algorithm.o
 .debug_ranges  0x000000f0       0x28 .\CortexM0\ARM_GCC_541\Debug\cordic.o
 .debug_ranges  0x00000118       0x28 .\CortexM0\ARM_GCC_541\Debug\cyfitter_cfg.o
 .debug_ranges  0x00000140       0x38 .\CortexM0\ARM_GCC_541\Debug\Cm0Start.o
 .debug_ranges  0x00000178       0x38 .\CortexM0\ARM_GCC_541\Debug\PathController.a(LED4.o)
 .debug_ranges  0x000001b0       0x38 .\CortexM0\ARM_GCC_541\Debug\PathController.a(LED3.o)
 .debug_ranges  0x000001e8       0x38 .\CortexM0\ARM_GCC_541\Debug\PathController.a(LED2.o)
 .debug_ranges  0x00000220       0x38 .\CortexM0\ARM_GCC_541\Debug\PathController.a(LED1.o)
 .debug_ranges  0x00000258       0x38 .\CortexM0\ARM_GCC_541\Debug\PathController.a(LED0.o)
 .debug_ranges  0x00000290       0x38 .\CortexM0\ARM_GCC_541\Debug\PathController.a(LED5.o)
 .debug_ranges  0x000002c8      0x1b8 .\CortexM0\ARM_GCC_541\Debug\PathController.a(CyLib.o)
 .debug_ranges  0x00000480      0x178 .\CortexM0\ARM_GCC_541\Debug\PathController.a(CyLFClk.o)
 .debug_ranges  0x000005f8       0x58 .\CortexM0\ARM_GCC_541\Debug\PathController.a(UART_DBG.o)
 .debug_ranges  0x00000650       0x50 .\CortexM0\ARM_GCC_541\Debug\PathController.a(UART_DBG_SPI_UART.o)
 .debug_ranges  0x000006a0       0x80 .\CortexM0\ARM_GCC_541\Debug\PathController.a(UART_DBG_UART.o)
 .debug_ranges  0x00000720       0x70 .\CortexM0\ARM_GCC_541\Debug\PathController.a(UART_DBG_SCB_IRQ.o)
 .debug_ranges  0x00000790       0x38 .\CortexM0\ARM_GCC_541\Debug\PathController.a(LED6.o)
 .debug_ranges  0x000007c8       0x70 .\CortexM0\ARM_GCC_541\Debug\PathController.a(WDT_ISR.o)
 .debug_ranges  0x00000838       0x58 .\CortexM0\ARM_GCC_541\Debug\PathController.a(UART_GPS.o)
 .debug_ranges  0x00000890       0x80 .\CortexM0\ARM_GCC_541\Debug\PathController.a(UART_GPS_UART.o)
 .debug_ranges  0x00000910       0x58 .\CortexM0\ARM_GCC_541\Debug\PathController.a(UART_FC.o)
 .debug_ranges  0x00000968       0x50 .\CortexM0\ARM_GCC_541\Debug\PathController.a(UART_FC_SPI_UART.o)
 .debug_ranges  0x000009b8       0x80 .\CortexM0\ARM_GCC_541\Debug\PathController.a(UART_FC_UART.o)
 .debug_ranges  0x00000a38       0x70 .\CortexM0\ARM_GCC_541\Debug\PathController.a(UART_GPS_SCB_IRQ.o)
 .debug_ranges  0x00000aa8       0x70 .\CortexM0\ARM_GCC_541\Debug\PathController.a(UART_FC_SCB_IRQ.o)
 .debug_ranges  0x00000b18       0x30 .\CortexM0\ARM_GCC_541\Debug\PathController.a(CyFlash.o)
 .debug_ranges  0x00000b48       0x10 .\CortexM0\ARM_GCC_541\Debug\PathController.a(UART_DBG_SPI_UART_INT.o)
 .debug_ranges  0x00000b58       0x50 .\CortexM0\ARM_GCC_541\Debug\PathController.a(UART_GPS_SPI_UART.o)
 .debug_ranges  0x00000ba8       0x10 .\CortexM0\ARM_GCC_541\Debug\PathController.a(UART_GPS_SPI_UART_INT.o)
 .debug_ranges  0x00000bb8       0x10 .\CortexM0\ARM_GCC_541\Debug\PathController.a(UART_FC_SPI_UART_INT.o)

.comment        0x00000000       0x6e
 .comment       0x00000000       0x6e .\CortexM0\ARM_GCC_541\Debug\main.o
                                 0x6f (size before relaxing)
 .comment       0x0000006e       0x6f .\CortexM0\ARM_GCC_541\Debug\sanitize.o
 .comment       0x0000006e       0x6f .\CortexM0\ARM_GCC_541\Debug\algorithm.o
 .comment       0x0000006e       0x6f .\CortexM0\ARM_GCC_541\Debug\cordic.o
 .comment       0x0000006e       0x6f .\CortexM0\ARM_GCC_541\Debug\cyfitter_cfg.o
 .comment       0x0000006e       0x6f .\CortexM0\ARM_GCC_541\Debug\cymetadata.o
 .comment       0x0000006e       0x6f .\CortexM0\ARM_GCC_541\Debug\Cm0Start.o
 .comment       0x0000006e       0x6f .\CortexM0\ARM_GCC_541\Debug\PathController.a(LED4.o)
 .comment       0x0000006e       0x6f .\CortexM0\ARM_GCC_541\Debug\PathController.a(LED3.o)
 .comment       0x0000006e       0x6f .\CortexM0\ARM_GCC_541\Debug\PathController.a(LED2.o)
 .comment       0x0000006e       0x6f .\CortexM0\ARM_GCC_541\Debug\PathController.a(LED1.o)
 .comment       0x0000006e       0x6f .\CortexM0\ARM_GCC_541\Debug\PathController.a(LED0.o)
 .comment       0x0000006e       0x6f .\CortexM0\ARM_GCC_541\Debug\PathController.a(LED5.o)
 .comment       0x0000006e       0x6f .\CortexM0\ARM_GCC_541\Debug\PathController.a(CyLib.o)
 .comment       0x0000006e       0x6f .\CortexM0\ARM_GCC_541\Debug\PathController.a(CyLFClk.o)
 .comment       0x0000006e       0x6f .\CortexM0\ARM_GCC_541\Debug\PathController.a(UART_DBG.o)
 .comment       0x0000006e       0x6f .\CortexM0\ARM_GCC_541\Debug\PathController.a(UART_DBG_SPI_UART.o)
 .comment       0x0000006e       0x6f .\CortexM0\ARM_GCC_541\Debug\PathController.a(UART_DBG_UART.o)
 .comment       0x0000006e       0x6f .\CortexM0\ARM_GCC_541\Debug\PathController.a(UART_DBG_SCB_IRQ.o)
 .comment       0x0000006e       0x6f .\CortexM0\ARM_GCC_541\Debug\PathController.a(LED6.o)
 .comment       0x0000006e       0x6f .\CortexM0\ARM_GCC_541\Debug\PathController.a(WDT_ISR.o)
 .comment       0x0000006e       0x6f .\CortexM0\ARM_GCC_541\Debug\PathController.a(UART_GPS.o)
 .comment       0x0000006e       0x6f .\CortexM0\ARM_GCC_541\Debug\PathController.a(UART_GPS_UART.o)
 .comment       0x0000006e       0x6f .\CortexM0\ARM_GCC_541\Debug\PathController.a(UART_FC.o)
 .comment       0x0000006e       0x6f .\CortexM0\ARM_GCC_541\Debug\PathController.a(UART_FC_SPI_UART.o)
 .comment       0x0000006e       0x6f .\CortexM0\ARM_GCC_541\Debug\PathController.a(UART_FC_UART.o)
 .comment       0x0000006e       0x6f .\CortexM0\ARM_GCC_541\Debug\PathController.a(UART_GPS_SCB_IRQ.o)
 .comment       0x0000006e       0x6f .\CortexM0\ARM_GCC_541\Debug\PathController.a(UART_FC_SCB_IRQ.o)
 .comment       0x0000006e       0x6f .\CortexM0\ARM_GCC_541\Debug\PathController.a(CyFlash.o)
 .comment       0x0000006e       0x6f .\CortexM0\ARM_GCC_541\Debug\PathController.a(UART_DBG_SPI_UART_INT.o)
 .comment       0x0000006e       0x6f .\CortexM0\ARM_GCC_541\Debug\PathController.a(UART_GPS_SPI_UART.o)
 .comment       0x0000006e       0x6f .\CortexM0\ARM_GCC_541\Debug\PathController.a(UART_GPS_SPI_UART_INT.o)
 .comment       0x0000006e       0x6f .\CortexM0\ARM_GCC_541\Debug\PathController.a(UART_FC_SPI_UART_INT.o)

.debug_weaknames
 *(.debug_weaknames)

.debug_funcnames
 *(.debug_funcnames)

.debug_typenames
 *(.debug_typenames)

.debug_varnames
 *(.debug_varnames)

.note.gnu.arm.ident
 *(.note.gnu.arm.ident)

.ARM.attributes
                0x00000000       0x28
 *(.ARM.attributes)
 .ARM.attributes
                0x00000000       0x1e e:/acads/uwm/psoc creator/4.4/psoc creator/import/gnu/arm/5.4.1/bin/../lib/gcc/arm-none-eabi/5.4.1/armv6-m/crti.o
 .ARM.attributes
                0x0000001e       0x2c e:/acads/uwm/psoc creator/4.4/psoc creator/import/gnu/arm/5.4.1/bin/../lib/gcc/arm-none-eabi/5.4.1/armv6-m/crtbegin.o
 .ARM.attributes
                0x0000004a       0x1b e:/acads/uwm/psoc creator/4.4/psoc creator/import/gnu/arm/5.4.1/bin/../lib/gcc/arm-none-eabi/5.4.1/../../../../arm-none-eabi/lib/armv6-m/crt0.o
 .ARM.attributes
                0x00000065       0x31 .\CortexM0\ARM_GCC_541\Debug\main.o
 .ARM.attributes
                0x00000096       0x31 .\CortexM0\ARM_GCC_541\Debug\sanitize.o
 .ARM.attributes
                0x000000c7       0x31 .\CortexM0\ARM_GCC_541\Debug\algorithm.o
 .ARM.attributes
                0x000000f8       0x31 .\CortexM0\ARM_GCC_541\Debug\cordic.o
 .ARM.attributes
                0x00000129       0x31 .\CortexM0\ARM_GCC_541\Debug\cyfitter_cfg.o
 .ARM.attributes
                0x0000015a       0x31 .\CortexM0\ARM_GCC_541\Debug\cymetadata.o
 .ARM.attributes
                0x0000018b       0x31 .\CortexM0\ARM_GCC_541\Debug\Cm0Start.o
 .ARM.attributes
                0x000001bc       0x31 .\CortexM0\ARM_GCC_541\Debug\PathController.a(LED4.o)
 .ARM.attributes
                0x000001ed       0x31 .\CortexM0\ARM_GCC_541\Debug\PathController.a(LED3.o)
 .ARM.attributes
                0x0000021e       0x31 .\CortexM0\ARM_GCC_541\Debug\PathController.a(LED2.o)
 .ARM.attributes
                0x0000024f       0x31 .\CortexM0\ARM_GCC_541\Debug\PathController.a(LED1.o)
 .ARM.attributes
                0x00000280       0x31 .\CortexM0\ARM_GCC_541\Debug\PathController.a(LED0.o)
 .ARM.attributes
                0x000002b1       0x31 .\CortexM0\ARM_GCC_541\Debug\PathController.a(LED5.o)
 .ARM.attributes
                0x000002e2       0x31 .\CortexM0\ARM_GCC_541\Debug\PathController.a(CyLib.o)
 .ARM.attributes
                0x00000313       0x31 .\CortexM0\ARM_GCC_541\Debug\PathController.a(CyLFClk.o)
 .ARM.attributes
                0x00000344       0x31 .\CortexM0\ARM_GCC_541\Debug\PathController.a(UART_DBG.o)
 .ARM.attributes
                0x00000375       0x31 .\CortexM0\ARM_GCC_541\Debug\PathController.a(UART_DBG_SPI_UART.o)
 .ARM.attributes
                0x000003a6       0x31 .\CortexM0\ARM_GCC_541\Debug\PathController.a(UART_DBG_UART.o)
 .ARM.attributes
                0x000003d7       0x31 .\CortexM0\ARM_GCC_541\Debug\PathController.a(UART_DBG_SCB_IRQ.o)
 .ARM.attributes
                0x00000408       0x31 .\CortexM0\ARM_GCC_541\Debug\PathController.a(LED6.o)
 .ARM.attributes
                0x00000439       0x31 .\CortexM0\ARM_GCC_541\Debug\PathController.a(WDT_ISR.o)
 .ARM.attributes
                0x0000046a       0x31 .\CortexM0\ARM_GCC_541\Debug\PathController.a(UART_GPS.o)
 .ARM.attributes
                0x0000049b       0x31 .\CortexM0\ARM_GCC_541\Debug\PathController.a(UART_GPS_UART.o)
 .ARM.attributes
                0x000004cc       0x31 .\CortexM0\ARM_GCC_541\Debug\PathController.a(UART_FC.o)
 .ARM.attributes
                0x000004fd       0x31 .\CortexM0\ARM_GCC_541\Debug\PathController.a(UART_FC_SPI_UART.o)
 .ARM.attributes
                0x0000052e       0x31 .\CortexM0\ARM_GCC_541\Debug\PathController.a(UART_FC_UART.o)
 .ARM.attributes
                0x0000055f       0x31 .\CortexM0\ARM_GCC_541\Debug\PathController.a(UART_GPS_SCB_IRQ.o)
 .ARM.attributes
                0x00000590       0x31 .\CortexM0\ARM_GCC_541\Debug\PathController.a(UART_FC_SCB_IRQ.o)
 .ARM.attributes
                0x000005c1       0x21 .\CortexM0\ARM_GCC_541\Debug\PathController.a(CyBootAsmGnu.o)
 .ARM.attributes
                0x000005e2       0x31 .\CortexM0\ARM_GCC_541\Debug\PathController.a(CyFlash.o)
 .ARM.attributes
                0x00000613       0x31 .\CortexM0\ARM_GCC_541\Debug\PathController.a(UART_DBG_SPI_UART_INT.o)
 .ARM.attributes
                0x00000644       0x31 .\CortexM0\ARM_GCC_541\Debug\PathController.a(UART_GPS_SPI_UART.o)
 .ARM.attributes
                0x00000675       0x31 .\CortexM0\ARM_GCC_541\Debug\PathController.a(UART_GPS_SPI_UART_INT.o)
 .ARM.attributes
                0x000006a6       0x31 .\CortexM0\ARM_GCC_541\Debug\PathController.a(UART_FC_SPI_UART_INT.o)
 .ARM.attributes
                0x000006d7       0x2c e:/acads/uwm/psoc creator/4.4/psoc creator/import/gnu/arm/5.4.1/bin/../lib/gcc/arm-none-eabi/5.4.1/../../../../arm-none-eabi/lib/armv6-m\libm.a(lib_a-w_fmod.o)
 .ARM.attributes
                0x00000703       0x2c e:/acads/uwm/psoc creator/4.4/psoc creator/import/gnu/arm/5.4.1/bin/../lib/gcc/arm-none-eabi/5.4.1/../../../../arm-none-eabi/lib/armv6-m\libm.a(lib_a-w_sqrt.o)
 .ARM.attributes
                0x0000072f       0x2c e:/acads/uwm/psoc creator/4.4/psoc creator/import/gnu/arm/5.4.1/bin/../lib/gcc/arm-none-eabi/5.4.1/../../../../arm-none-eabi/lib/armv6-m\libm.a(lib_a-e_fmod.o)
 .ARM.attributes
                0x0000075b       0x2c e:/acads/uwm/psoc creator/4.4/psoc creator/import/gnu/arm/5.4.1/bin/../lib/gcc/arm-none-eabi/5.4.1/../../../../arm-none-eabi/lib/armv6-m\libm.a(lib_a-e_sqrt.o)
 .ARM.attributes
                0x00000787       0x2c e:/acads/uwm/psoc creator/4.4/psoc creator/import/gnu/arm/5.4.1/bin/../lib/gcc/arm-none-eabi/5.4.1/../../../../arm-none-eabi/lib/armv6-m\libm.a(lib_a-s_lib_ver.o)
 .ARM.attributes
                0x000007b3       0x2c e:/acads/uwm/psoc creator/4.4/psoc creator/import/gnu/arm/5.4.1/bin/../lib/gcc/arm-none-eabi/5.4.1/../../../../arm-none-eabi/lib/armv6-m\libm.a(lib_a-s_matherr.o)
 .ARM.attributes
                0x000007df       0x1e e:/acads/uwm/psoc creator/4.4/psoc creator/import/gnu/arm/5.4.1/bin/../lib/gcc/arm-none-eabi/5.4.1/armv6-m\libgcc.a(_udivsi3.o)
 .ARM.attributes
                0x000007fd       0x1e e:/acads/uwm/psoc creator/4.4/psoc creator/import/gnu/arm/5.4.1/bin/../lib/gcc/arm-none-eabi/5.4.1/armv6-m\libgcc.a(_divsi3.o)
 .ARM.attributes
                0x0000081b       0x1e e:/acads/uwm/psoc creator/4.4/psoc creator/import/gnu/arm/5.4.1/bin/../lib/gcc/arm-none-eabi/5.4.1/armv6-m\libgcc.a(_dvmd_tls.o)
 .ARM.attributes
                0x00000839       0x1e e:/acads/uwm/psoc creator/4.4/psoc creator/import/gnu/arm/5.4.1/bin/../lib/gcc/arm-none-eabi/5.4.1/armv6-m\libgcc.a(_arm_cmpdf2.o)
 .ARM.attributes
                0x00000857       0x2c e:/acads/uwm/psoc creator/4.4/psoc creator/import/gnu/arm/5.4.1/bin/../lib/gcc/arm-none-eabi/5.4.1/armv6-m\libgcc.a(_fixunsdfsi.o)
 .ARM.attributes
                0x00000883       0x2c e:/acads/uwm/psoc creator/4.4/psoc creator/import/gnu/arm/5.4.1/bin/../lib/gcc/arm-none-eabi/5.4.1/armv6-m\libgcc.a(adddf3.o)
 .ARM.attributes
                0x000008af       0x2c e:/acads/uwm/psoc creator/4.4/psoc creator/import/gnu/arm/5.4.1/bin/../lib/gcc/arm-none-eabi/5.4.1/armv6-m\libgcc.a(divdf3.o)
 .ARM.attributes
                0x000008db       0x2c e:/acads/uwm/psoc creator/4.4/psoc creator/import/gnu/arm/5.4.1/bin/../lib/gcc/arm-none-eabi/5.4.1/armv6-m\libgcc.a(eqdf2.o)
 .ARM.attributes
                0x00000907       0x2c e:/acads/uwm/psoc creator/4.4/psoc creator/import/gnu/arm/5.4.1/bin/../lib/gcc/arm-none-eabi/5.4.1/armv6-m\libgcc.a(gedf2.o)
 .ARM.attributes
                0x00000933       0x2c e:/acads/uwm/psoc creator/4.4/psoc creator/import/gnu/arm/5.4.1/bin/../lib/gcc/arm-none-eabi/5.4.1/armv6-m\libgcc.a(ledf2.o)
 .ARM.attributes
                0x0000095f       0x2c e:/acads/uwm/psoc creator/4.4/psoc creator/import/gnu/arm/5.4.1/bin/../lib/gcc/arm-none-eabi/5.4.1/armv6-m\libgcc.a(muldf3.o)
 .ARM.attributes
                0x0000098b       0x2c e:/acads/uwm/psoc creator/4.4/psoc creator/import/gnu/arm/5.4.1/bin/../lib/gcc/arm-none-eabi/5.4.1/armv6-m\libgcc.a(subdf3.o)
 .ARM.attributes
                0x000009b7       0x2c e:/acads/uwm/psoc creator/4.4/psoc creator/import/gnu/arm/5.4.1/bin/../lib/gcc/arm-none-eabi/5.4.1/armv6-m\libgcc.a(unorddf2.o)
 .ARM.attributes
                0x000009e3       0x2c e:/acads/uwm/psoc creator/4.4/psoc creator/import/gnu/arm/5.4.1/bin/../lib/gcc/arm-none-eabi/5.4.1/armv6-m\libgcc.a(fixdfsi.o)
 .ARM.attributes
                0x00000a0f       0x2c e:/acads/uwm/psoc creator/4.4/psoc creator/import/gnu/arm/5.4.1/bin/../lib/gcc/arm-none-eabi/5.4.1/armv6-m\libgcc.a(floatsidf.o)
 .ARM.attributes
                0x00000a3b       0x2c e:/acads/uwm/psoc creator/4.4/psoc creator/import/gnu/arm/5.4.1/bin/../lib/gcc/arm-none-eabi/5.4.1/armv6-m\libgcc.a(floatunsidf.o)
 .ARM.attributes
                0x00000a67       0x1e e:/acads/uwm/psoc creator/4.4/psoc creator/import/gnu/arm/5.4.1/bin/../lib/gcc/arm-none-eabi/5.4.1/armv6-m\libgcc.a(_clzsi2.o)
 .ARM.attributes
                0x00000a85       0x2c e:/acads/uwm/psoc creator/4.4/psoc creator/import/gnu/arm/5.4.1/bin/../lib/gcc/arm-none-eabi/5.4.1/../../../../arm-none-eabi/lib/armv6-m\libg_nano.a(lib_a-errno.o)
 .ARM.attributes
                0x00000ab1       0x2c e:/acads/uwm/psoc creator/4.4/psoc creator/import/gnu/arm/5.4.1/bin/../lib/gcc/arm-none-eabi/5.4.1/../../../../arm-none-eabi/lib/armv6-m\libg_nano.a(lib_a-exit.o)
 .ARM.attributes
                0x00000add       0x2c e:/acads/uwm/psoc creator/4.4/psoc creator/import/gnu/arm/5.4.1/bin/../lib/gcc/arm-none-eabi/5.4.1/../../../../arm-none-eabi/lib/armv6-m\libg_nano.a(lib_a-impure.o)
 .ARM.attributes
                0x00000b09       0x2c e:/acads/uwm/psoc creator/4.4/psoc creator/import/gnu/arm/5.4.1/bin/../lib/gcc/arm-none-eabi/5.4.1/../../../../arm-none-eabi/lib/armv6-m\libg_nano.a(lib_a-init.o)
 .ARM.attributes
                0x00000b35       0x2c e:/acads/uwm/psoc creator/4.4/psoc creator/import/gnu/arm/5.4.1/bin/../lib/gcc/arm-none-eabi/5.4.1/../../../../arm-none-eabi/lib/armv6-m\libg_nano.a(lib_a-memcpy-stub.o)
 .ARM.attributes
                0x00000b61       0x2c e:/acads/uwm/psoc creator/4.4/psoc creator/import/gnu/arm/5.4.1/bin/../lib/gcc/arm-none-eabi/5.4.1/../../../../arm-none-eabi/lib/armv6-m\libg_nano.a(lib_a-memset.o)
 .ARM.attributes
                0x00000b8d       0x2c e:/acads/uwm/psoc creator/4.4/psoc creator/import/gnu/arm/5.4.1/bin/../lib/gcc/arm-none-eabi/5.4.1/../../../../arm-none-eabi/lib/armv6-m\libg_nano.a(lib_a-strchr.o)
 .ARM.attributes
                0x00000bb9       0x1c e:/acads/uwm/psoc creator/4.4/psoc creator/import/gnu/arm/5.4.1/bin/../lib/gcc/arm-none-eabi/5.4.1/../../../../arm-none-eabi/lib/armv6-m\libg_nano.a(lib_a-strcmp.o)
 .ARM.attributes
                0x00000bd5       0x2c e:/acads/uwm/psoc creator/4.4/psoc creator/import/gnu/arm/5.4.1/bin/../lib/gcc/arm-none-eabi/5.4.1/../../../../arm-none-eabi/lib/armv6-m\libg_nano.a(lib_a-strncpy.o)
 .ARM.attributes
                0x00000c01       0x2c e:/acads/uwm/psoc creator/4.4/psoc creator/import/gnu/arm/5.4.1/bin/../lib/gcc/arm-none-eabi/5.4.1/../../../../arm-none-eabi/lib/armv6-m\libg_nano.a(lib_a-strtok_r.o)
 .ARM.attributes
                0x00000c2d       0x2c e:/acads/uwm/psoc creator/4.4/psoc creator/import/gnu/arm/5.4.1/bin/../lib/gcc/arm-none-eabi/5.4.1/../../../../arm-none-eabi/lib/armv6-m\libg_nano.a(lib_a-strtol.o)
 .ARM.attributes
                0x00000c59       0x2c e:/acads/uwm/psoc creator/4.4/psoc creator/import/gnu/arm/5.4.1/bin/../lib/gcc/arm-none-eabi/5.4.1/../../../../arm-none-eabi/lib/armv6-m\libg_nano.a(lib_a-ctype_.o)
 .ARM.attributes
                0x00000c85       0x2c e:/acads/uwm/psoc creator/4.4/psoc creator/import/gnu/arm/5.4.1/bin/../lib/gcc/arm-none-eabi/5.4.1/armv6-m/crtend.o
 .ARM.attributes
                0x00000cb1       0x1e e:/acads/uwm/psoc creator/4.4/psoc creator/import/gnu/arm/5.4.1/bin/../lib/gcc/arm-none-eabi/5.4.1/armv6-m/crtn.o

/DISCARD/
 *(.note.GNU-stack)
OUTPUT(E:\Acads\UWM\Summer 25\PathController\PathController.cydsn\CortexM0\ARM_GCC_541\Debug\PathController.elf elf32-littlearm)
