Archive member included to satisfy reference by file (symbol)

.\CortexM0\ARM_GCC_541\Debug\QuadCopter10.a(LED4.o)
                              .\CortexM0\ARM_GCC_541\Debug\main.o (LED4_Write)
.\CortexM0\ARM_GCC_541\Debug\QuadCopter10.a(LED3.o)
                              .\CortexM0\ARM_GCC_541\Debug\main.o (LED3_Write)
.\CortexM0\ARM_GCC_541\Debug\QuadCopter10.a(LED2.o)
                              .\CortexM0\ARM_GCC_541\Debug\main.o (LED2_Write)
.\CortexM0\ARM_GCC_541\Debug\QuadCopter10.a(LED1.o)
                              .\CortexM0\ARM_GCC_541\Debug\main.o (LED1_Write)
.\CortexM0\ARM_GCC_541\Debug\QuadCopter10.a(LED0.o)
                              .\CortexM0\ARM_GCC_541\Debug\main.o (LED0_Write)
.\CortexM0\ARM_GCC_541\Debug\QuadCopter10.a(InertINT.o)
                              .\CortexM0\ARM_GCC_541\Debug\main.o (InertINT_Read)
.\CortexM0\ARM_GCC_541\Debug\QuadCopter10.a(GyroISR.o)
                              .\CortexM0\ARM_GCC_541\Debug\main.o (GyroISR_SetPriority)
.\CortexM0\ARM_GCC_541\Debug\QuadCopter10.a(GyroSS_n.o)
                              .\CortexM0\ARM_GCC_541\Debug\main.o (GyroSS_n_Write)
.\CortexM0\ARM_GCC_541\Debug\QuadCopter10.a(UART_BLE.o)
                              .\CortexM0\ARM_GCC_541\Debug\main.o (UART_BLE_Start)
.\CortexM0\ARM_GCC_541\Debug\QuadCopter10.a(UART_BLE_SPI_UART.o)
                              .\CortexM0\ARM_GCC_541\Debug\main.o (UART_BLE_SpiUartWriteTxData)
.\CortexM0\ARM_GCC_541\Debug\QuadCopter10.a(UART_BLE_UART.o)
                              .\CortexM0\ARM_GCC_541\Debug\QuadCopter10.a(UART_BLE.o) (UART_BLE_UartInit)
.\CortexM0\ARM_GCC_541\Debug\QuadCopter10.a(MagSS_n.o)
                              .\CortexM0\ARM_GCC_541\Debug\main.o (MagSS_n_Write)
.\CortexM0\ARM_GCC_541\Debug\QuadCopter10.a(LED5.o)
                              .\CortexM0\ARM_GCC_541\Debug\main.o (LED5_Write)
.\CortexM0\ARM_GCC_541\Debug\QuadCopter10.a(UART_LiDAR.o)
                              .\CortexM0\ARM_GCC_541\Debug\main.o (UART_LiDAR_Start)
.\CortexM0\ARM_GCC_541\Debug\QuadCopter10.a(UART_LiDAR_UART.o)
                              .\CortexM0\ARM_GCC_541\Debug\QuadCopter10.a(UART_LiDAR.o) (UART_LiDAR_UartInit)
.\CortexM0\ARM_GCC_541\Debug\QuadCopter10.a(UART_BLE_SCB_IRQ.o)
                              .\CortexM0\ARM_GCC_541\Debug\main.o (UART_BLE_SCB_IRQ_Start)
.\CortexM0\ARM_GCC_541\Debug\QuadCopter10.a(UART_LiDAR_SCB_IRQ.o)
                              .\CortexM0\ARM_GCC_541\Debug\main.o (UART_LiDAR_SCB_IRQ_Start)
.\CortexM0\ARM_GCC_541\Debug\QuadCopter10.a(CyLib.o)
                              .\CortexM0\ARM_GCC_541\Debug\QuadCopter10.a(UART_BLE.o) (CyIntEnable)
.\CortexM0\ARM_GCC_541\Debug\QuadCopter10.a(CyLFClk.o)
                              .\CortexM0\ARM_GCC_541\Debug\cyfitter_cfg.o (CySysClkWcoStart)
.\CortexM0\ARM_GCC_541\Debug\QuadCopter10.a(A2D.o)
                              .\CortexM0\ARM_GCC_541\Debug\main.o (A2D_Start)
.\CortexM0\ARM_GCC_541\Debug\QuadCopter10.a(A2D_INT.o)
                              .\CortexM0\ARM_GCC_541\Debug\QuadCopter10.a(A2D.o) (A2D_ISR)
.\CortexM0\ARM_GCC_541\Debug\QuadCopter10.a(LED6.o)
                              .\CortexM0\ARM_GCC_541\Debug\main.o (LED6_Write)
.\CortexM0\ARM_GCC_541\Debug\QuadCopter10.a(WDT_ISR.o)
                              .\CortexM0\ARM_GCC_541\Debug\main.o (WDT_ISR_Start)
.\CortexM0\ARM_GCC_541\Debug\QuadCopter10.a(LED7.o)
                              .\CortexM0\ARM_GCC_541\Debug\main.o (LED7_Write)
.\CortexM0\ARM_GCC_541\Debug\QuadCopter10.a(LoRaEn_n.o)
                              .\CortexM0\ARM_GCC_541\Debug\main.o (LoRaEn_n_Write)
.\CortexM0\ARM_GCC_541\Debug\QuadCopter10.a(Alt_SS_n.o)
                              .\CortexM0\ARM_GCC_541\Debug\main.o (Alt_SS_n_Write)
.\CortexM0\ARM_GCC_541\Debug\QuadCopter10.a(AltISR.o)
                              .\CortexM0\ARM_GCC_541\Debug\main.o (AltISR_Start)
.\CortexM0\ARM_GCC_541\Debug\QuadCopter10.a(FRNTLFT_ESC.o)
                              .\CortexM0\ARM_GCC_541\Debug\main.o (FRNTLFT_ESC_WriteCompare)
.\CortexM0\ARM_GCC_541\Debug\QuadCopter10.a(FRNTRGHT_ESC.o)
                              .\CortexM0\ARM_GCC_541\Debug\main.o (FRNTRGHT_ESC_WriteCompare)
.\CortexM0\ARM_GCC_541\Debug\QuadCopter10.a(BCKLFT_ESC.o)
                              .\CortexM0\ARM_GCC_541\Debug\main.o (BCKLFT_ESC_WriteCompare)
.\CortexM0\ARM_GCC_541\Debug\QuadCopter10.a(BCKRGHT_ESC.o)
                              .\CortexM0\ARM_GCC_541\Debug\main.o (BCKRGHT_ESC_WriteCompare)
.\CortexM0\ARM_GCC_541\Debug\QuadCopter10.a(BckLftCnt.o)
                              .\CortexM0\ARM_GCC_541\Debug\main.o (BckLftCnt_WriteCounter)
.\CortexM0\ARM_GCC_541\Debug\QuadCopter10.a(A2D_rdy.o)
                              .\CortexM0\ARM_GCC_541\Debug\main.o (A2D_rdy_Start)
.\CortexM0\ARM_GCC_541\Debug\QuadCopter10.a(CyBootAsmGnu.o)
                              .\CortexM0\ARM_GCC_541\Debug\main.o (CyDelayCycles)
.\CortexM0\ARM_GCC_541\Debug\QuadCopter10.a(UART_BLE_SPI_UART_INT.o)
[...]
Memory Configuration

Name             Origin             Length             Attributes
rom              0x00000000         0x00020000         xr
ram              0x20000000         0x00004000         xrw
*default*        0x00000000         0xffffffff

Linker script and memory map

LOAD c:/program files (x86)/cypress/psoc creator/4.3/psoc creator/import/gnu/arm/5.4.1/bin/../lib/gcc/arm-none-eabi/5.4.1/armv6-m/crti.o
LOAD c:/program files (x86)/cypress/psoc creator/4.3/psoc creator/import/gnu/arm/5.4.1/bin/../lib/gcc/arm-none-eabi/5.4.1/armv6-m/crtbegin.o
LOAD c:/program files (x86)/cypress/psoc creator/4.3/psoc creator/import/gnu/arm/5.4.1/bin/../lib/gcc/arm-none-eabi/5.4.1/../../../../arm-none-eabi/lib/armv6-m/crt0.o
START GROUP
LOAD .\CortexM0\ARM_GCC_541\Debug\main.o
LOAD .\CortexM0\ARM_GCC_541\Debug\cyfitter_cfg.o
LOAD .\CortexM0\ARM_GCC_541\Debug\cymetadata.o
LOAD .\CortexM0\ARM_GCC_541\Debug\Cm0Start.o
LOAD .\CortexM0\ARM_GCC_541\Debug\QuadCopter10.a
END GROUP
START GROUP
LOAD c:/program files (x86)/cypress/psoc creator/4.3/psoc creator/import/gnu/arm/5.4.1/bin/../lib/gcc/arm-none-eabi/5.4.1/armv6-m\libgcc.a
LOAD c:/program files (x86)/cypress/psoc creator/4.3/psoc creator/import/gnu/arm/5.4.1/bin/../lib/gcc/arm-none-eabi/5.4.1/../../../../arm-none-eabi/lib/armv6-m\libg_nano.a
LOAD c:/program files (x86)/cypress/psoc creator/4.3/psoc creator/import/gnu/arm/5.4.1/bin/../lib/gcc/arm-none-eabi/5.4.1/../../../../arm-none-eabi/lib/armv6-m\libc_nano.a
END GROUP
START GROUP
LOAD c:/program files (x86)/cypress/psoc creator/4.3/psoc creator/import/gnu/arm/5.4.1/bin/../lib/gcc/arm-none-eabi/5.4.1/armv6-m\libgcc.a
LOAD c:/program files (x86)/cypress/psoc creator/4.3/psoc creator/import/gnu/arm/5.4.1/bin/../lib/gcc/arm-none-eabi/5.4.1/../../../../arm-none-eabi/lib/armv6-m\libc_nano.a
END GROUP
LOAD c:/program files (x86)/cypress/psoc creator/4.3/psoc creator/import/gnu/arm/5.4.1/bin/../lib/gcc/arm-none-eabi/5.4.1/armv6-m/crtend.o
LOAD c:/program files (x86)/cypress/psoc creator/4.3/psoc creator/import/gnu/arm/5.4.1/bin/../lib/gcc/arm-none-eabi/5.4.1/armv6-m/crtn.o
START GROUP
LOAD c:/program files (x86)/cypress/psoc creator/4.3/psoc creator/import/gnu/arm/5.4.1/bin/../lib/gcc/arm-none-eabi/5.4.1/armv6-m\libgcc.a
LOAD c:/program files (x86)/cypress/psoc creator/4.3/psoc creator/import/gnu/arm/5.4.1/bin/../lib/gcc/arm-none-eabi/5.4.1/../../../../arm-none-eabi/lib/armv6-m\libc.a
LOAD c:/program files (x86)/cypress/psoc creator/4.3/psoc creator/import/gnu/arm/5.4.1/bin/../lib/gcc/arm-none-eabi/5.4.1/../../../../arm-none-eabi/lib/armv6-m\libnosys.a
END GROUP
                0x00000000                CY_APPL_ORIGIN = 0x0
                0x00000080                CY_FLASH_ROW_SIZE = 0x80
                0x00000001                CY_APPL_NUM = 0x1
                0x00000001                CY_APPL_MAX = 0x1
                0x00000040                CY_METADATA_SIZE = 0x40
                0x00000000                CY_APPL_LOADABLE = 0x0
                0x00000000                CY_CHECKSUM_EXCLUDE_SIZE = ALIGN (0x0, CY_FLASH_ROW_SIZE)
                0x00000000                CY_APP_FOR_STACK_AND_COPIER = 0x0
                [!provide]                PROVIDE (__cy_heap_start, _end)
                0x00000001                PROVIDE (__cy_region_num, ((__cy_regions_end - __cy_regions) / 0x10))
                0x20004000                PROVIDE (__cy_stack, (ORIGIN (ram) + LENGTH (ram)))
                [!provide]                PROVIDE (__cy_heap_end, (__cy_stack - 0x800))

.cybootloader   0x00000000        0x0
 *(.cybootloader)
                0x00000000                appl1_start = CY_APPL_ORIGIN?CY_APPL_ORIGIN:ALIGN (CY_FLASH_ROW_SIZE)
                0x0000ff80                appl2_start = (appl1_start + ALIGN ((((LENGTH (rom) - appl1_start) - (0x2 * CY_FLASH_ROW_SIZE)) / 0x2), CY_FLASH_ROW_SIZE))
                0x00000000                appl_start = (CY_APPL_NUM == 0x1)?appl1_start:appl2_start
                0x00000001                cy_project_type_bootloader = (appl_start == 0x0)?0x1:0x0
                0x00000000                cy_project_type_app_for_stack_and_copier = (CY_APP_FOR_STACK_AND_COPIER == 0x1)?0x1:0x0

.text           0x00000000     0x35be
 CREATE_OBJECT_SYMBOLS
                0x00000000                PROVIDE (__cy_interrupt_vector, RomVectors)
 *(.romvectors)
 .romvectors    0x00000000       0x10 .\CortexM0\ARM_GCC_541\Debug\Cm0Start.o
                0x00000000                RomVectors
                0x00000001                ASSERT ((. != __cy_interrupt_vector), No interrupt vector)
                0x00000001                ASSERT (CY_APPL_ORIGIN?(SIZEOF (.cybootloader) <= CY_APPL_ORIGIN):0x1, Wrong image location)
                0x00000010                PROVIDE (__cy_reset, Reset)
 *(.text.Reset)
 .text.Reset    0x00000010        0x8 .\CortexM0\ARM_GCC_541\Debug\Cm0Start.o
                0x00000010                Reset
                0x00000001                ASSERT ((. != __cy_reset), No reset code)
 *(.psocinit)
 .psocinit      0x00000018      0x2fc .\CortexM0\ARM_GCC_541\Debug\cyfitter_cfg.o
                0x00000140                cyfitter_cfg
                0x00000314                . = MAX (., 0x100)
 *(.text .text.* .gnu.linkonce.t.*)
 .text          0x00000314       0x60 c:/program files (x86)/cypress/psoc creator/4.3/psoc creator/import/gnu/arm/5.4.1/bin/../lib/gcc/arm-none-eabi/5.4.1/armv6-m/crtbegin.o
 .text.display_msg
                0x00000374       0x2c .\CortexM0\ARM_GCC_541\Debug\main.o
                0x00000374                display_msg
 .text.append_msg
                0x000003a0       0x28 .\CortexM0\ARM_GCC_541\Debug\main.o
                0x000003a0                append_msg
 .text.append_num16
                0x000003c8       0x94 .\CortexM0\ARM_GCC_541\Debug\main.o
                0x000003c8                append_num16
 .text.set_GP_timer
                0x0000045c       0x64 .\CortexM0\ARM_GCC_541\Debug\main.o
                0x0000045c                set_GP_timer
 .text.cancel_GP_timer
                0x000004c0       0x78 .\CortexM0\ARM_GCC_541\Debug\main.o
                0x000004c0                cancel_GP_timer
 .text.enqueue_task
                0x00000538       0x44 .\CortexM0\ARM_GCC_541\Debug\main.o
                0x00000538                enqueue_task
 .text.dequeue_task
                0x0000057c       0x8c .\CortexM0\ARM_GCC_541\Debug\main.o
                0x0000057c                dequeue_task
 .text.LED_display
                0x00000608       0x98 .\CortexM0\ARM_GCC_541\Debug\main.o
                0x00000608                LED_display
 .text.init_periphs
                0x000006a0       0x58 .\CortexM0\ARM_GCC_541\Debug\main.o
                0x000006a0                init_periphs
 .text.SPI_trans
                0x000006f8      0x2ac .\CortexM0\ARM_GCC_541\Debug\main.o
                0x000006f8                SPI_trans
 .text.gyroInit
                0x000009a4       0x5c .\CortexM0\ARM_GCC_541\Debug\main.o
                0x000009a4                gyroInit
 .text.AltInit  0x00000a00       0x78 .\CortexM0\ARM_GCC_541\Debug\main.o
                0x00000a00                AltInit
 .text.gyroRead
                0x00000a78       0xec .\CortexM0\ARM_GCC_541\Debug\main.o
                0x00000a78                gyroRead
 .text.magInit  0x00000b64       0x44 .\CortexM0\ARM_GCC_541\Debug\main.o
                0x00000b64                magInit
 .text.magRead  0x00000ba8       0x44 .\CortexM0\ARM_GCC_541\Debug\main.o
                0x00000ba8                magRead
 .text.set_motor_speeds
                0x00000bec      0x100 .\CortexM0\ARM_GCC_541\Debug\main.o
                0x00000bec                set_motor_speeds
 .text.shutDwn  0x00000cec       0x20 .\CortexM0\ARM_GCC_541\Debug\main.o
                0x00000cec                shutDwn
 .text.computePD
                0x00000d0c      0x200 .\CortexM0\ARM_GCC_541\Debug\main.o
                0x00000d0c                computePD
 .text.emerLand
                0x00000f0c        0xc .\CortexM0\ARM_GCC_541\Debug\main.o
                0x00000f0c                emerLand
 .text.process_GP_timer_evt
                0x00000f18      0x18c .\CortexM0\ARM_GCC_541\Debug\main.o
                0x00000f18                process_GP_timer_evt
 .text.fusion   0x000010a4      0x198 .\CortexM0\ARM_GCC_541\Debug\main.o
                0x000010a4                fusion
 .text.processBLE_cmd
                0x0000123c      0x1a4 .\CortexM0\ARM_GCC_541\Debug\main.o
                0x0000123c                processBLE_cmd
 .text.thrustLIDAR
                0x000013e0      0x1ac .\CortexM0\ARM_GCC_541\Debug\main.o
                0x000013e0                thrustLIDAR
 .text.main     0x0000158c      0x7c0 .\CortexM0\ARM_GCC_541\Debug\main.o
                0x0000158c                main
 .text.cfg_write_bytes32
                0x00001d4c       0x34 .\CortexM0\ARM_GCC_541\Debug\cyfitter_cfg.o
 .text.CYMEMZERO
                0x00001d80        0xc .\CortexM0\ARM_GCC_541\Debug\cyfitter_cfg.o
 .text.SetAnalogRoutingPumps
                0x00001d8c       0x20 .\CortexM0\ARM_GCC_541\Debug\cyfitter_cfg.o
                0x00001d8c                SetAnalogRoutingPumps
 .text.AnalogSetDefault
                0x00001dac       0x44 .\CortexM0\ARM_GCC_541\Debug\cyfitter_cfg.o
 .text.IntDefaultHandler
                0x00001df0       0x10 .\CortexM0\ARM_GCC_541\Debug\Cm0Start.o
                0x00001df0                IntDefaultHandler
 .text.Start_c  0x00001e00       0x48 .\CortexM0\ARM_GCC_541\Debug\Cm0Start.o
                0x00001e00                Start_c
 .text.initialize_psoc
                0x00001e48       0x4c .\CortexM0\ARM_GCC_541\Debug\Cm0Start.o
                0x00001e48                initialize_psoc
 .text.LED4_Write
                0x00001e94       0x18 .\CortexM0\ARM_GCC_541\Debug\QuadCopter10.a(LED4.o)
                0x00001e94                LED4_Write
 .text.LED3_Write
                0x00001eac       0x18 .\CortexM0\ARM_GCC_541\Debug\QuadCopter10.a(LED3.o)
                0x00001eac                LED3_Write
 .text.LED2_Write
                0x00001ec4       0x18 .\CortexM0\ARM_GCC_541\Debug\QuadCopter10.a(LED2.o)
                0x00001ec4                LED2_Write
 .text.LED1_Write
                0x00001edc       0x18 .\CortexM0\ARM_GCC_541\Debug\QuadCopter10.a(LED1.o)
                0x00001edc                LED1_Write
 .text.LED0_Write
                0x00001ef4       0x18 .\CortexM0\ARM_GCC_541\Debug\QuadCopter10.a(LED0.o)
                0x00001ef4                LED0_Write
 .text.InertINT_Read
                0x00001f0c       0x10 .\CortexM0\ARM_GCC_541\Debug\QuadCopter10.a(InertINT.o)
                0x00001f0c                InertINT_Read
 .text.GyroISR_SetVector
                0x00001f1c        0xc .\CortexM0\ARM_GCC_541\Debug\QuadCopter10.a(GyroISR.o)
                0x00001f1c                GyroISR_SetVector
 .text.GyroISR_SetPriority
                0x00001f28       0x24 .\CortexM0\ARM_GCC_541\Debug\QuadCopter10.a(GyroISR.o)
                0x00001f28                GyroISR_SetPriority
 .text.GyroISR_Enable
                0x00001f4c        0xc .\CortexM0\ARM_GCC_541\Debug\QuadCopter10.a(GyroISR.o)
                0x00001f4c                GyroISR_Enable
 .text.GyroISR_Disable
                0x00001f58        0xc .\CortexM0\ARM_GCC_541\Debug\QuadCopter10.a(GyroISR.o)
                0x00001f58                GyroISR_Disable
 .text.GyroISR_Start
                0x00001f64       0x1c .\CortexM0\ARM_GCC_541\Debug\QuadCopter10.a(GyroISR.o)
                0x00001f64                GyroISR_Start
 .text.GyroISR_ClearPending
                0x00001f80        0xc .\CortexM0\ARM_GCC_541\Debug\QuadCopter10.a(GyroISR.o)
                0x00001f80                GyroISR_ClearPending
 .text.GyroISR_Interrupt
                0x00001f8c       0x24 .\CortexM0\ARM_GCC_541\Debug\QuadCopter10.a(GyroISR.o)
                0x00001f8c                GyroISR_Interrupt
 .text.GyroSS_n_Write
                0x00001fb0       0x18 .\CortexM0\ARM_GCC_541\Debug\QuadCopter10.a(GyroSS_n.o)
                0x00001fb0                GyroSS_n_Write
 .text.UART_BLE_ScbEnableIntr
                0x00001fc8        0xc .\CortexM0\ARM_GCC_541\Debug\QuadCopter10.a(UART_BLE.o)
 .text.UART_BLE_ScbModePostEnable
                0x00001fd4        0x8 .\CortexM0\ARM_GCC_541\Debug\QuadCopter10.a(UART_BLE.o)
 .text.UART_BLE_Init
                0x00001fdc        0x8 .\CortexM0\ARM_GCC_541\Debug\QuadCopter10.a(UART_BLE.o)
                0x00001fdc                UART_BLE_Init
 .text.UART_BLE_Enable
                0x00001fe4       0x1c .\CortexM0\ARM_GCC_541\Debug\QuadCopter10.a(UART_BLE.o)
                0x00001fe4                UART_BLE_Enable
 .text.UART_BLE_Start
                0x00002000       0x20 .\CortexM0\ARM_GCC_541\Debug\QuadCopter10.a(UART_BLE.o)
                0x00002000                UART_BLE_Start
 .text.UART_BLE_SpiUartReadRxData
                0x00002020        0xc .\CortexM0\ARM_GCC_541\Debug\QuadCopter10.a(UART_BLE_SPI_UART.o)
                0x00002020                UART_BLE_SpiUartReadRxData
 .text.UART_BLE_SpiUartGetRxBufferSize
                0x0000202c       0x10 .\CortexM0\ARM_GCC_541\Debug\QuadCopter10.a(UART_BLE_SPI_UART.o)
                0x0000202c                UART_BLE_SpiUartGetRxBufferSize
 .text.UART_BLE_SpiUartWriteTxData
                0x0000203c       0x1c .\CortexM0\ARM_GCC_541\Debug\QuadCopter10.a(UART_BLE_SPI_UART.o)
                0x0000203c                UART_BLE_SpiUartWriteTxData
 .text.UART_BLE_UartInit
                0x00002058       0xc4 .\CortexM0\ARM_GCC_541\Debug\QuadCopter10.a(UART_BLE_UART.o)
                0x00002058                UART_BLE_UartInit
 .text.UART_BLE_UartPostEnable
                0x0000211c       0x24 .\CortexM0\ARM_GCC_541\Debug\QuadCopter10.a(UART_BLE_UART.o)
                0x0000211c                UART_BLE_UartPostEnable
 .text.UART_BLE_UartGetByte
                0x00002140       0x34 .\CortexM0\ARM_GCC_541\Debug\QuadCopter10.a(UART_BLE_UART.o)
                0x00002140                UART_BLE_UartGetByte
 .text.MagSS_n_Write
                0x00002174       0x18 .\CortexM0\ARM_GCC_541\Debug\QuadCopter10.a(MagSS_n.o)
                0x00002174                MagSS_n_Write
 .text.LED5_Write
                0x0000218c       0x18 .\CortexM0\ARM_GCC_541\Debug\QuadCopter10.a(LED5.o)
                0x0000218c                LED5_Write
 .text.UART_LiDAR_ScbEnableIntr
                0x000021a4        0xc .\CortexM0\ARM_GCC_541\Debug\QuadCopter10.a(UART_LiDAR.o)
 .text.UART_LiDAR_ScbModePostEnable
                0x000021b0        0x8 .\CortexM0\ARM_GCC_541\Debug\QuadCopter10.a(UART_LiDAR.o)
 .text.UART_LiDAR_Init
                0x000021b8        0x8 .\CortexM0\ARM_GCC_541\Debug\QuadCopter10.a(UART_LiDAR.o)
                0x000021b8                UART_LiDAR_Init
 .text.UART_LiDAR_Enable
                0x000021c0       0x1c .\CortexM0\ARM_GCC_541\Debug\QuadCopter10.a(UART_LiDAR.o)
                0x000021c0                UART_LiDAR_Enable
 .text.UART_LiDAR_Start
                0x000021dc       0x20 .\CortexM0\ARM_GCC_541\Debug\QuadCopter10.a(UART_LiDAR.o)
                0x000021dc                UART_LiDAR_Start
 .text.UART_LiDAR_UartInit
                0x000021fc       0xc4 .\CortexM0\ARM_GCC_541\Debug\QuadCopter10.a(UART_LiDAR_UART.o)
                0x000021fc                UART_LiDAR_UartInit
 .text.UART_LiDAR_UartPostEnable
                0x000022c0       0x24 .\CortexM0\ARM_GCC_541\Debug\QuadCopter10.a(UART_LiDAR_UART.o)
                0x000022c0                UART_LiDAR_UartPostEnable
 .text.UART_LiDAR_UartGetByte
                0x000022e4       0x34 .\CortexM0\ARM_GCC_541\Debug\QuadCopter10.a(UART_LiDAR_UART.o)
                0x000022e4                UART_LiDAR_UartGetByte
 .text.UART_BLE_SCB_IRQ_Interrupt
                0x00002318       0x94 .\CortexM0\ARM_GCC_541\Debug\QuadCopter10.a(UART_BLE_SCB_IRQ.o)
                0x00002318                UART_BLE_SCB_IRQ_Interrupt
 .text.UART_BLE_SCB_IRQ_SetVector
                0x000023ac        0xc .\CortexM0\ARM_GCC_541\Debug\QuadCopter10.a(UART_BLE_SCB_IRQ.o)
                0x000023ac                UART_BLE_SCB_IRQ_SetVector
 .text.UART_BLE_SCB_IRQ_SetPriority
                0x000023b8       0x20 .\CortexM0\ARM_GCC_541\Debug\QuadCopter10.a(UART_BLE_SCB_IRQ.o)
                0x000023b8                UART_BLE_SCB_IRQ_SetPriority
 .text.UART_BLE_SCB_IRQ_Enable
                0x000023d8       0x10 .\CortexM0\ARM_GCC_541\Debug\QuadCopter10.a(UART_BLE_SCB_IRQ.o)
                0x000023d8                UART_BLE_SCB_IRQ_Enable
 .text.UART_BLE_SCB_IRQ_Disable
                0x000023e8       0x10 .\CortexM0\ARM_GCC_541\Debug\QuadCopter10.a(UART_BLE_SCB_IRQ.o)
                0x000023e8                UART_BLE_SCB_IRQ_Disable
 .text.UART_BLE_SCB_IRQ_Start
                0x000023f8       0x1c .\CortexM0\ARM_GCC_541\Debug\QuadCopter10.a(UART_BLE_SCB_IRQ.o)
                0x000023f8                UART_BLE_SCB_IRQ_Start
 .text.UART_LiDAR_SCB_IRQ_Interrupt
                0x00002414       0x94 .\CortexM0\ARM_GCC_541\Debug\QuadCopter10.a(UART_LiDAR_SCB_IRQ.o)
                0x00002414                UART_LiDAR_SCB_IRQ_Interrupt
 .text.UART_LiDAR_SCB_IRQ_SetVector
                0x000024a8        0xc .\CortexM0\ARM_GCC_541\Debug\QuadCopter10.a(UART_LiDAR_SCB_IRQ.o)
                0x000024a8                UART_LiDAR_SCB_IRQ_SetVector
 .text.UART_LiDAR_SCB_IRQ_SetPriority
                0x000024b4       0x24 .\CortexM0\ARM_GCC_541\Debug\QuadCopter10.a(UART_LiDAR_SCB_IRQ.o)
                0x000024b4                UART_LiDAR_SCB_IRQ_SetPriority
 .text.UART_LiDAR_SCB_IRQ_Enable
                0x000024d8       0x10 .\CortexM0\ARM_GCC_541\Debug\QuadCopter10.a(UART_LiDAR_SCB_IRQ.o)
                0x000024d8                UART_LiDAR_SCB_IRQ_Enable
 .text.UART_LiDAR_SCB_IRQ_Disable
                0x000024e8       0x10 .\CortexM0\ARM_GCC_541\Debug\QuadCopter10.a(UART_LiDAR_SCB_IRQ.o)
                0x000024e8                UART_LiDAR_SCB_IRQ_Disable
 .text.UART_LiDAR_SCB_IRQ_Start
                0x000024f8       0x1c .\CortexM0\ARM_GCC_541\Debug\QuadCopter10.a(UART_LiDAR_SCB_IRQ.o)
                0x000024f8                UART_LiDAR_SCB_IRQ_Start
 .text.CySysClkImoDisableWcoLock
                0x00002514       0x54 .\CortexM0\ARM_GCC_541\Debug\QuadCopter10.a(CyLib.o)
                0x00002514                CySysClkImoDisableWcoLock
 .text.CySysClkImoGetWcoLock
                0x00002568       0x14 .\CortexM0\ARM_GCC_541\Debug\QuadCopter10.a(CyLib.o)
                0x00002568                CySysClkImoGetWcoLock
 .text.CyIntEnable
                0x0000257c       0x14 .\CortexM0\ARM_GCC_541\Debug\QuadCopter10.a(CyLib.o)
                0x0000257c                CyIntEnable
 .text.CyIntDisable
                0x00002590       0x14 .\CortexM0\ARM_GCC_541\Debug\QuadCopter10.a(CyLib.o)
                0x00002590                CyIntDisable
 .text.CyHalt   0x000025a4        0x4 .\CortexM0\ARM_GCC_541\Debug\QuadCopter10.a(CyLib.o)
                0x000025a4                CyHalt
 .text.CyIntSetVector
                0x000025a8       0x24 .\CortexM0\ARM_GCC_541\Debug\QuadCopter10.a(CyLib.o)
                0x000025a8                CyIntSetVector
 .text.CyIntSetPriority
                0x000025cc       0x4c .\CortexM0\ARM_GCC_541\Debug\QuadCopter10.a(CyLib.o)
                0x000025cc                CyIntSetPriority
 .text.CyDelay  0x00002618       0x30 .\CortexM0\ARM_GCC_541\Debug\QuadCopter10.a(CyLib.o)
                0x00002618                CyDelay
 .text.CySysClkImoEnableWcoLock
                0x00002648       0xf4 .\CortexM0\ARM_GCC_541\Debug\QuadCopter10.a(CyLib.o)
                0x00002648                CySysClkImoEnableWcoLock
 .text.CySysClkWriteImoFreq
                0x0000273c       0x80 .\CortexM0\ARM_GCC_541\Debug\QuadCopter10.a(CyLib.o)
                0x0000273c                CySysClkWriteImoFreq
 .text.CyDelayUs
                0x000027bc       0x14 .\CortexM0\ARM_GCC_541\Debug\QuadCopter10.a(CyLib.o)
                0x000027bc                CyDelayUs
 .text.CySysWdtLocked
                0x000027d0       0x14 .\CortexM0\ARM_GCC_541\Debug\QuadCopter10.a(CyLFClk.o)
 .text.CySysClkWcoStart
                0x000027e4       0x40 .\CortexM0\ARM_GCC_541\Debug\QuadCopter10.a(CyLFClk.o)
                0x000027e4                CySysClkWcoStart
 .text.CySysClkWcoEnabled
                0x00002824       0x14 .\CortexM0\ARM_GCC_541\Debug\QuadCopter10.a(CyLFClk.o)
                0x00002824                CySysClkWcoEnabled
 .text.CySysWdtLock
                0x00002838       0x1c .\CortexM0\ARM_GCC_541\Debug\QuadCopter10.a(CyLFClk.o)
                0x00002838                CySysWdtLock
 .text.CySysWdtUnlock
                0x00002854       0x30 .\CortexM0\ARM_GCC_541\Debug\QuadCopter10.a(CyLFClk.o)
                0x00002854                CySysWdtUnlock
 .text.CySysWdtGetInterruptSource
                0x00002884       0x14 .\CortexM0\ARM_GCC_541\Debug\QuadCopter10.a(CyLFClk.o)
                0x00002884                CySysWdtGetInterruptSource
 .text.CySysWdtClearInterrupt
                0x00002898       0x4c .\CortexM0\ARM_GCC_541\Debug\QuadCopter10.a(CyLFClk.o)
                0x00002898                CySysWdtClearInterrupt
 .text.A2D_Init
                0x000028e4      0x188 .\CortexM0\ARM_GCC_541\Debug\QuadCopter10.a(A2D.o)
                0x000028e4                A2D_Init
 .text.A2D_Enable
                0x00002a6c       0x30 .\CortexM0\ARM_GCC_541\Debug\QuadCopter10.a(A2D.o)
                0x00002a6c                A2D_Enable
 .text.A2D_Start
                0x00002a9c       0x20 .\CortexM0\ARM_GCC_541\Debug\QuadCopter10.a(A2D.o)
                0x00002a9c                A2D_Start
 .text.A2D_StartConvert
                0x00002abc       0x14 .\CortexM0\ARM_GCC_541\Debug\QuadCopter10.a(A2D.o)
                0x00002abc                A2D_StartConvert
 .text.A2D_GetResult16
                0x00002ad0       0x2c .\CortexM0\ARM_GCC_541\Debug\QuadCopter10.a(A2D.o)
                0x00002ad0                A2D_GetResult16
 .text.A2D_ISR  0x00002afc        0xc .\CortexM0\ARM_GCC_541\Debug\QuadCopter10.a(A2D_INT.o)
                0x00002afc                A2D_ISR
 .text.LED6_Write
                0x00002b08       0x18 .\CortexM0\ARM_GCC_541\Debug\QuadCopter10.a(LED6.o)
                0x00002b08                LED6_Write
 .text.WDT_ISR_SetVector
                0x00002b20        0xc .\CortexM0\ARM_GCC_541\Debug\QuadCopter10.a(WDT_ISR.o)
                0x00002b20                WDT_ISR_SetVector
 .text.WDT_ISR_SetPriority
                0x00002b2c       0x20 .\CortexM0\ARM_GCC_541\Debug\QuadCopter10.a(WDT_ISR.o)
                0x00002b2c                WDT_ISR_SetPriority
 .text.WDT_ISR_Enable
                0x00002b4c        0xc .\CortexM0\ARM_GCC_541\Debug\QuadCopter10.a(WDT_ISR.o)
                0x00002b4c                WDT_ISR_Enable
 .text.WDT_ISR_Disable
                0x00002b58        0xc .\CortexM0\ARM_GCC_541\Debug\QuadCopter10.a(WDT_ISR.o)
                0x00002b58                WDT_ISR_Disable
 .text.WDT_ISR_Start
                0x00002b64       0x1c .\CortexM0\ARM_GCC_541\Debug\QuadCopter10.a(WDT_ISR.o)
                0x00002b64                WDT_ISR_Start
 .text.WDT_ISR_ClearPending
                0x00002b80        0xc .\CortexM0\ARM_GCC_541\Debug\QuadCopter10.a(WDT_ISR.o)
                0x00002b80                WDT_ISR_ClearPending
 .text.WDT_ISR_Interrupt
                0x00002b8c       0x2c .\CortexM0\ARM_GCC_541\Debug\QuadCopter10.a(WDT_ISR.o)
                0x00002b8c                WDT_ISR_Interrupt
 .text.LED7_Write
                0x00002bb8       0x18 .\CortexM0\ARM_GCC_541\Debug\QuadCopter10.a(LED7.o)
                0x00002bb8                LED7_Write
 .text.LoRaEn_n_Write
                0x00002bd0       0x18 .\CortexM0\ARM_GCC_541\Debug\QuadCopter10.a(LoRaEn_n.o)
                0x00002bd0                LoRaEn_n_Write
 .text.Alt_SS_n_Write
                0x00002be8       0x18 .\CortexM0\ARM_GCC_541\Debug\QuadCopter10.a(Alt_SS_n.o)
                0x00002be8                Alt_SS_n_Write
 .text.AltISR_SetVector
                0x00002c00        0xc .\CortexM0\ARM_GCC_541\Debug\QuadCopter10.a(AltISR.o)
                0x00002c00                AltISR_SetVector
 .text.AltISR_SetPriority
                0x00002c0c       0x24 .\CortexM0\ARM_GCC_541\Debug\QuadCopter10.a(AltISR.o)
                0x00002c0c                AltISR_SetPriority
 .text.AltISR_Enable
                0x00002c30        0xc .\CortexM0\ARM_GCC_541\Debug\QuadCopter10.a(AltISR.o)
                0x00002c30                AltISR_Enable
 .text.AltISR_Disable
                0x00002c3c        0xc .\CortexM0\ARM_GCC_541\Debug\QuadCopter10.a(AltISR.o)
                0x00002c3c                AltISR_Disable
 .text.AltISR_Start
                0x00002c48       0x1c .\CortexM0\ARM_GCC_541\Debug\QuadCopter10.a(AltISR.o)
                0x00002c48                AltISR_Start
 .text.AltISR_ClearPending
                0x00002c64        0xc .\CortexM0\ARM_GCC_541\Debug\QuadCopter10.a(AltISR.o)
                0x00002c64                AltISR_ClearPending
 .text.AltISR_Interrupt
                0x00002c70        0xc .\CortexM0\ARM_GCC_541\Debug\QuadCopter10.a(AltISR.o)
                0x00002c70                AltISR_Interrupt
 .text.FRNTLFT_ESC_WriteCounter
                0x00002c7c       0x10 .\CortexM0\ARM_GCC_541\Debug\QuadCopter10.a(FRNTLFT_ESC.o)
                0x00002c7c                FRNTLFT_ESC_WriteCounter
 .text.FRNTLFT_ESC_WritePeriod
                0x00002c8c       0x10 .\CortexM0\ARM_GCC_541\Debug\QuadCopter10.a(FRNTLFT_ESC.o)
                0x00002c8c                FRNTLFT_ESC_WritePeriod
 .text.FRNTLFT_ESC_WriteCompare
                0x00002c9c       0x10 .\CortexM0\ARM_GCC_541\Debug\QuadCopter10.a(FRNTLFT_ESC.o)
                0x00002c9c                FRNTLFT_ESC_WriteCompare
 .text.FRNTLFT_ESC_TriggerCommand
                0x00002cac       0x1c .\CortexM0\ARM_GCC_541\Debug\QuadCopter10.a(FRNTLFT_ESC.o)
                0x00002cac                FRNTLFT_ESC_TriggerCommand
 .text.FRNTLFT_ESC_Enable
                0x00002cc8       0x24 .\CortexM0\ARM_GCC_541\Debug\QuadCopter10.a(FRNTLFT_ESC.o)
                0x00002cc8                FRNTLFT_ESC_Enable
 .text.FRNTLFT_ESC_SetInterruptMode
                0x00002cec        0xc .\CortexM0\ARM_GCC_541\Debug\QuadCopter10.a(FRNTLFT_ESC.o)
                0x00002cec                FRNTLFT_ESC_SetInterruptMode
 .text.FRNTLFT_ESC_Init
                0x00002cf8       0x48 .\CortexM0\ARM_GCC_541\Debug\QuadCopter10.a(FRNTLFT_ESC.o)
                0x00002cf8                FRNTLFT_ESC_Init
 .text.FRNTLFT_ESC_Start
                0x00002d40       0x20 .\CortexM0\ARM_GCC_541\Debug\QuadCopter10.a(FRNTLFT_ESC.o)
                0x00002d40                FRNTLFT_ESC_Start
 .text.FRNTRGHT_ESC_WriteCounter
                0x00002d60       0x10 .\CortexM0\ARM_GCC_541\Debug\QuadCopter10.a(FRNTRGHT_ESC.o)
                0x00002d60                FRNTRGHT_ESC_WriteCounter
 .text.FRNTRGHT_ESC_WritePeriod
                0x00002d70       0x10 .\CortexM0\ARM_GCC_541\Debug\QuadCopter10.a(FRNTRGHT_ESC.o)
                0x00002d70                FRNTRGHT_ESC_WritePeriod
 .text.FRNTRGHT_ESC_WriteCompare
                0x00002d80       0x10 .\CortexM0\ARM_GCC_541\Debug\QuadCopter10.a(FRNTRGHT_ESC.o)
                0x00002d80                FRNTRGHT_ESC_WriteCompare
 .text.FRNTRGHT_ESC_TriggerCommand
                0x00002d90       0x1c .\CortexM0\ARM_GCC_541\Debug\QuadCopter10.a(FRNTRGHT_ESC.o)
                0x00002d90                FRNTRGHT_ESC_TriggerCommand
 .text.FRNTRGHT_ESC_Enable
                0x00002dac       0x24 .\CortexM0\ARM_GCC_541\Debug\QuadCopter10.a(FRNTRGHT_ESC.o)
                0x00002dac                FRNTRGHT_ESC_Enable
 .text.FRNTRGHT_ESC_SetInterruptMode
                0x00002dd0        0xc .\CortexM0\ARM_GCC_541\Debug\QuadCopter10.a(FRNTRGHT_ESC.o)
                0x00002dd0                FRNTRGHT_ESC_SetInterruptMode
 .text.FRNTRGHT_ESC_Init
                0x00002ddc       0x48 .\CortexM0\ARM_GCC_541\Debug\QuadCopter10.a(FRNTRGHT_ESC.o)
                0x00002ddc                FRNTRGHT_ESC_Init
 .text.FRNTRGHT_ESC_Start
                0x00002e24       0x20 .\CortexM0\ARM_GCC_541\Debug\QuadCopter10.a(FRNTRGHT_ESC.o)
                0x00002e24                FRNTRGHT_ESC_Start
 .text.BCKLFT_ESC_WriteCounter
                0x00002e44       0x10 .\CortexM0\ARM_GCC_541\Debug\QuadCopter10.a(BCKLFT_ESC.o)
                0x00002e44                BCKLFT_ESC_WriteCounter
 .text.BCKLFT_ESC_WritePeriod
                0x00002e54       0x10 .\CortexM0\ARM_GCC_541\Debug\QuadCopter10.a(BCKLFT_ESC.o)
                0x00002e54                BCKLFT_ESC_WritePeriod
 .text.BCKLFT_ESC_WriteCompare
                0x00002e64       0x10 .\CortexM0\ARM_GCC_541\Debug\QuadCopter10.a(BCKLFT_ESC.o)
                0x00002e64                BCKLFT_ESC_WriteCompare
 .text.BCKLFT_ESC_TriggerCommand
                0x00002e74       0x1c .\CortexM0\ARM_GCC_541\Debug\QuadCopter10.a(BCKLFT_ESC.o)
                0x00002e74                BCKLFT_ESC_TriggerCommand
 .text.BCKLFT_ESC_Enable
                0x00002e90       0x24 .\CortexM0\ARM_GCC_541\Debug\QuadCopter10.a(BCKLFT_ESC.o)
                0x00002e90                BCKLFT_ESC_Enable
 .text.BCKLFT_ESC_SetInterruptMode
                0x00002eb4        0xc .\CortexM0\ARM_GCC_541\Debug\QuadCopter10.a(BCKLFT_ESC.o)
                0x00002eb4                BCKLFT_ESC_SetInterruptMode
 .text.BCKLFT_ESC_Init
                0x00002ec0       0x48 .\CortexM0\ARM_GCC_541\Debug\QuadCopter10.a(BCKLFT_ESC.o)
                0x00002ec0                BCKLFT_ESC_Init
 .text.BCKLFT_ESC_Start
                0x00002f08       0x20 .\CortexM0\ARM_GCC_541\Debug\QuadCopter10.a(BCKLFT_ESC.o)
                0x00002f08                BCKLFT_ESC_Start
 .text.BCKRGHT_ESC_WriteCounter
                0x00002f28       0x10 .\CortexM0\ARM_GCC_541\Debug\QuadCopter10.a(BCKRGHT_ESC.o)
                0x00002f28                BCKRGHT_ESC_WriteCounter
 .text.BCKRGHT_ESC_WritePeriod
                0x00002f38       0x10 .\CortexM0\ARM_GCC_541\Debug\QuadCopter10.a(BCKRGHT_ESC.o)
                0x00002f38                BCKRGHT_ESC_WritePeriod
 .text.BCKRGHT_ESC_WriteCompare
                0x00002f48       0x10 .\CortexM0\ARM_GCC_541\Debug\QuadCopter10.a(BCKRGHT_ESC.o)
                0x00002f48                BCKRGHT_ESC_WriteCompare
 .text.BCKRGHT_ESC_TriggerCommand
                0x00002f58       0x1c .\CortexM0\ARM_GCC_541\Debug\QuadCopter10.a(BCKRGHT_ESC.o)
                0x00002f58                BCKRGHT_ESC_TriggerCommand
 .text.BCKRGHT_ESC_Enable
                0x00002f74       0x24 .\CortexM0\ARM_GCC_541\Debug\QuadCopter10.a(BCKRGHT_ESC.o)
                0x00002f74                BCKRGHT_ESC_Enable
 .text.BCKRGHT_ESC_SetInterruptMode
                0x00002f98        0xc .\CortexM0\ARM_GCC_541\Debug\QuadCopter10.a(BCKRGHT_ESC.o)
                0x00002f98                BCKRGHT_ESC_SetInterruptMode
 .text.BCKRGHT_ESC_Init
                0x00002fa4       0x48 .\CortexM0\ARM_GCC_541\Debug\QuadCopter10.a(BCKRGHT_ESC.o)
                0x00002fa4                BCKRGHT_ESC_Init
 .text.BCKRGHT_ESC_Start
                0x00002fec       0x20 .\CortexM0\ARM_GCC_541\Debug\QuadCopter10.a(BCKRGHT_ESC.o)
                0x00002fec                BCKRGHT_ESC_Start
 .text.BckLftCnt_Enable
                0x0000300c       0x14 .\CortexM0\ARM_GCC_541\Debug\QuadCopter10.a(BckLftCnt.o)
                0x0000300c                BckLftCnt_Enable
 .text.BckLftCnt_SetInterruptMode
                0x00003020        0xc .\CortexM0\ARM_GCC_541\Debug\QuadCopter10.a(BckLftCnt.o)
                0x00003020                BckLftCnt_SetInterruptMode
 .text.BckLftCnt_ReadStatusRegister
                0x0000302c        0xc .\CortexM0\ARM_GCC_541\Debug\QuadCopter10.a(BckLftCnt.o)
                0x0000302c                BckLftCnt_ReadStatusRegister
 .text.BckLftCnt_WriteCounter
                0x00003038        0xc .\CortexM0\ARM_GCC_541\Debug\QuadCopter10.a(BckLftCnt.o)
                0x00003038                BckLftCnt_WriteCounter
 .text.BckLftCnt_ReadCounter
                0x00003044       0x14 .\CortexM0\ARM_GCC_541\Debug\QuadCopter10.a(BckLftCnt.o)
                0x00003044                BckLftCnt_ReadCounter
 .text.BckLftCnt_ReadCapture
                0x00003058        0xc .\CortexM0\ARM_GCC_541\Debug\QuadCopter10.a(BckLftCnt.o)
                0x00003058                BckLftCnt_ReadCapture
 .text.BckLftCnt_WritePeriod
                0x00003064        0xc .\CortexM0\ARM_GCC_541\Debug\QuadCopter10.a(BckLftCnt.o)
                0x00003064                BckLftCnt_WritePeriod
 .text.BckLftCnt_WriteCompare
                0x00003070        0xc .\CortexM0\ARM_GCC_541\Debug\QuadCopter10.a(BckLftCnt.o)
                0x00003070                BckLftCnt_WriteCompare
 .text.BckLftCnt_ClearFIFO
                0x0000307c       0x14 .\CortexM0\ARM_GCC_541\Debug\QuadCopter10.a(BckLftCnt.o)
                0x0000307c                BckLftCnt_ClearFIFO
 .text.BckLftCnt_Init
                0x00003090       0x58 .\CortexM0\ARM_GCC_541\Debug\QuadCopter10.a(BckLftCnt.o)
                0x00003090                BckLftCnt_Init
 .text.BckLftCnt_Start
                0x000030e8       0x20 .\CortexM0\ARM_GCC_541\Debug\QuadCopter10.a(BckLftCnt.o)
                0x000030e8                BckLftCnt_Start
 .text.A2D_rdy_SetVector
                0x00003108        0xc .\CortexM0\ARM_GCC_541\Debug\QuadCopter10.a(A2D_rdy.o)
                0x00003108                A2D_rdy_SetVector
 .text.A2D_rdy_SetPriority
                0x00003114       0x20 .\CortexM0\ARM_GCC_541\Debug\QuadCopter10.a(A2D_rdy.o)
                0x00003114                A2D_rdy_SetPriority
 .text.A2D_rdy_Enable
                0x00003134        0xc .\CortexM0\ARM_GCC_541\Debug\QuadCopter10.a(A2D_rdy.o)
                0x00003134                A2D_rdy_Enable
 .text.A2D_rdy_Disable
                0x00003140        0xc .\CortexM0\ARM_GCC_541\Debug\QuadCopter10.a(A2D_rdy.o)
                0x00003140                A2D_rdy_Disable
 .text.A2D_rdy_Start
                0x0000314c       0x1c .\CortexM0\ARM_GCC_541\Debug\QuadCopter10.a(A2D_rdy.o)
                0x0000314c                A2D_rdy_Start
 .text.A2D_rdy_ClearPending
                0x00003168        0xc .\CortexM0\ARM_GCC_541\Debug\QuadCopter10.a(A2D_rdy.o)
                0x00003168                A2D_rdy_ClearPending
 .text.A2D_rdy_Interrupt
                0x00003174       0x2c .\CortexM0\ARM_GCC_541\Debug\QuadCopter10.a(A2D_rdy.o)
                0x00003174                A2D_rdy_Interrupt
 .text          0x000031a0       0x20 .\CortexM0\ARM_GCC_541\Debug\QuadCopter10.a(CyBootAsmGnu.o)
                0x000031a0                CyDelayCycles
                0x000031b2                CyEnterCriticalSection
                0x000031ba                CyExitCriticalSection
 .text.UART_BLE_SPI_UART_ISR
                0x000031c0       0x14 .\CortexM0\ARM_GCC_541\Debug\QuadCopter10.a(UART_BLE_SPI_UART_INT.o)
                0x000031c0                UART_BLE_SPI_UART_ISR
 .text.UART_LiDAR_SpiUartReadRxData
                0x000031d4        0xc .\CortexM0\ARM_GCC_541\Debug\QuadCopter10.a(UART_LiDAR_SPI_UART.o)
                0x000031d4                UART_LiDAR_SpiUartReadRxData
 .text.UART_LiDAR_SpiUartGetRxBufferSize
                0x000031e0       0x10 .\CortexM0\ARM_GCC_541\Debug\QuadCopter10.a(UART_LiDAR_SPI_UART.o)
                0x000031e0                UART_LiDAR_SpiUartGetRxBufferSize
 .text.UART_LiDAR_SPI_UART_ISR
                0x000031f0       0x14 .\CortexM0\ARM_GCC_541\Debug\QuadCopter10.a(UART_LiDAR_SPI_UART_INT.o)
                0x000031f0                UART_LiDAR_SPI_UART_ISR
 .text.CySysFlashSetWaitCycles
                0x00003204       0x54 .\CortexM0\ARM_GCC_541\Debug\QuadCopter10.a(CyFlash.o)
                0x00003204                CySysFlashSetWaitCycles
 .text          0x00003258      0x114 c:/program files (x86)/cypress/psoc creator/4.3/psoc creator/import/gnu/arm/5.4.1/bin/../lib/gcc/arm-none-eabi/5.4.1/armv6-m\libgcc.a(_udivsi3.o)
                0x00003258                __aeabi_uidiv
                0x00003258                __udivsi3
                0x00003364                __aeabi_uidivmod
 .text          0x0000336c      0x1d4 c:/program files (x86)/cypress/psoc creator/4.3/psoc creator/import/gnu/arm/5.4.1/bin/../lib/gcc/arm-none-eabi/5.4.1/armv6-m\libgcc.a(_divsi3.o)
                0x0000336c                __divsi3
                0x0000336c                __aeabi_idiv
                0x00003538                __aeabi_idivmod
 .text          0x00003540        0x4 c:/program files (x86)/cypress/psoc creator/4.3/psoc creator/import/gnu/arm/5.4.1/bin/../lib/gcc/arm-none-eabi/5.4.1/armv6-m\libgcc.a(_dvmd_tls.o)
                0x00003540                __aeabi_idiv0
                0x00003540                __aeabi_ldiv0
 .text.__errno  0x00003544        0xc c:/program files (x86)/cypress/psoc creator/4.3/psoc creator/import/gnu/arm/5.4.1/bin/../lib/gcc/arm-none-eabi/5.4.1/../../../../arm-none-eabi/lib/armv6-m\libg_nano.a(lib_a-errno.o)
                0x00003544                __errno
 .text.__libc_init_array
                0x00003550       0x4c c:/program files (x86)/cypress/psoc creator/4.3/psoc creator/import/gnu/arm/5.4.1/bin/../lib/gcc/arm-none-eabi/5.4.1/../../../../arm-none-eabi/lib/armv6-m\libg_nano.a(lib_a-init.o)
                0x00003550                __libc_init_array
 .text.memcpy   0x0000359c       0x12 c:/program files (x86)/cypress/psoc creator/4.3/psoc creator/import/gnu/arm/5.4.1/bin/../lib/gcc/arm-none-eabi/5.4.1/../../../../arm-none-eabi/lib/armv6-m\libg_nano.a(lib_a-memcpy-stub.o)
                0x0000359c                memcpy
 .text.memset   0x000035ae       0x10 c:/program files (x86)/cypress/psoc creator/4.3/psoc creator/import/gnu/arm/5.4.1/bin/../lib/gcc/arm-none-eabi/5.4.1/../../../../arm-none-eabi/lib/armv6-m\libg_nano.a(lib_a-memset.o)
                0x000035ae                memset
 *(.plt)
 *(.gnu.warning)
 *(.glue_7t)
 .glue_7t       0x000035be        0x0 linker stubs
 *(.glue_7)
 .glue_7        0x000035be        0x0 linker stubs
 *(.vfp11_veneer)
 .vfp11_veneer  0x000035be        0x0 linker stubs
 *(.bootloader)
 *(.ARM.extab* .gnu.linkonce.armextab.*)
 *(.gcc_except_table)

.v4_bx          0x000035c0        0x0
 .v4_bx         0x000035c0        0x0 linker stubs

.iplt           0x000035c0        0x0
 .iplt          0x000035c0        0x0 c:/program files (x86)/cypress/psoc creator/4.3/psoc creator/import/gnu/arm/5.4.1/bin/../lib/gcc/arm-none-eabi/5.4.1/armv6-m/crtbegin.o

.eh_frame_hdr
 *(.eh_frame_hdr)

.eh_frame       0x000035c0        0x4
 *(.eh_frame)
 .eh_frame      0x000035c0        0x0 c:/program files (x86)/cypress/psoc creator/4.3/psoc creator/import/gnu/arm/5.4.1/bin/../lib/gcc/arm-none-eabi/5.4.1/armv6-m/crtbegin.o
 .eh_frame      0x000035c0        0x4 c:/program files (x86)/cypress/psoc creator/4.3/psoc creator/import/gnu/arm/5.4.1/bin/../lib/gcc/arm-none-eabi/5.4.1/armv6-m/crtend.o
                [!provide]                PROVIDE (__exidx_start, .)

.ARM.exidx
 *(.ARM.exidx* .gnu.linkonce.armexidx.*)
                0x000035c4                __exidx_end = .

.rodata         0x000035c4      0x2cc
 *(.rodata .rodata.* .gnu.linkonce.r.*)
 .rodata        0x000035c4       0x60 .\CortexM0\ARM_GCC_541\Debug\main.o
 .rodata.str1.4
                0x00003624       0xec .\CortexM0\ARM_GCC_541\Debug\main.o
                                 0xee (size before relaxing)
 .rodata        0x00003710      0x110 .\CortexM0\ARM_GCC_541\Debug\cyfitter_cfg.o
 .rodata        0x00003820       0x2e .\CortexM0\ARM_GCC_541\Debug\QuadCopter10.a(CyLib.o)
                0x00003820                cyImoFreqMhz2Reg
 *fill*         0x0000384e        0x2 
 .rodata        0x00003850        0xa .\CortexM0\ARM_GCC_541\Debug\QuadCopter10.a(A2D.o)
 .rodata.str1.1
                0x0000385a        0x2 c:/program files (x86)/cypress/psoc creator/4.3/psoc creator/import/gnu/arm/5.4.1/bin/../lib/gcc/arm-none-eabi/5.4.1/../../../../arm-none-eabi/lib/armv6-m\libg_nano.a(lib_a-impure.o)
                0x0000385c                . = ALIGN (0x4)
 *(.init)
 .init          0x0000385c        0x4 c:/program files (x86)/cypress/psoc creator/4.3/psoc creator/import/gnu/arm/5.4.1/bin/../lib/gcc/arm-none-eabi/5.4.1/armv6-m/crti.o
                0x0000385c                _init
 .init          0x00003860        0x8 c:/program files (x86)/cypress/psoc creator/4.3/psoc creator/import/gnu/arm/5.4.1/bin/../lib/gcc/arm-none-eabi/5.4.1/armv6-m/crtn.o
                0x00003868                . = ALIGN (0x4)
                0x00003868                __preinit_array_start = .
 *(.preinit_array)
                0x00003868                __preinit_array_end = .
                0x00003868                . = ALIGN (0x4)
                0x00003868                __init_array_start = .
 *(SORT(.init_array.*))
 *(.init_array)
 .init_array    0x00003868        0x4 c:/program files (x86)/cypress/psoc creator/4.3/psoc creator/import/gnu/arm/5.4.1/bin/../lib/gcc/arm-none-eabi/5.4.1/armv6-m/crtbegin.o
 .init_array    0x0000386c        0x4 .\CortexM0\ARM_GCC_541\Debug\Cm0Start.o
                0x00003870                __init_array_end = .
                0x00003870                . = ALIGN (0x4)
 *(.fini)
 .fini          0x00003870        0x4 c:/program files (x86)/cypress/psoc creator/4.3/psoc creator/import/gnu/arm/5.4.1/bin/../lib/gcc/arm-none-eabi/5.4.1/armv6-m/crti.o
                0x00003870                _fini
 .fini          0x00003874        0x8 c:/program files (x86)/cypress/psoc creator/4.3/psoc creator/import/gnu/arm/5.4.1/bin/../lib/gcc/arm-none-eabi/5.4.1/armv6-m/crtn.o
                0x0000387c                . = ALIGN (0x4)
                0x0000387c                __fini_array_start = .
 *(.fini_array)
 .fini_array    0x0000387c        0x4 c:/program files (x86)/cypress/psoc creator/4.3/psoc creator/import/gnu/arm/5.4.1/bin/../lib/gcc/arm-none-eabi/5.4.1/armv6-m/crtbegin.o
 *(SORT(.fini_array.*))
                0x00003880                __fini_array_end = .
                0x00003880                . = ALIGN (0x4)
 *crtbegin.o(.ctors)
 *(EXCLUDE_FILE(*crtend.o) .ctors)
 *(SORT(.ctors.*))
 *crtend.o(.ctors)
                0x00003880                . = ALIGN (0x4)
 *crtbegin.o(.dtors)
 *(EXCLUDE_FILE(*crtend.o) .dtors)
 *(SORT(.dtors.*))
 *crtend.o(.dtors)
                0x00003880                . = ALIGN (0x4)
                0x00003880                __cy_regions = .
                0x00003880        0x4 LONG 0x3890 __cy_region_init_ram
                0x00003884        0x4 LONG 0x200000c0 __cy_region_start_data
                0x00003888        0x4 LONG 0x80 __cy_region_init_size_ram
                0x0000388c        0x4 LONG 0x2d8 __cy_region_zero_size_ram
                0x00003890                __cy_regions_end = .
                0x00003890                . = ALIGN (0x8)
                0x00003890                _etext = .

.cy_checksum_exclude
                0x00003890        0x0
 *(.cy_checksum_exclude)

.ramvectors     0x20000000       0xc0
                0x20000000                __cy_region_start_ram = .
 *(.ramvectors)
 .ramvectors    0x20000000       0xc0 .\CortexM0\ARM_GCC_541\Debug\Cm0Start.o
                0x20000000                CyRamVectors

.noinit
 *(.noinit)

.data           0x200000c0       0x80 load address 0x00003890
                0x200000c0                __cy_region_start_data = .
 *(.jcr)
 .jcr           0x200000c0        0x0 c:/program files (x86)/cypress/psoc creator/4.3/psoc creator/import/gnu/arm/5.4.1/bin/../lib/gcc/arm-none-eabi/5.4.1/armv6-m/crtbegin.o
 .jcr           0x200000c0        0x4 c:/program files (x86)/cypress/psoc creator/4.3/psoc creator/import/gnu/arm/5.4.1/bin/../lib/gcc/arm-none-eabi/5.4.1/armv6-m/crtend.o
 *(.got.plt)
 *(.got)
 *(.shdata)
 *(.data .data.* .gnu.linkonce.d.*)
 .data          0x200000c4       0x14 .\CortexM0\ARM_GCC_541\Debug\QuadCopter10.a(CyLib.o)
                0x200000c4                CySysClkPumpConfig
                0x200000c8                cydelay32kMs
                0x200000cc                cydelayFreqKhz
                0x200000d0                cydelayFreqMhz
                0x200000d4                cydelayFreqHz
 .data.impure_data
                0x200000d8       0x60 c:/program files (x86)/cypress/psoc creator/4.3/psoc creator/import/gnu/arm/5.4.1/bin/../lib/gcc/arm-none-eabi/5.4.1/../../../../arm-none-eabi/lib/armv6-m\libg_nano.a(lib_a-impure.o)
 .data._impure_ptr
                0x20000138        0x4 c:/program files (x86)/cypress/psoc creator/4.3/psoc creator/import/gnu/arm/5.4.1/bin/../lib/gcc/arm-none-eabi/5.4.1/../../../../arm-none-eabi/lib/armv6-m\libg_nano.a(lib_a-impure.o)
                0x20000138                _impure_ptr
                0x20000140                . = ALIGN (0x8)
 *fill*         0x2000013c        0x4 
 *(.ram)
                0x20000140                _edata = .

.igot.plt       0x20000140        0x0 load address 0x00003910
 .igot.plt      0x20000140        0x0 c:/program files (x86)/cypress/psoc creator/4.3/psoc creator/import/gnu/arm/5.4.1/bin/../lib/gcc/arm-none-eabi/5.4.1/armv6-m/crtbegin.o

.bss            0x20000140      0x2d8 load address 0x00003910
                0x20000140                PROVIDE (__bss_start__, .)
 *(.shbss)
 *(.bss .bss.* .gnu.linkonce.b.*)
 .bss           0x20000140       0x1c c:/program files (x86)/cypress/psoc creator/4.3/psoc creator/import/gnu/arm/5.4.1/bin/../lib/gcc/arm-none-eabi/5.4.1/armv6-m/crtbegin.o
 .bss           0x2000015c        0x4 .\CortexM0\ARM_GCC_541\Debug\main.o
                0x2000015c                msg_ptr_tail
                0x2000015d                msg_ptr_head
                0x2000015e                num_GP_timers
 .bss           0x20000160        0xa .\CortexM0\ARM_GCC_541\Debug\QuadCopter10.a(UART_BLE.o)
                0x20000160                UART_BLE_initVar
                0x20000164                UART_BLE_customIntrHandler
                0x20000168                UART_BLE_IntrTxMask
 *fill*         0x2000016a        0x2 
 .bss           0x2000016c        0xa .\CortexM0\ARM_GCC_541\Debug\QuadCopter10.a(UART_LiDAR.o)
                0x2000016c                UART_LiDAR_initVar
                0x20000170                UART_LiDAR_customIntrHandler
                0x20000174                UART_LiDAR_IntrTxMask
 .bss           0x20000176        0x1 .\CortexM0\ARM_GCC_541\Debug\QuadCopter10.a(A2D.o)
                0x20000176                A2D_initVar
 .bss           0x20000177        0x1 .\CortexM0\ARM_GCC_541\Debug\QuadCopter10.a(FRNTLFT_ESC.o)
                0x20000177                FRNTLFT_ESC_initVar
 .bss           0x20000178        0x1 .\CortexM0\ARM_GCC_541\Debug\QuadCopter10.a(FRNTRGHT_ESC.o)
                0x20000178                FRNTRGHT_ESC_initVar
 .bss           0x20000179        0x1 .\CortexM0\ARM_GCC_541\Debug\QuadCopter10.a(BCKLFT_ESC.o)
                0x20000179                BCKLFT_ESC_initVar
 .bss           0x2000017a        0x1 .\CortexM0\ARM_GCC_541\Debug\QuadCopter10.a(BCKRGHT_ESC.o)
                0x2000017a                BCKRGHT_ESC_initVar
 .bss           0x2000017b        0x1 .\CortexM0\ARM_GCC_541\Debug\QuadCopter10.a(BckLftCnt.o)
                0x2000017b                BckLftCnt_initVar
 *(COMMON)
 COMMON         0x2000017c      0x28e .\CortexM0\ARM_GCC_541\Debug\main.o
                0x2000017c                elevation_cntrl
                0x2000017e                yaw_rt_avg
                0x20000180                thrust_const
                0x20000182                pitch_rt_last
                0x20000184                num_rx_bytes_dbg_buff
                0x20000186                avg_smpl_cnt
                0x20000188                elevationErr
                0x2000018a                YMAG_min
                0x2000018c                pitch_rt
                0x20000190                AX_accum
                0x20000194                num_rx_bytes_dbg
                0x20000198                rx_bytes_dbg
                0x200001a0                AltTail
                0x200001a4                yaw_accum
                0x200001a8                num_filt_rates
                0x200001aa                XMAG_avg
                0x200001ac                XMAG_accum
                0x200001b0                rx_bytes_lidar
                0x200001c0                motor_toggles
                0x200001c2                LIDAR_UART_tmr
                0x200001c4                yaw_slew
                0x200001c6                num_rx_bytes_ble_buff
                0x200001c8                Alt_queue
                0x200001d8                XMAG_min
                0x200001da                yaw_desired
                0x200001dc                roll_rt
                0x200001de                frntrght_spd
                0x200001e0                pitch_rt_raw
                0x200001e2                lidar_elevation_triggered
                0x200001e4                debug_msg
                0x200002e4                Acc_avg_ptr
                0x200002e8                rx_bytes_lidar_buff
                0x200002f8                pitch_desired
                0x200002fa                Batt_volt
                0x200002fc                comm_timer_set
                0x200002fe                AY
                0x20000300                yaw_rt_last
                0x20000302                num_rx_bytes_ble
                0x20000304                yaw_fuse
                0x20000306                run_mode
                0x20000308                frntlft_spd
                0x2000030a                bckrght_spd
                0x2000030c                elevationErr_last
                0x2000030e                amp
                0x20000310                AY_accum
                0x20000314                pitch_fuse
                0x20000316                bcklft_spd
                0x20000318                num_tasks
                0x2000031a                roll_desired
                0x2000031c                YMAG_max
                0x2000031e                ESC_curr
                0x20000320                GP_ticks
                0x20000322                GP_evt
                0x20000323                AltHead
                0x20000324                BLE_UART_tmr
                0x20000328                task_queue
                0x20000332                YMAG
                0x20000334                desiredElevation
                0x20000338                rx_bytes_dbg_buff
                0x20000340                SPI_resp
                0x2000034e                const_pwr_step
                0x2000034f                const_pwr_dec
                0x20000350                roll_fuse
                0x20000352                I_term_thrust_dec
                0x20000354                elevation
                0x20000356                roll_rt_last
                0x20000358                slider_pos_last
                0x2000035a                roll_rt_avg
                0x2000035c                roll_rt_raw
                0x2000035e                last_elevationErr_last
                0x20000360                SPI_cmd
                0x2000036e                XMAG
                0x20000370                YMAG_avg
                0x20000372                yaw_slew_dec
                0x20000374                roll_accum
                0x20000378                br_last
                0x2000037a                Acc_q_full
                0x2000037c                yaw_rt_raw
                0x2000037e                pitch_desired_avg
                0x20000380                num_MAG_readings
                0x20000384                pitch_accum
                0x20000388                fl_last
                0x2000038a                roll_desired_last
                0x2000038c                thrust
                0x2000038e                pitch_rt_avg
                0x20000390                rx_bytes_ble_buff
                0x20000398                sec
                0x2000039a                pitch_desired_last
                0x2000039c                thrust_lidar
                0x2000039e                missed_gyros
                0x200003a0                I_term_thrust_accum
                0x200003a4                YMAG_accum
                0x200003a8                rx_bytes_ble
                0x200003b0                GP_timer
                0x200003c4                AXq
                0x200003d4                I_term_thrust
                0x200003d6                bl_last
                0x200003d8                AltReading
                0x200003dc                chksum_consecutive_mismatch
                0x200003e0                AYq
                0x200003f0                XMAG_max
                0x200003f4                const_pwr_desired
                0x200003f8                fr_last
                0x200003fc                Alt_accum
                0x20000400                num_rx_bytes_lidar_buff
                0x20000402                AX
                0x20000404                roll_desired_avg
                0x20000406                num_rx_bytes_lidar
                0x20000408                yaw_rt
 *fill*         0x2000040a        0x2 
 COMMON         0x2000040c        0xc .\CortexM0\ARM_GCC_541\Debug\QuadCopter10.a(A2D.o)
                0x2000040c                A2D_countsPer10Volt
                0x20000414                A2D_offset
                0x20000418                . = ALIGN (0x8)
 *(.ram.b)
                0x20000418                _end = .
                0x20000418                __end = .
                0x20000418                PROVIDE (end, .)
                0x20000418                PROVIDE (__bss_end__, .)
                0x00003890                __cy_region_init_ram = LOADADDR (.data)
                0x00000080                __cy_region_init_size_ram = (_edata - ADDR (.data))
                0x000002d8                __cy_region_zero_size_ram = (_end - _edata)

.heap           0x20000418       0x80 load address 0x00003910
                0x20000418                . = _end
                0x20000498                . = (. + 0x80)
 *fill*         0x20000418       0x80 
                0x20000498                __cy_heap_limit = .

.stack          0x20003800      0x800
                0x20003800                __cy_stack_limit = .
                0x20004000                . = (. + 0x800)
 *fill*         0x20003800      0x800 
                0x00000001                ASSERT ((__cy_stack_limit >= __cy_heap_limit), region RAM overflowed with stack)
                0x00000000                cy_checksum_exclude_size = (CY_APPL_LOADABLE == 0x1)?SIZEOF (.cy_checksum_exclude):0x0
                0x00000001                ASSERT ((cy_checksum_exclude_size <= CY_CHECKSUM_EXCLUDE_SIZE), CY_BOOT: Section .cy_checksum_exclude size exceedes specified limit.)
                0x0001ffc0                cyloadermeta_start = (cy_project_type_bootloader || cy_project_type_app_for_stack_and_copier)?(LENGTH (rom) - CY_METADATA_SIZE):0xf0000000

.cyloadermeta
 *(.cyloadermeta)
                0x0001ffc0                cyloadablemeta_start = cy_project_type_app_for_stack_and_copier?((LENGTH (rom) - CY_FLASH_ROW_SIZE) - CY_METADATA_SIZE):((LENGTH (rom) - (CY_FLASH_ROW_SIZE * (CY_APPL_NUM - 0x1))) - CY_METADATA_SIZE)

.cyloadablemeta
 *(.cyloadablemeta)

.cyflashprotect
                0x90400000       0x80
 *(.cyflashprotect)
 .cyflashprotect
                0x90400000       0x80 .\CortexM0\ARM_GCC_541\Debug\cymetadata.o
                0x90400000                cy_meta_flashprotect

.cymeta         0x90500000        0xc
 *(.cymeta)
 .cymeta        0x90500000        0xc .\CortexM0\ARM_GCC_541\Debug\cymetadata.o
                0x90500000                cy_metadata

.cychipprotect  0x90600000        0x1
 *(.cychipprotect)
 .cychipprotect
                0x90600000        0x1 .\CortexM0\ARM_GCC_541\Debug\cymetadata.o
                0x90600000                cy_meta_chipprotect

.rel.dyn        0x00003910        0x0 load address 0x90600004
 .rel.iplt      0x00003910        0x0 c:/program files (x86)/cypress/psoc creator/4.3/psoc creator/import/gnu/arm/5.4.1/bin/../lib/gcc/arm-none-eabi/5.4.1/armv6-m/crtbegin.o

.stab
 *(.stab)

.stabstr
 *(.stabstr)

.debug
 *(.debug)

.line
 *(.line)

.debug_srcinfo
 *(.debug_srcinfo)

.debug_sfnames
 *(.debug_sfnames)

.debug_aranges  0x00000000     0x15b0
 *(.debug_aranges)
 .debug_aranges
                0x00000000      0x100 .\CortexM0\ARM_GCC_541\Debug\main.o
 .debug_aranges
                0x00000100       0x48 .\CortexM0\ARM_GCC_541\Debug\cyfitter_cfg.o
 .debug_aranges
                0x00000148       0x18 .\CortexM0\ARM_GCC_541\Debug\cymetadata.o
 .debug_aranges
                0x00000160       0x48 .\CortexM0\ARM_GCC_541\Debug\Cm0Start.o
 .debug_aranges
                0x000001a8       0x48 .\CortexM0\ARM_GCC_541\Debug\QuadCopter10.a(LED4.o)
 .debug_aranges
                0x000001f0       0x48 .\CortexM0\ARM_GCC_541\Debug\QuadCopter10.a(LED3.o)
 .debug_aranges
                0x00000238       0x48 .\CortexM0\ARM_GCC_541\Debug\QuadCopter10.a(LED2.o)
 .debug_aranges
                0x00000280       0x48 .\CortexM0\ARM_GCC_541\Debug\QuadCopter10.a(LED1.o)
 .debug_aranges
                0x000002c8       0x48 .\CortexM0\ARM_GCC_541\Debug\QuadCopter10.a(LED0.o)
 .debug_aranges
                0x00000310       0x48 .\CortexM0\ARM_GCC_541\Debug\QuadCopter10.a(InertINT.o)
 .debug_aranges
                0x00000358       0x80 .\CortexM0\ARM_GCC_541\Debug\QuadCopter10.a(GyroISR.o)
 .debug_aranges
                0x000003d8       0x48 .\CortexM0\ARM_GCC_541\Debug\QuadCopter10.a(GyroSS_n.o)
 .debug_aranges
                0x00000420       0x68 .\CortexM0\ARM_GCC_541\Debug\QuadCopter10.a(UART_BLE.o)
 .debug_aranges
                0x00000488       0x60 .\CortexM0\ARM_GCC_541\Debug\QuadCopter10.a(UART_BLE_SPI_UART.o)
 .debug_aranges
                0x000004e8       0x90 .\CortexM0\ARM_GCC_541\Debug\QuadCopter10.a(UART_BLE_UART.o)
 .debug_aranges
                0x00000578       0x48 .\CortexM0\ARM_GCC_541\Debug\QuadCopter10.a(MagSS_n.o)
 .debug_aranges
                0x000005c0       0x48 .\CortexM0\ARM_GCC_541\Debug\QuadCopter10.a(LED5.o)
 .debug_aranges
                0x00000608       0x68 .\CortexM0\ARM_GCC_541\Debug\QuadCopter10.a(UART_LiDAR.o)
 .debug_aranges
                0x00000670       0x90 .\CortexM0\ARM_GCC_541\Debug\QuadCopter10.a(UART_LiDAR_UART.o)
 .debug_aranges
                0x00000700       0x80 .\CortexM0\ARM_GCC_541\Debug\QuadCopter10.a(UART_BLE_SCB_IRQ.o)
 .debug_aranges
                0x00000780       0x80 .\CortexM0\ARM_GCC_541\Debug\QuadCopter10.a(UART_LiDAR_SCB_IRQ.o)
 .debug_aranges
                0x00000800      0x1c8 .\CortexM0\ARM_GCC_541\Debug\QuadCopter10.a(CyLib.o)
 .debug_aranges
                0x000009c8      0x188 .\CortexM0\ARM_GCC_541\Debug\QuadCopter10.a(CyLFClk.o)
 .debug_aranges
                0x00000b50       0xa8 .\CortexM0\ARM_GCC_541\Debug\QuadCopter10.a(A2D.o)
 .debug_aranges
                0x00000bf8       0x20 .\CortexM0\ARM_GCC_541\Debug\QuadCopter10.a(A2D_INT.o)
 .debug_aranges
                0x00000c18       0x48 .\CortexM0\ARM_GCC_541\Debug\QuadCopter10.a(LED6.o)
 .debug_aranges
                0x00000c60       0x80 .\CortexM0\ARM_GCC_541\Debug\QuadCopter10.a(WDT_ISR.o)
 .debug_aranges
                0x00000ce0       0x48 .\CortexM0\ARM_GCC_541\Debug\QuadCopter10.a(LED7.o)
 .debug_aranges
                0x00000d28       0x48 .\CortexM0\ARM_GCC_541\Debug\QuadCopter10.a(LoRaEn_n.o)
 .debug_aranges
                0x00000d70       0x48 .\CortexM0\ARM_GCC_541\Debug\QuadCopter10.a(Alt_SS_n.o)
 .debug_aranges
                0x00000db8       0x80 .\CortexM0\ARM_GCC_541\Debug\QuadCopter10.a(AltISR.o)
 .debug_aranges
                0x00000e38      0x158 .\CortexM0\ARM_GCC_541\Debug\QuadCopter10.a(FRNTLFT_ESC.o)
 .debug_aranges
                0x00000f90      0x158 .\CortexM0\ARM_GCC_541\Debug\QuadCopter10.a(FRNTRGHT_ESC.o)
 .debug_aranges
                0x000010e8      0x158 .\CortexM0\ARM_GCC_541\Debug\QuadCopter10.a(BCKLFT_ESC.o)
 .debug_aranges
                0x00001240      0x158 .\CortexM0\ARM_GCC_541\Debug\QuadCopter10.a(BCKRGHT_ESC.o)
 .debug_aranges
                0x00001398       0x98 .\CortexM0\ARM_GCC_541\Debug\QuadCopter10.a(BckLftCnt.o)
 .debug_aranges
                0x00001430       0x80 .\CortexM0\ARM_GCC_541\Debug\QuadCopter10.a(A2D_rdy.o)
 .debug_aranges
                0x000014b0       0x20 .\CortexM0\ARM_GCC_541\Debug\QuadCopter10.a(CyBootAsmGnu.o)
 .debug_aranges
                0x000014d0       0x20 .\CortexM0\ARM_GCC_541\Debug\QuadCopter10.a(UART_BLE_SPI_UART_INT.o)
 .debug_aranges
                0x000014f0       0x60 .\CortexM0\ARM_GCC_541\Debug\QuadCopter10.a(UART_LiDAR_SPI_UART.o)
 .debug_aranges
                0x00001550       0x20 .\CortexM0\ARM_GCC_541\Debug\QuadCopter10.a(UART_LiDAR_SPI_UART_INT.o)
 .debug_aranges
                0x00001570       0x40 .\CortexM0\ARM_GCC_541\Debug\QuadCopter10.a(CyFlash.o)

.debug_pubnames
 *(.debug_pubnames)

.debug_info     0x00000000     0xc334
 *(.debug_info .gnu.linkonce.wi.*)
 .debug_info    0x00000000     0x1f3b .\CortexM0\ARM_GCC_541\Debug\main.o
 .debug_info    0x00001f3b      0x410 .\CortexM0\ARM_GCC_541\Debug\cyfitter_cfg.o
 .debug_info    0x0000234b       0xf8 .\CortexM0\ARM_GCC_541\Debug\cymetadata.o
 .debug_info    0x00002443      0x3a2 .\CortexM0\ARM_GCC_541\Debug\Cm0Start.o
 .debug_info    0x000027e5      0x19d .\CortexM0\ARM_GCC_541\Debug\QuadCopter10.a(LED4.o)
 .debug_info    0x00002982      0x19d .\CortexM0\ARM_GCC_541\Debug\QuadCopter10.a(LED3.o)
 .debug_info    0x00002b1f      0x19d .\CortexM0\ARM_GCC_541\Debug\QuadCopter10.a(LED2.o)
 .debug_info    0x00002cbc      0x19d .\CortexM0\ARM_GCC_541\Debug\QuadCopter10.a(LED1.o)
 .debug_info    0x00002e59      0x19b .\CortexM0\ARM_GCC_541\Debug\QuadCopter10.a(LED0.o)
 .debug_info    0x00002ff4      0x19d .\CortexM0\ARM_GCC_541\Debug\QuadCopter10.a(InertINT.o)
 .debug_info    0x00003191      0x5c9 .\CortexM0\ARM_GCC_541\Debug\QuadCopter10.a(GyroISR.o)
 .debug_info    0x0000375a      0x19d .\CortexM0\ARM_GCC_541\Debug\QuadCopter10.a(GyroSS_n.o)
 .debug_info    0x000038f7      0x2e9 .\CortexM0\ARM_GCC_541\Debug\QuadCopter10.a(UART_BLE.o)
 .debug_info    0x00003be0      0x220 .\CortexM0\ARM_GCC_541\Debug\QuadCopter10.a(UART_BLE_SPI_UART.o)
 .debug_info    0x00003e00      0x421 .\CortexM0\ARM_GCC_541\Debug\QuadCopter10.a(UART_BLE_UART.o)
 .debug_info    0x00004221      0x19d .\CortexM0\ARM_GCC_541\Debug\QuadCopter10.a(MagSS_n.o)
 .debug_info    0x000043be      0x19d .\CortexM0\ARM_GCC_541\Debug\QuadCopter10.a(LED5.o)
 .debug_info    0x0000455b      0x2e9 .\CortexM0\ARM_GCC_541\Debug\QuadCopter10.a(UART_LiDAR.o)
 .debug_info    0x00004844      0x421 .\CortexM0\ARM_GCC_541\Debug\QuadCopter10.a(UART_LiDAR_UART.o)
 .debug_info    0x00004c65      0x602 .\CortexM0\ARM_GCC_541\Debug\QuadCopter10.a(UART_BLE_SCB_IRQ.o)
 .debug_info    0x00005267      0x602 .\CortexM0\ARM_GCC_541\Debug\QuadCopter10.a(UART_LiDAR_SCB_IRQ.o)
 .debug_info    0x00005869      0xd40 .\CortexM0\ARM_GCC_541\Debug\QuadCopter10.a(CyLib.o)
 .debug_info    0x000065a9     0x1058 .\CortexM0\ARM_GCC_541\Debug\QuadCopter10.a(CyLFClk.o)
 .debug_info    0x00007601      0x5a5 .\CortexM0\ARM_GCC_541\Debug\QuadCopter10.a(A2D.o)
 .debug_info    0x00007ba6       0xcb .\CortexM0\ARM_GCC_541\Debug\QuadCopter10.a(A2D_INT.o)
 .debug_info    0x00007c71      0x19d .\CortexM0\ARM_GCC_541\Debug\QuadCopter10.a(LED6.o)
 .debug_info    0x00007e0e      0x61d .\CortexM0\ARM_GCC_541\Debug\QuadCopter10.a(WDT_ISR.o)
 .debug_info    0x0000842b      0x19d .\CortexM0\ARM_GCC_541\Debug\QuadCopter10.a(LED7.o)
 .debug_info    0x000085c8      0x19d .\CortexM0\ARM_GCC_541\Debug\QuadCopter10.a(LoRaEn_n.o)
 .debug_info    0x00008765      0x19d .\CortexM0\ARM_GCC_541\Debug\QuadCopter10.a(Alt_SS_n.o)
 .debug_info    0x00008902      0x56d .\CortexM0\ARM_GCC_541\Debug\QuadCopter10.a(AltISR.o)
 .debug_info    0x00008e6f      0x909 .\CortexM0\ARM_GCC_541\Debug\QuadCopter10.a(FRNTLFT_ESC.o)
 .debug_info    0x00009778      0x909 .\CortexM0\ARM_GCC_541\Debug\QuadCopter10.a(FRNTRGHT_ESC.o)
 .debug_info    0x0000a081      0x90a .\CortexM0\ARM_GCC_541\Debug\QuadCopter10.a(BCKLFT_ESC.o)
 .debug_info    0x0000a98b      0x909 .\CortexM0\ARM_GCC_541\Debug\QuadCopter10.a(BCKRGHT_ESC.o)
 .debug_info    0x0000b294      0x327 .\CortexM0\ARM_GCC_541\Debug\QuadCopter10.a(BckLftCnt.o)
 .debug_info    0x0000b5bb      0x5f3 .\CortexM0\ARM_GCC_541\Debug\QuadCopter10.a(A2D_rdy.o)
 .debug_info    0x0000bbae       0x9a .\CortexM0\ARM_GCC_541\Debug\QuadCopter10.a(CyBootAsmGnu.o)
 .debug_info    0x0000bc48       0xbe .\CortexM0\ARM_GCC_541\Debug\QuadCopter10.a(UART_BLE_SPI_UART_INT.o)
 .debug_info    0x0000bd06      0x220 .\CortexM0\ARM_GCC_541\Debug\QuadCopter10.a(UART_LiDAR_SPI_UART.o)
 .debug_info    0x0000bf26       0xbe .\CortexM0\ARM_GCC_541\Debug\QuadCopter10.a(UART_LiDAR_SPI_UART_INT.o)
 .debug_info    0x0000bfe4      0x350 .\CortexM0\ARM_GCC_541\Debug\QuadCopter10.a(CyFlash.o)

.debug_abbrev   0x00000000     0x3135
 *(.debug_abbrev)
 .debug_abbrev  0x00000000      0x24d .\CortexM0\ARM_GCC_541\Debug\main.o
 .debug_abbrev  0x0000024d      0x1cf .\CortexM0\ARM_GCC_541\Debug\cyfitter_cfg.o
 .debug_abbrev  0x0000041c       0x5d .\CortexM0\ARM_GCC_541\Debug\cymetadata.o
 .debug_abbrev  0x00000479      0x1d7 .\CortexM0\ARM_GCC_541\Debug\Cm0Start.o
 .debug_abbrev  0x00000650       0xc8 .\CortexM0\ARM_GCC_541\Debug\QuadCopter10.a(LED4.o)
 .debug_abbrev  0x00000718       0xc8 .\CortexM0\ARM_GCC_541\Debug\QuadCopter10.a(LED3.o)
 .debug_abbrev  0x000007e0       0xc8 .\CortexM0\ARM_GCC_541\Debug\QuadCopter10.a(LED2.o)
 .debug_abbrev  0x000008a8       0xc8 .\CortexM0\ARM_GCC_541\Debug\QuadCopter10.a(LED1.o)
 .debug_abbrev  0x00000970       0xc8 .\CortexM0\ARM_GCC_541\Debug\QuadCopter10.a(LED0.o)
 .debug_abbrev  0x00000a38       0xc8 .\CortexM0\ARM_GCC_541\Debug\QuadCopter10.a(InertINT.o)
 .debug_abbrev  0x00000b00      0x1cc .\CortexM0\ARM_GCC_541\Debug\QuadCopter10.a(GyroISR.o)
 .debug_abbrev  0x00000ccc       0xc8 .\CortexM0\ARM_GCC_541\Debug\QuadCopter10.a(GyroSS_n.o)
 .debug_abbrev  0x00000d94      0x118 .\CortexM0\ARM_GCC_541\Debug\QuadCopter10.a(UART_BLE.o)
 .debug_abbrev  0x00000eac      0x14f .\CortexM0\ARM_GCC_541\Debug\QuadCopter10.a(UART_BLE_SPI_UART.o)
 .debug_abbrev  0x00000ffb      0x145 .\CortexM0\ARM_GCC_541\Debug\QuadCopter10.a(UART_BLE_UART.o)
 .debug_abbrev  0x00001140       0xc8 .\CortexM0\ARM_GCC_541\Debug\QuadCopter10.a(MagSS_n.o)
 .debug_abbrev  0x00001208       0xc8 .\CortexM0\ARM_GCC_541\Debug\QuadCopter10.a(LED5.o)
 .debug_abbrev  0x000012d0      0x118 .\CortexM0\ARM_GCC_541\Debug\QuadCopter10.a(UART_LiDAR.o)
 .debug_abbrev  0x000013e8      0x145 .\CortexM0\ARM_GCC_541\Debug\QuadCopter10.a(UART_LiDAR_UART.o)
 .debug_abbrev  0x0000152d      0x206 .\CortexM0\ARM_GCC_541\Debug\QuadCopter10.a(UART_BLE_SCB_IRQ.o)
 .debug_abbrev  0x00001733      0x206 .\CortexM0\ARM_GCC_541\Debug\QuadCopter10.a(UART_LiDAR_SCB_IRQ.o)
 .debug_abbrev  0x00001939      0x20b .\CortexM0\ARM_GCC_541\Debug\QuadCopter10.a(CyLib.o)
 .debug_abbrev  0x00001b44      0x248 .\CortexM0\ARM_GCC_541\Debug\QuadCopter10.a(CyLFClk.o)
 .debug_abbrev  0x00001d8c      0x19e .\CortexM0\ARM_GCC_541\Debug\QuadCopter10.a(A2D.o)
 .debug_abbrev  0x00001f2a       0x65 .\CortexM0\ARM_GCC_541\Debug\QuadCopter10.a(A2D_INT.o)
 .debug_abbrev  0x00001f8f       0xc8 .\CortexM0\ARM_GCC_541\Debug\QuadCopter10.a(LED6.o)
 .debug_abbrev  0x00002057      0x1e6 .\CortexM0\ARM_GCC_541\Debug\QuadCopter10.a(WDT_ISR.o)
 .debug_abbrev  0x0000223d       0xc8 .\CortexM0\ARM_GCC_541\Debug\QuadCopter10.a(LED7.o)
 .debug_abbrev  0x00002305       0xc8 .\CortexM0\ARM_GCC_541\Debug\QuadCopter10.a(LoRaEn_n.o)
 .debug_abbrev  0x000023cd       0xc8 .\CortexM0\ARM_GCC_541\Debug\QuadCopter10.a(Alt_SS_n.o)
 .debug_abbrev  0x00002495      0x1a3 .\CortexM0\ARM_GCC_541\Debug\QuadCopter10.a(AltISR.o)
 .debug_abbrev  0x00002638      0x119 .\CortexM0\ARM_GCC_541\Debug\QuadCopter10.a(FRNTLFT_ESC.o)
 .debug_abbrev  0x00002751      0x119 .\CortexM0\ARM_GCC_541\Debug\QuadCopter10.a(FRNTRGHT_ESC.o)
 .debug_abbrev  0x0000286a      0x119 .\CortexM0\ARM_GCC_541\Debug\QuadCopter10.a(BCKLFT_ESC.o)
 .debug_abbrev  0x00002983      0x119 .\CortexM0\ARM_GCC_541\Debug\QuadCopter10.a(BCKRGHT_ESC.o)
 .debug_abbrev  0x00002a9c      0x117 .\CortexM0\ARM_GCC_541\Debug\QuadCopter10.a(BckLftCnt.o)
 .debug_abbrev  0x00002bb3      0x1bd .\CortexM0\ARM_GCC_541\Debug\QuadCopter10.a(A2D_rdy.o)
 .debug_abbrev  0x00002d70       0x14 .\CortexM0\ARM_GCC_541\Debug\QuadCopter10.a(CyBootAsmGnu.o)
 .debug_abbrev  0x00002d84       0x70 .\CortexM0\ARM_GCC_541\Debug\QuadCopter10.a(UART_BLE_SPI_UART_INT.o)
 .debug_abbrev  0x00002df4      0x14f .\CortexM0\ARM_GCC_541\Debug\QuadCopter10.a(UART_LiDAR_SPI_UART.o)
 .debug_abbrev  0x00002f43       0x70 .\CortexM0\ARM_GCC_541\Debug\QuadCopter10.a(UART_LiDAR_SPI_UART_INT.o)
 .debug_abbrev  0x00002fb3      0x182 .\CortexM0\ARM_GCC_541\Debug\QuadCopter10.a(CyFlash.o)

.debug_line     0x00000000     0x513a
 *(.debug_line)
 .debug_line    0x00000000      0xa11 .\CortexM0\ARM_GCC_541\Debug\main.o
 .debug_line    0x00000a11      0x1cd .\CortexM0\ARM_GCC_541\Debug\cyfitter_cfg.o
 .debug_line    0x00000bde      0x141 .\CortexM0\ARM_GCC_541\Debug\cymetadata.o
 .debug_line    0x00000d1f      0x236 .\CortexM0\ARM_GCC_541\Debug\Cm0Start.o
 .debug_line    0x00000f55       0xbc .\CortexM0\ARM_GCC_541\Debug\QuadCopter10.a(LED4.o)
 .debug_line    0x00001011       0xbc .\CortexM0\ARM_GCC_541\Debug\QuadCopter10.a(LED3.o)
 .debug_line    0x000010cd       0xbc .\CortexM0\ARM_GCC_541\Debug\QuadCopter10.a(LED2.o)
 .debug_line    0x00001189       0xbc .\CortexM0\ARM_GCC_541\Debug\QuadCopter10.a(LED1.o)
 .debug_line    0x00001245       0xbb .\CortexM0\ARM_GCC_541\Debug\QuadCopter10.a(LED0.o)
 .debug_line    0x00001300       0xc0 .\CortexM0\ARM_GCC_541\Debug\QuadCopter10.a(InertINT.o)
 .debug_line    0x000013c0      0x265 .\CortexM0\ARM_GCC_541\Debug\QuadCopter10.a(GyroISR.o)
 .debug_line    0x00001625       0xc0 .\CortexM0\ARM_GCC_541\Debug\QuadCopter10.a(GyroSS_n.o)
 .debug_line    0x000016e5      0x144 .\CortexM0\ARM_GCC_541\Debug\QuadCopter10.a(UART_BLE.o)
 .debug_line    0x00001829      0x11e .\CortexM0\ARM_GCC_541\Debug\QuadCopter10.a(UART_BLE_SPI_UART.o)
 .debug_line    0x00001947      0x1e9 .\CortexM0\ARM_GCC_541\Debug\QuadCopter10.a(UART_BLE_UART.o)
 .debug_line    0x00001b30       0xbf .\CortexM0\ARM_GCC_541\Debug\QuadCopter10.a(MagSS_n.o)
 .debug_line    0x00001bef       0xbc .\CortexM0\ARM_GCC_541\Debug\QuadCopter10.a(LED5.o)
 .debug_line    0x00001cab      0x148 .\CortexM0\ARM_GCC_541\Debug\QuadCopter10.a(UART_LiDAR.o)
 .debug_line    0x00001df3      0x1ef .\CortexM0\ARM_GCC_541\Debug\QuadCopter10.a(UART_LiDAR_UART.o)
 .debug_line    0x00001fe2      0x2b0 .\CortexM0\ARM_GCC_541\Debug\QuadCopter10.a(UART_BLE_SCB_IRQ.o)
 .debug_line    0x00002292      0x2b4 .\CortexM0\ARM_GCC_541\Debug\QuadCopter10.a(UART_LiDAR_SCB_IRQ.o)
 .debug_line    0x00002546      0x563 .\CortexM0\ARM_GCC_541\Debug\QuadCopter10.a(CyLib.o)
 .debug_line    0x00002aa9      0x5d1 .\CortexM0\ARM_GCC_541\Debug\QuadCopter10.a(CyLFClk.o)
 .debug_line    0x0000307a      0x290 .\CortexM0\ARM_GCC_541\Debug\QuadCopter10.a(A2D.o)
 .debug_line    0x0000330a       0x62 .\CortexM0\ARM_GCC_541\Debug\QuadCopter10.a(A2D_INT.o)
 .debug_line    0x0000336c       0xbc .\CortexM0\ARM_GCC_541\Debug\QuadCopter10.a(LED6.o)
 .debug_line    0x00003428      0x26c .\CortexM0\ARM_GCC_541\Debug\QuadCopter10.a(WDT_ISR.o)
 .debug_line    0x00003694       0xbc .\CortexM0\ARM_GCC_541\Debug\QuadCopter10.a(LED7.o)
 .debug_line    0x00003750       0xc0 .\CortexM0\ARM_GCC_541\Debug\QuadCopter10.a(LoRaEn_n.o)
 .debug_line    0x00003810       0xc0 .\CortexM0\ARM_GCC_541\Debug\QuadCopter10.a(Alt_SS_n.o)
 .debug_line    0x000038d0      0x25c .\CortexM0\ARM_GCC_541\Debug\QuadCopter10.a(AltISR.o)
 .debug_line    0x00003b2c      0x384 .\CortexM0\ARM_GCC_541\Debug\QuadCopter10.a(FRNTLFT_ESC.o)
 .debug_line    0x00003eb0      0x385 .\CortexM0\ARM_GCC_541\Debug\QuadCopter10.a(FRNTRGHT_ESC.o)
 .debug_line    0x00004235      0x383 .\CortexM0\ARM_GCC_541\Debug\QuadCopter10.a(BCKLFT_ESC.o)
 .debug_line    0x000045b8      0x384 .\CortexM0\ARM_GCC_541\Debug\QuadCopter10.a(BCKRGHT_ESC.o)
 .debug_line    0x0000493c      0x192 .\CortexM0\ARM_GCC_541\Debug\QuadCopter10.a(BckLftCnt.o)
 .debug_line    0x00004ace      0x263 .\CortexM0\ARM_GCC_541\Debug\QuadCopter10.a(A2D_rdy.o)
 .debug_line    0x00004d31       0x68 .\CortexM0\ARM_GCC_541\Debug\QuadCopter10.a(CyBootAsmGnu.o)
 .debug_line    0x00004d99       0x85 .\CortexM0\ARM_GCC_541\Debug\QuadCopter10.a(UART_BLE_SPI_UART_INT.o)
 .debug_line    0x00004e1e      0x120 .\CortexM0\ARM_GCC_541\Debug\QuadCopter10.a(UART_LiDAR_SPI_UART.o)
 .debug_line    0x00004f3e       0x89 .\CortexM0\ARM_GCC_541\Debug\QuadCopter10.a(UART_LiDAR_SPI_UART_INT.o)
 .debug_line    0x00004fc7      0x173 .\CortexM0\ARM_GCC_541\Debug\QuadCopter10.a(CyFlash.o)

.debug_frame    0x00000000     0x358c
 *(.debug_frame)
 .debug_frame   0x00000000      0x3a8 .\CortexM0\ARM_GCC_541\Debug\main.o
 .debug_frame   0x000003a8       0xb4 .\CortexM0\ARM_GCC_541\Debug\cyfitter_cfg.o
 .debug_frame   0x0000045c       0xbc .\CortexM0\ARM_GCC_541\Debug\Cm0Start.o
 .debug_frame   0x00000518       0x70 .\CortexM0\ARM_GCC_541\Debug\QuadCopter10.a(LED4.o)
 .debug_frame   0x00000588       0x70 .\CortexM0\ARM_GCC_541\Debug\QuadCopter10.a(LED3.o)
 .debug_frame   0x000005f8       0x70 .\CortexM0\ARM_GCC_541\Debug\QuadCopter10.a(LED2.o)
 .debug_frame   0x00000668       0x70 .\CortexM0\ARM_GCC_541\Debug\QuadCopter10.a(LED1.o)
 .debug_frame   0x000006d8       0x70 .\CortexM0\ARM_GCC_541\Debug\QuadCopter10.a(LED0.o)
 .debug_frame   0x00000748       0x70 .\CortexM0\ARM_GCC_541\Debug\QuadCopter10.a(InertINT.o)
 .debug_frame   0x000007b8      0x11c .\CortexM0\ARM_GCC_541\Debug\QuadCopter10.a(GyroISR.o)
 .debug_frame   0x000008d4       0x70 .\CortexM0\ARM_GCC_541\Debug\QuadCopter10.a(GyroSS_n.o)
 .debug_frame   0x00000944      0x104 .\CortexM0\ARM_GCC_541\Debug\QuadCopter10.a(UART_BLE.o)
 .debug_frame   0x00000a48       0xb0 .\CortexM0\ARM_GCC_541\Debug\QuadCopter10.a(UART_BLE_SPI_UART.o)
 .debug_frame   0x00000af8      0x154 .\CortexM0\ARM_GCC_541\Debug\QuadCopter10.a(UART_BLE_UART.o)
 .debug_frame   0x00000c4c       0x70 .\CortexM0\ARM_GCC_541\Debug\QuadCopter10.a(MagSS_n.o)
 .debug_frame   0x00000cbc       0x70 .\CortexM0\ARM_GCC_541\Debug\QuadCopter10.a(LED5.o)
 .debug_frame   0x00000d2c      0x104 .\CortexM0\ARM_GCC_541\Debug\QuadCopter10.a(UART_LiDAR.o)
 .debug_frame   0x00000e30      0x154 .\CortexM0\ARM_GCC_541\Debug\QuadCopter10.a(UART_LiDAR_UART.o)
 .debug_frame   0x00000f84      0x120 .\CortexM0\ARM_GCC_541\Debug\QuadCopter10.a(UART_BLE_SCB_IRQ.o)
 .debug_frame   0x000010a4      0x120 .\CortexM0\ARM_GCC_541\Debug\QuadCopter10.a(UART_LiDAR_SCB_IRQ.o)
 .debug_frame   0x000011c4      0x48c .\CortexM0\ARM_GCC_541\Debug\QuadCopter10.a(CyLib.o)
 .debug_frame   0x00001650      0x4a4 .\CortexM0\ARM_GCC_541\Debug\QuadCopter10.a(CyLFClk.o)
 .debug_frame   0x00001af4      0x1b0 .\CortexM0\ARM_GCC_541\Debug\QuadCopter10.a(A2D.o)
 .debug_frame   0x00001ca4       0x20 .\CortexM0\ARM_GCC_541\Debug\QuadCopter10.a(A2D_INT.o)
 .debug_frame   0x00001cc4       0x70 .\CortexM0\ARM_GCC_541\Debug\QuadCopter10.a(LED6.o)
 .debug_frame   0x00001d34      0x11c .\CortexM0\ARM_GCC_541\Debug\QuadCopter10.a(WDT_ISR.o)
 .debug_frame   0x00001e50       0x70 .\CortexM0\ARM_GCC_541\Debug\QuadCopter10.a(LED7.o)
 .debug_frame   0x00001ec0       0x70 .\CortexM0\ARM_GCC_541\Debug\QuadCopter10.a(LoRaEn_n.o)
 .debug_frame   0x00001f30       0x70 .\CortexM0\ARM_GCC_541\Debug\QuadCopter10.a(Alt_SS_n.o)
 .debug_frame   0x00001fa0      0x11c .\CortexM0\ARM_GCC_541\Debug\QuadCopter10.a(AltISR.o)
 .debug_frame   0x000020bc      0x3a0 .\CortexM0\ARM_GCC_541\Debug\QuadCopter10.a(FRNTLFT_ESC.o)
 .debug_frame   0x0000245c      0x3a0 .\CortexM0\ARM_GCC_541\Debug\QuadCopter10.a(FRNTRGHT_ESC.o)
 .debug_frame   0x000027fc      0x3a0 .\CortexM0\ARM_GCC_541\Debug\QuadCopter10.a(BCKLFT_ESC.o)
 .debug_frame   0x00002b9c      0x3a0 .\CortexM0\ARM_GCC_541\Debug\QuadCopter10.a(BCKRGHT_ESC.o)
 .debug_frame   0x00002f3c      0x134 .\CortexM0\ARM_GCC_541\Debug\QuadCopter10.a(BckLftCnt.o)
 .debug_frame   0x00003070      0x11c .\CortexM0\ARM_GCC_541\Debug\QuadCopter10.a(A2D_rdy.o)
 .debug_frame   0x0000318c       0x2c .\CortexM0\ARM_GCC_541\Debug\QuadCopter10.a(UART_BLE_SPI_UART_INT.o)
 .debug_frame   0x000031b8       0xb0 .\CortexM0\ARM_GCC_541\Debug\QuadCopter10.a(UART_LiDAR_SPI_UART.o)
 .debug_frame   0x00003268       0x2c .\CortexM0\ARM_GCC_541\Debug\QuadCopter10.a(UART_LiDAR_SPI_UART_INT.o)
 .debug_frame   0x00003294       0x90 .\CortexM0\ARM_GCC_541\Debug\QuadCopter10.a(CyFlash.o)
 .debug_frame   0x00003324       0x20 c:/program files (x86)/cypress/psoc creator/4.3/psoc creator/import/gnu/arm/5.4.1/bin/../lib/gcc/arm-none-eabi/5.4.1/armv6-m\libgcc.a(_udivsi3.o)
 .debug_frame   0x00003344       0x20 c:/program files (x86)/cypress/psoc creator/4.3/psoc creator/import/gnu/arm/5.4.1/bin/../lib/gcc/arm-none-eabi/5.4.1/armv6-m\libgcc.a(_divsi3.o)
 .debug_frame   0x00003364       0x34 c:/program files (x86)/cypress/psoc creator/4.3/psoc creator/import/gnu/arm/5.4.1/bin/../lib/gcc/arm-none-eabi/5.4.1/armv6-m\libgcc.a(_muldi3.o)
 .debug_frame   0x00003398       0x30 c:/program files (x86)/cypress/psoc creator/4.3/psoc creator/import/gnu/arm/5.4.1/bin/../lib/gcc/arm-none-eabi/5.4.1/armv6-m\libgcc.a(bpabi.o)
 .debug_frame   0x000033c8       0x3c c:/program files (x86)/cypress/psoc creator/4.3/psoc creator/import/gnu/arm/5.4.1/bin/../lib/gcc/arm-none-eabi/5.4.1/armv6-m\libgcc.a(divsf3.o)
 .debug_frame   0x00003404       0x38 c:/program files (x86)/cypress/psoc creator/4.3/psoc creator/import/gnu/arm/5.4.1/bin/../lib/gcc/arm-none-eabi/5.4.1/armv6-m\libgcc.a(mulsf3.o)
 .debug_frame   0x0000343c       0x2c c:/program files (x86)/cypress/psoc creator/4.3/psoc creator/import/gnu/arm/5.4.1/bin/../lib/gcc/arm-none-eabi/5.4.1/armv6-m\libgcc.a(floatsisf.o)
 .debug_frame   0x00003468       0x3c c:/program files (x86)/cypress/psoc creator/4.3/psoc creator/import/gnu/arm/5.4.1/bin/../lib/gcc/arm-none-eabi/5.4.1/armv6-m\libgcc.a(_divdi3.o)
 .debug_frame   0x000034a4       0x20 c:/program files (x86)/cypress/psoc creator/4.3/psoc creator/import/gnu/arm/5.4.1/bin/../lib/gcc/arm-none-eabi/5.4.1/../../../../arm-none-eabi/lib/armv6-m\libg_nano.a(lib_a-errno.o)
 .debug_frame   0x000034c4       0x28 c:/program files (x86)/cypress/psoc creator/4.3/psoc creator/import/gnu/arm/5.4.1/bin/../lib/gcc/arm-none-eabi/5.4.1/../../../../arm-none-eabi/lib/armv6-m\libg_nano.a(lib_a-exit.o)
 .debug_frame   0x000034ec       0x2c c:/program files (x86)/cypress/psoc creator/4.3/psoc creator/import/gnu/arm/5.4.1/bin/../lib/gcc/arm-none-eabi/5.4.1/../../../../arm-none-eabi/lib/armv6-m\libg_nano.a(lib_a-init.o)
 .debug_frame   0x00003518       0x28 c:/program files (x86)/cypress/psoc creator/4.3/psoc creator/import/gnu/arm/5.4.1/bin/../lib/gcc/arm-none-eabi/5.4.1/../../../../arm-none-eabi/lib/armv6-m\libg_nano.a(lib_a-memcpy-stub.o)
 .debug_frame   0x00003540       0x20 c:/program files (x86)/cypress/psoc creator/4.3/psoc creator/import/gnu/arm/5.4.1/bin/../lib/gcc/arm-none-eabi/5.4.1/../../../../arm-none-eabi/lib/armv6-m\libg_nano.a(lib_a-memset.o)
 .debug_frame   0x00003560       0x2c c:/program files (x86)/cypress/psoc creator/4.3/psoc creator/import/gnu/arm/5.4.1/bin/../lib/gcc/arm-none-eabi/5.4.1/../../../../arm-none-eabi/lib/armv6-m\libg_nano.a(lib_a-strncmp.o)

.debug_str      0x00000000     0x4880
 *(.debug_str)
 .debug_str     0x00000000      0xd8e .\CortexM0\ARM_GCC_541\Debug\main.o
                                0xeda (size before relaxing)
 .debug_str     0x00000d8e      0x134 .\CortexM0\ARM_GCC_541\Debug\cyfitter_cfg.o
                                0x311 (size before relaxing)
 .debug_str     0x00000ec2       0x59 .\CortexM0\ARM_GCC_541\Debug\cymetadata.o
                                0x1d2 (size before relaxing)
 .debug_str     0x00000f1b      0x13a .\CortexM0\ARM_GCC_541\Debug\Cm0Start.o
                                0x30b (size before relaxing)
 .debug_str     0x00001055       0x99 .\CortexM0\ARM_GCC_541\Debug\QuadCopter10.a(LED4.o)
                                0x239 (size before relaxing)
 .debug_str     0x000010ee       0x75 .\CortexM0\ARM_GCC_541\Debug\QuadCopter10.a(LED3.o)
                                0x239 (size before relaxing)
 .debug_str     0x00001163       0x75 .\CortexM0\ARM_GCC_541\Debug\QuadCopter10.a(LED2.o)
                                0x239 (size before relaxing)
 .debug_str     0x000011d8       0x75 .\CortexM0\ARM_GCC_541\Debug\QuadCopter10.a(LED1.o)
                                0x239 (size before relaxing)
 .debug_str     0x0000124d       0x75 .\CortexM0\ARM_GCC_541\Debug\QuadCopter10.a(LED0.o)
                                0x239 (size before relaxing)
 .debug_str     0x000012c2       0x8e .\CortexM0\ARM_GCC_541\Debug\QuadCopter10.a(InertINT.o)
                                0x255 (size before relaxing)
 .debug_str     0x00001350      0x107 .\CortexM0\ARM_GCC_541\Debug\QuadCopter10.a(GyroISR.o)
                                0x522 (size before relaxing)
 .debug_str     0x00001457       0x8d .\CortexM0\ARM_GCC_541\Debug\QuadCopter10.a(GyroSS_n.o)
                                0x255 (size before relaxing)
 .debug_str     0x000014e4      0x1b0 .\CortexM0\ARM_GCC_541\Debug\QuadCopter10.a(UART_BLE.o)
                                0x35e (size before relaxing)
 .debug_str     0x00001694      0x141 .\CortexM0\ARM_GCC_541\Debug\QuadCopter10.a(UART_BLE_SPI_UART.o)
                                0x300 (size before relaxing)
 .debug_str     0x000017d5      0x1ed .\CortexM0\ARM_GCC_541\Debug\QuadCopter10.a(UART_BLE_UART.o)
                                0x455 (size before relaxing)
 .debug_str     0x000019c2       0x87 .\CortexM0\ARM_GCC_541\Debug\QuadCopter10.a(MagSS_n.o)
                                0x24e (size before relaxing)
 .debug_str     0x00001a49       0x75 .\CortexM0\ARM_GCC_541\Debug\QuadCopter10.a(LED5.o)
                                0x239 (size before relaxing)
 .debug_str     0x00001abe      0x184 .\CortexM0\ARM_GCC_541\Debug\QuadCopter10.a(UART_LiDAR.o)
                                0x380 (size before relaxing)
 .debug_str     0x00001c42      0x1cf .\CortexM0\ARM_GCC_541\Debug\QuadCopter10.a(UART_LiDAR_UART.o)
                                0x47d (size before relaxing)
 .debug_str     0x00001e11      0x174 .\CortexM0\ARM_GCC_541\Debug\QuadCopter10.a(UART_BLE_SCB_IRQ.o)
                                0x5e0 (size before relaxing)
 .debug_str     0x00001f85      0x183 .\CortexM0\ARM_GCC_541\Debug\QuadCopter10.a(UART_LiDAR_SCB_IRQ.o)
                                0x600 (size before relaxing)
 .debug_str     0x00002108      0x58e .\CortexM0\ARM_GCC_541\Debug\QuadCopter10.a(CyLib.o)
                                0x807 (size before relaxing)
 .debug_str     0x00002696      0x6cb .\CortexM0\ARM_GCC_541\Debug\QuadCopter10.a(CyLFClk.o)
                                0x927 (size before relaxing)
 .debug_str     0x00002d61      0x1ca .\CortexM0\ARM_GCC_541\Debug\QuadCopter10.a(A2D.o)
                                0x3e2 (size before relaxing)
 .debug_str     0x00002f2b       0x35 .\CortexM0\ARM_GCC_541\Debug\QuadCopter10.a(A2D_INT.o)
                                0x1c7 (size before relaxing)
 .debug_str     0x00002f60       0x75 .\CortexM0\ARM_GCC_541\Debug\QuadCopter10.a(LED6.o)
                                0x239 (size before relaxing)
 .debug_str     0x00002fd5       0xf4 .\CortexM0\ARM_GCC_541\Debug\QuadCopter10.a(WDT_ISR.o)
                                0x56f (size before relaxing)
 .debug_str     0x000030c9       0x75 .\CortexM0\ARM_GCC_541\Debug\QuadCopter10.a(LED7.o)
                                0x239 (size before relaxing)
 .debug_str     0x0000313e       0x8d .\CortexM0\ARM_GCC_541\Debug\QuadCopter10.a(LoRaEn_n.o)
                                0x255 (size before relaxing)
 .debug_str     0x000031cb       0x8d .\CortexM0\ARM_GCC_541\Debug\QuadCopter10.a(Alt_SS_n.o)
                                0x255 (size before relaxing)
 .debug_str     0x00003258       0xe7 .\CortexM0\ARM_GCC_541\Debug\QuadCopter10.a(AltISR.o)
                                0x4b9 (size before relaxing)
 .debug_str     0x0000333f      0x4b7 .\CortexM0\ARM_GCC_541\Debug\QuadCopter10.a(FRNTLFT_ESC.o)
                                0x6b7 (size before relaxing)
 .debug_str     0x000037f6      0x420 .\CortexM0\ARM_GCC_541\Debug\QuadCopter10.a(FRNTRGHT_ESC.o)
                                0x6e1 (size before relaxing)
 .debug_str     0x00003c16      0x3d0 .\CortexM0\ARM_GCC_541\Debug\QuadCopter10.a(BCKLFT_ESC.o)
                                0x68d (size before relaxing)
 .debug_str     0x00003fe6      0x3f8 .\CortexM0\ARM_GCC_541\Debug\QuadCopter10.a(BCKRGHT_ESC.o)
                                0x6b7 (size before relaxing)
 .debug_str     0x000043de      0x198 .\CortexM0\ARM_GCC_541\Debug\QuadCopter10.a(BckLftCnt.o)
                                0x3a1 (size before relaxing)
 .debug_str     0x00004576       0xf4 .\CortexM0\ARM_GCC_541\Debug\QuadCopter10.a(A2D_rdy.o)
                                0x532 (size before relaxing)
 .debug_str     0x0000466a       0x45 .\CortexM0\ARM_GCC_541\Debug\QuadCopter10.a(UART_BLE_SPI_UART_INT.o)
                                0x1f2 (size before relaxing)
 .debug_str     0x000046af       0xe8 .\CortexM0\ARM_GCC_541\Debug\QuadCopter10.a(UART_LiDAR_SPI_UART.o)
                                0x314 (size before relaxing)
 .debug_str     0x00004797       0x49 .\CortexM0\ARM_GCC_541\Debug\QuadCopter10.a(UART_LiDAR_SPI_UART_INT.o)
                                0x1f8 (size before relaxing)
 .debug_str     0x000047e0       0xa0 .\CortexM0\ARM_GCC_541\Debug\QuadCopter10.a(CyFlash.o)
                                0x2ba (size before relaxing)

.debug_loc      0x00000000     0x5509
 *(.debug_loc)
 .debug_loc     0x00000000      0xedf .\CortexM0\ARM_GCC_541\Debug\main.o
 .debug_loc     0x00000edf      0x136 .\CortexM0\ARM_GCC_541\Debug\cyfitter_cfg.o
 .debug_loc     0x00001015      0x14f .\CortexM0\ARM_GCC_541\Debug\Cm0Start.o
 .debug_loc     0x00001164       0xa2 .\CortexM0\ARM_GCC_541\Debug\QuadCopter10.a(LED4.o)
 .debug_loc     0x00001206       0xa2 .\CortexM0\ARM_GCC_541\Debug\QuadCopter10.a(LED3.o)
 .debug_loc     0x000012a8       0xa2 .\CortexM0\ARM_GCC_541\Debug\QuadCopter10.a(LED2.o)
 .debug_loc     0x0000134a       0xa2 .\CortexM0\ARM_GCC_541\Debug\QuadCopter10.a(LED1.o)
 .debug_loc     0x000013ec       0x81 .\CortexM0\ARM_GCC_541\Debug\QuadCopter10.a(LED0.o)
 .debug_loc     0x0000146d       0xa2 .\CortexM0\ARM_GCC_541\Debug\QuadCopter10.a(InertINT.o)
 .debug_loc     0x0000150f       0x82 .\CortexM0\ARM_GCC_541\Debug\QuadCopter10.a(GyroISR.o)
 .debug_loc     0x00001591       0xa2 .\CortexM0\ARM_GCC_541\Debug\QuadCopter10.a(GyroSS_n.o)
 .debug_loc     0x00001633       0x7e .\CortexM0\ARM_GCC_541\Debug\QuadCopter10.a(UART_BLE.o)
 .debug_loc     0x000016b1       0x96 .\CortexM0\ARM_GCC_541\Debug\QuadCopter10.a(UART_BLE_SPI_UART.o)
 .debug_loc     0x00001747      0x223 .\CortexM0\ARM_GCC_541\Debug\QuadCopter10.a(UART_BLE_UART.o)
 .debug_loc     0x0000196a       0xa2 .\CortexM0\ARM_GCC_541\Debug\QuadCopter10.a(MagSS_n.o)
 .debug_loc     0x00001a0c       0xa2 .\CortexM0\ARM_GCC_541\Debug\QuadCopter10.a(LED5.o)
 .debug_loc     0x00001aae       0x7e .\CortexM0\ARM_GCC_541\Debug\QuadCopter10.a(UART_LiDAR.o)
 .debug_loc     0x00001b2c      0x223 .\CortexM0\ARM_GCC_541\Debug\QuadCopter10.a(UART_LiDAR_UART.o)
 .debug_loc     0x00001d4f       0xdf .\CortexM0\ARM_GCC_541\Debug\QuadCopter10.a(UART_BLE_SCB_IRQ.o)
 .debug_loc     0x00001e2e       0xdf .\CortexM0\ARM_GCC_541\Debug\QuadCopter10.a(UART_LiDAR_SCB_IRQ.o)
 .debug_loc     0x00001f0d      0x81c .\CortexM0\ARM_GCC_541\Debug\QuadCopter10.a(CyLib.o)
 .debug_loc     0x00002729      0xdb7 .\CortexM0\ARM_GCC_541\Debug\QuadCopter10.a(CyLFClk.o)
 .debug_loc     0x000034e0      0x4ba .\CortexM0\ARM_GCC_541\Debug\QuadCopter10.a(A2D.o)
 .debug_loc     0x0000399a       0xa2 .\CortexM0\ARM_GCC_541\Debug\QuadCopter10.a(LED6.o)
 .debug_loc     0x00003a3c       0xa0 .\CortexM0\ARM_GCC_541\Debug\QuadCopter10.a(WDT_ISR.o)
 .debug_loc     0x00003adc       0xa2 .\CortexM0\ARM_GCC_541\Debug\QuadCopter10.a(LED7.o)
 .debug_loc     0x00003b7e       0xa2 .\CortexM0\ARM_GCC_541\Debug\QuadCopter10.a(LoRaEn_n.o)
 .debug_loc     0x00003c20       0xa2 .\CortexM0\ARM_GCC_541\Debug\QuadCopter10.a(Alt_SS_n.o)
 .debug_loc     0x00003cc2       0x82 .\CortexM0\ARM_GCC_541\Debug\QuadCopter10.a(AltISR.o)
 .debug_loc     0x00003d44      0x547 .\CortexM0\ARM_GCC_541\Debug\QuadCopter10.a(FRNTLFT_ESC.o)
 .debug_loc     0x0000428b      0x547 .\CortexM0\ARM_GCC_541\Debug\QuadCopter10.a(FRNTRGHT_ESC.o)
 .debug_loc     0x000047d2      0x547 .\CortexM0\ARM_GCC_541\Debug\QuadCopter10.a(BCKLFT_ESC.o)
 .debug_loc     0x00004d19      0x547 .\CortexM0\ARM_GCC_541\Debug\QuadCopter10.a(BCKRGHT_ESC.o)
 .debug_loc     0x00005260       0x31 .\CortexM0\ARM_GCC_541\Debug\QuadCopter10.a(BckLftCnt.o)
 .debug_loc     0x00005291       0x82 .\CortexM0\ARM_GCC_541\Debug\QuadCopter10.a(A2D_rdy.o)
 .debug_loc     0x00005313       0x96 .\CortexM0\ARM_GCC_541\Debug\QuadCopter10.a(UART_LiDAR_SPI_UART.o)
 .debug_loc     0x000053a9      0x160 .\CortexM0\ARM_GCC_541\Debug\QuadCopter10.a(CyFlash.o)

.debug_macinfo
 *(.debug_macinfo)

.debug_ranges   0x00000000     0x12f8
 *(.debug_ranges)
 .debug_ranges  0x00000000       0xf0 .\CortexM0\ARM_GCC_541\Debug\main.o
 .debug_ranges  0x000000f0       0x38 .\CortexM0\ARM_GCC_541\Debug\cyfitter_cfg.o
 .debug_ranges  0x00000128       0x38 .\CortexM0\ARM_GCC_541\Debug\Cm0Start.o
 .debug_ranges  0x00000160       0x38 .\CortexM0\ARM_GCC_541\Debug\QuadCopter10.a(LED4.o)
 .debug_ranges  0x00000198       0x38 .\CortexM0\ARM_GCC_541\Debug\QuadCopter10.a(LED3.o)
 .debug_ranges  0x000001d0       0x38 .\CortexM0\ARM_GCC_541\Debug\QuadCopter10.a(LED2.o)
 .debug_ranges  0x00000208       0x38 .\CortexM0\ARM_GCC_541\Debug\QuadCopter10.a(LED1.o)
 .debug_ranges  0x00000240       0x38 .\CortexM0\ARM_GCC_541\Debug\QuadCopter10.a(LED0.o)
 .debug_ranges  0x00000278       0x38 .\CortexM0\ARM_GCC_541\Debug\QuadCopter10.a(InertINT.o)
 .debug_ranges  0x000002b0       0x70 .\CortexM0\ARM_GCC_541\Debug\QuadCopter10.a(GyroISR.o)
 .debug_ranges  0x00000320       0x38 .\CortexM0\ARM_GCC_541\Debug\QuadCopter10.a(GyroSS_n.o)
 .debug_ranges  0x00000358       0x58 .\CortexM0\ARM_GCC_541\Debug\QuadCopter10.a(UART_BLE.o)
 .debug_ranges  0x000003b0       0x50 .\CortexM0\ARM_GCC_541\Debug\QuadCopter10.a(UART_BLE_SPI_UART.o)
 .debug_ranges  0x00000400       0x80 .\CortexM0\ARM_GCC_541\Debug\QuadCopter10.a(UART_BLE_UART.o)
 .debug_ranges  0x00000480       0x38 .\CortexM0\ARM_GCC_541\Debug\QuadCopter10.a(MagSS_n.o)
 .debug_ranges  0x000004b8       0x38 .\CortexM0\ARM_GCC_541\Debug\QuadCopter10.a(LED5.o)
 .debug_ranges  0x000004f0       0x58 .\CortexM0\ARM_GCC_541\Debug\QuadCopter10.a(UART_LiDAR.o)
 .debug_ranges  0x00000548       0x80 .\CortexM0\ARM_GCC_541\Debug\QuadCopter10.a(UART_LiDAR_UART.o)
 .debug_ranges  0x000005c8       0x70 .\CortexM0\ARM_GCC_541\Debug\QuadCopter10.a(UART_BLE_SCB_IRQ.o)
 .debug_ranges  0x00000638       0x70 .\CortexM0\ARM_GCC_541\Debug\QuadCopter10.a(UART_LiDAR_SCB_IRQ.o)
 .debug_ranges  0x000006a8      0x1b8 .\CortexM0\ARM_GCC_541\Debug\QuadCopter10.a(CyLib.o)
 .debug_ranges  0x00000860      0x178 .\CortexM0\ARM_GCC_541\Debug\QuadCopter10.a(CyLFClk.o)
 .debug_ranges  0x000009d8       0x98 .\CortexM0\ARM_GCC_541\Debug\QuadCopter10.a(A2D.o)
 .debug_ranges  0x00000a70       0x10 .\CortexM0\ARM_GCC_541\Debug\QuadCopter10.a(A2D_INT.o)
 .debug_ranges  0x00000a80       0x38 .\CortexM0\ARM_GCC_541\Debug\QuadCopter10.a(LED6.o)
 .debug_ranges  0x00000ab8       0x70 .\CortexM0\ARM_GCC_541\Debug\QuadCopter10.a(WDT_ISR.o)
 .debug_ranges  0x00000b28       0x38 .\CortexM0\ARM_GCC_541\Debug\QuadCopter10.a(LED7.o)
 .debug_ranges  0x00000b60       0x38 .\CortexM0\ARM_GCC_541\Debug\QuadCopter10.a(LoRaEn_n.o)
 .debug_ranges  0x00000b98       0x38 .\CortexM0\ARM_GCC_541\Debug\QuadCopter10.a(Alt_SS_n.o)
 .debug_ranges  0x00000bd0       0x70 .\CortexM0\ARM_GCC_541\Debug\QuadCopter10.a(AltISR.o)
 .debug_ranges  0x00000c40      0x148 .\CortexM0\ARM_GCC_541\Debug\QuadCopter10.a(FRNTLFT_ESC.o)
 .debug_ranges  0x00000d88      0x148 .\CortexM0\ARM_GCC_541\Debug\QuadCopter10.a(FRNTRGHT_ESC.o)
 .debug_ranges  0x00000ed0      0x148 .\CortexM0\ARM_GCC_541\Debug\QuadCopter10.a(BCKLFT_ESC.o)
 .debug_ranges  0x00001018      0x148 .\CortexM0\ARM_GCC_541\Debug\QuadCopter10.a(BCKRGHT_ESC.o)
 .debug_ranges  0x00001160       0x88 .\CortexM0\ARM_GCC_541\Debug\QuadCopter10.a(BckLftCnt.o)
 .debug_ranges  0x000011e8       0x70 .\CortexM0\ARM_GCC_541\Debug\QuadCopter10.a(A2D_rdy.o)
 .debug_ranges  0x00001258       0x10 .\CortexM0\ARM_GCC_541\Debug\QuadCopter10.a(UART_BLE_SPI_UART_INT.o)
 .debug_ranges  0x00001268       0x50 .\CortexM0\ARM_GCC_541\Debug\QuadCopter10.a(UART_LiDAR_SPI_UART.o)
 .debug_ranges  0x000012b8       0x10 .\CortexM0\ARM_GCC_541\Debug\QuadCopter10.a(UART_LiDAR_SPI_UART_INT.o)
 .debug_ranges  0x000012c8       0x30 .\CortexM0\ARM_GCC_541\Debug\QuadCopter10.a(CyFlash.o)

.comment        0x00000000       0x6e
 .comment       0x00000000       0x6e .\CortexM0\ARM_GCC_541\Debug\main.o
                                 0x6f (size before relaxing)
 .comment       0x0000006e       0x6f .\CortexM0\ARM_GCC_541\Debug\cyfitter_cfg.o
 .comment       0x0000006e       0x6f .\CortexM0\ARM_GCC_541\Debug\cymetadata.o
 .comment       0x0000006e       0x6f .\CortexM0\ARM_GCC_541\Debug\Cm0Start.o
 .comment       0x0000006e       0x6f .\CortexM0\ARM_GCC_541\Debug\QuadCopter10.a(LED4.o)
 .comment       0x0000006e       0x6f .\CortexM0\ARM_GCC_541\Debug\QuadCopter10.a(LED3.o)
 .comment       0x0000006e       0x6f .\CortexM0\ARM_GCC_541\Debug\QuadCopter10.a(LED2.o)
 .comment       0x0000006e       0x6f .\CortexM0\ARM_GCC_541\Debug\QuadCopter10.a(LED1.o)
 .comment       0x0000006e       0x6f .\CortexM0\ARM_GCC_541\Debug\QuadCopter10.a(LED0.o)
 .comment       0x0000006e       0x6f .\CortexM0\ARM_GCC_541\Debug\QuadCopter10.a(InertINT.o)